Component: ARM Compiler 5.06 update 5 (build 528) Tool: armlink [4d35e2]

==============================================================================

Section Cross References

    system_stm32f4xx.o(i.SystemCoreClockUpdate) refers to system_stm32f4xx.o(.data) for .data
    system_stm32f4xx.o(i.SystemInit) refers to system_stm32f4xx.o(i.SetSysClock) for SetSysClock
    startup_stm32f40_41xxx.o(RESET) refers to startup_stm32f40_41xxx.o(STACK) for __initial_sp
    startup_stm32f40_41xxx.o(RESET) refers to startup_stm32f40_41xxx.o(.text) for Reset_Handler
    startup_stm32f40_41xxx.o(RESET) refers to stm32f4xx_it.o(i.NMI_Handler) for NMI_Handler
    startup_stm32f40_41xxx.o(RESET) refers to stm32f4xx_it.o(i.HardFault_Handler) for HardFault_Handler
    startup_stm32f40_41xxx.o(RESET) refers to stm32f4xx_it.o(i.MemManage_Handler) for MemManage_Handler
    startup_stm32f40_41xxx.o(RESET) refers to stm32f4xx_it.o(i.BusFault_Handler) for BusFault_Handler
    startup_stm32f40_41xxx.o(RESET) refers to stm32f4xx_it.o(i.UsageFault_Handler) for UsageFault_Handler
    startup_stm32f40_41xxx.o(RESET) refers to port.o(.emb_text) for SVC_Handler
    startup_stm32f40_41xxx.o(RESET) refers to stm32f4xx_it.o(i.DebugMon_Handler) for DebugMon_Handler
    startup_stm32f40_41xxx.o(RESET) refers to port.o(i.SysTick_Handler) for SysTick_Handler
    startup_stm32f40_41xxx.o(RESET) refers to usart_1.o(i.USART1_IRQHandler) for USART1_IRQHandler
    startup_stm32f40_41xxx.o(RESET) refers to uart_5.o(i.UART5_IRQHandler) for UART5_IRQHandler
    startup_stm32f40_41xxx.o(.text) refers to system_stm32f4xx.o(i.SystemInit) for SystemInit
    startup_stm32f40_41xxx.o(.text) refers to entry.o(.ARM.Collect$$$$00000000) for __main
    stm32f4xx_adc.o(i.ADC_DeInit) refers to stm32f4xx_rcc.o(i.RCC_APB2PeriphResetCmd) for RCC_APB2PeriphResetCmd
    stm32f4xx_can.o(i.CAN_DeInit) refers to stm32f4xx_rcc.o(i.RCC_APB1PeriphResetCmd) for RCC_APB1PeriphResetCmd
    stm32f4xx_can.o(i.CAN_GetITStatus) refers to stm32f4xx_can.o(i.CheckITStatus) for CheckITStatus
    stm32f4xx_cryp.o(i.CRYP_DeInit) refers to stm32f4xx_rcc.o(i.RCC_AHB2PeriphResetCmd) for RCC_AHB2PeriphResetCmd
    stm32f4xx_cryp_aes.o(i.CRYP_AES_CBC) refers to stm32f4xx_cryp.o(i.CRYP_KeyStructInit) for CRYP_KeyStructInit
    stm32f4xx_cryp_aes.o(i.CRYP_AES_CBC) refers to stm32f4xx_cryp.o(i.CRYP_KeyInit) for CRYP_KeyInit
    stm32f4xx_cryp_aes.o(i.CRYP_AES_CBC) refers to stm32f4xx_cryp.o(i.CRYP_Init) for CRYP_Init
    stm32f4xx_cryp_aes.o(i.CRYP_AES_CBC) refers to stm32f4xx_cryp.o(i.CRYP_IVInit) for CRYP_IVInit
    stm32f4xx_cryp_aes.o(i.CRYP_AES_CBC) refers to stm32f4xx_cryp.o(i.CRYP_FIFOFlush) for CRYP_FIFOFlush
    stm32f4xx_cryp_aes.o(i.CRYP_AES_CBC) refers to stm32f4xx_cryp.o(i.CRYP_Cmd) for CRYP_Cmd
    stm32f4xx_cryp_aes.o(i.CRYP_AES_CBC) refers to stm32f4xx_cryp.o(i.CRYP_GetCmdStatus) for CRYP_GetCmdStatus
    stm32f4xx_cryp_aes.o(i.CRYP_AES_CBC) refers to stm32f4xx_cryp.o(i.CRYP_GetFlagStatus) for CRYP_GetFlagStatus
    stm32f4xx_cryp_aes.o(i.CRYP_AES_CBC) refers to stm32f4xx_cryp.o(i.CRYP_DataIn) for CRYP_DataIn
    stm32f4xx_cryp_aes.o(i.CRYP_AES_CBC) refers to stm32f4xx_cryp.o(i.CRYP_DataOut) for CRYP_DataOut
    stm32f4xx_cryp_aes.o(i.CRYP_AES_CCM) refers to stm32f4xx_cryp.o(i.CRYP_KeyStructInit) for CRYP_KeyStructInit
    stm32f4xx_cryp_aes.o(i.CRYP_AES_CCM) refers to stm32f4xx_cryp.o(i.CRYP_FIFOFlush) for CRYP_FIFOFlush
    stm32f4xx_cryp_aes.o(i.CRYP_AES_CCM) refers to stm32f4xx_cryp.o(i.CRYP_KeyInit) for CRYP_KeyInit
    stm32f4xx_cryp_aes.o(i.CRYP_AES_CCM) refers to stm32f4xx_cryp.o(i.CRYP_IVInit) for CRYP_IVInit
    stm32f4xx_cryp_aes.o(i.CRYP_AES_CCM) refers to stm32f4xx_cryp.o(i.CRYP_Init) for CRYP_Init
    stm32f4xx_cryp_aes.o(i.CRYP_AES_CCM) refers to stm32f4xx_cryp.o(i.CRYP_PhaseConfig) for CRYP_PhaseConfig
    stm32f4xx_cryp_aes.o(i.CRYP_AES_CCM) refers to stm32f4xx_cryp.o(i.CRYP_DataIn) for CRYP_DataIn
    stm32f4xx_cryp_aes.o(i.CRYP_AES_CCM) refers to stm32f4xx_cryp.o(i.CRYP_Cmd) for CRYP_Cmd
    stm32f4xx_cryp_aes.o(i.CRYP_AES_CCM) refers to stm32f4xx_cryp.o(i.CRYP_GetCmdStatus) for CRYP_GetCmdStatus
    stm32f4xx_cryp_aes.o(i.CRYP_AES_CCM) refers to stm32f4xx_cryp.o(i.CRYP_GetFlagStatus) for CRYP_GetFlagStatus
    stm32f4xx_cryp_aes.o(i.CRYP_AES_CCM) refers to stm32f4xx_cryp.o(i.CRYP_DataOut) for CRYP_DataOut
    stm32f4xx_cryp_aes.o(i.CRYP_AES_CTR) refers to stm32f4xx_cryp.o(i.CRYP_KeyStructInit) for CRYP_KeyStructInit
    stm32f4xx_cryp_aes.o(i.CRYP_AES_CTR) refers to stm32f4xx_cryp.o(i.CRYP_KeyInit) for CRYP_KeyInit
    stm32f4xx_cryp_aes.o(i.CRYP_AES_CTR) refers to stm32f4xx_cryp.o(i.CRYP_Init) for CRYP_Init
    stm32f4xx_cryp_aes.o(i.CRYP_AES_CTR) refers to stm32f4xx_cryp.o(i.CRYP_IVInit) for CRYP_IVInit
    stm32f4xx_cryp_aes.o(i.CRYP_AES_CTR) refers to stm32f4xx_cryp.o(i.CRYP_FIFOFlush) for CRYP_FIFOFlush
    stm32f4xx_cryp_aes.o(i.CRYP_AES_CTR) refers to stm32f4xx_cryp.o(i.CRYP_Cmd) for CRYP_Cmd
[...]
    Hardware\USART_1.c                       0x00000000   Number         0  usart_1.o ABSOLUTE
    Hardware\\AHT10.c                        0x00000000   Number         0  aht10.o ABSOLUTE
    Hardware\\BH1750.c                       0x00000000   Number         0  bh1750.o ABSOLUTE
    Hardware\\BMP280.c                       0x00000000   Number         0  bmp280.o ABSOLUTE
    Hardware\\IIC_1.c                        0x00000000   Number         0  iic_1.o ABSOLUTE
    Hardware\\SPI_1.c                        0x00000000   Number         0  spi_1.o ABSOLUTE
    Hardware\\UART_5.c                       0x00000000   Number         0  uart_5.o ABSOLUTE
    Hardware\\USART_1.c                      0x00000000   Number         0  usart_1.o ABSOLUTE
    Hardware\\sgp30.c                        0x00000000   Number         0  sgp30.o ABSOLUTE
    Hardware\sgp30.c                         0x00000000   Number         0  sgp30.o ABSOLUTE
    System\Delay.c                           0x00000000   Number         0  delay.o ABSOLUTE
    System\\Delay.c                          0x00000000   Number         0  delay.o ABSOLUTE
    User\\main.c                             0x00000000   Number         0  main.o ABSOLUTE
    User\\stm32f4xx_it.c                     0x00000000   Number         0  stm32f4xx_it.o ABSOLUTE
    User\main.c                              0x00000000   Number         0  main.o ABSOLUTE
    User\stm32f4xx_it.c                      0x00000000   Number         0  stm32f4xx_it.o ABSOLUTE
    cdrcmple.s                               0x00000000   Number         0  cdrcmple.o ABSOLUTE
    dc.s                                     0x00000000   Number         0  dc.o ABSOLUTE
    handlers.s                               0x00000000   Number         0  handlers.o ABSOLUTE
    init.s                                   0x00000000   Number         0  init.o ABSOLUTE
    RESET                                    0x08000000   Section      392  startup_stm32f40_41xxx.o(RESET)
    .ARM.Collect$$$$00000000                 0x08000188   Section        0  entry.o(.ARM.Collect$$$$00000000)
    .ARM.Collect$$$$00000001                 0x08000188   Section        4  entry2.o(.ARM.Collect$$$$00000001)
    .ARM.Collect$$$$00000004                 0x0800018c   Section        4  entry5.o(.ARM.Collect$$$$00000004)
    .ARM.Collect$$$$00000008                 0x08000190   Section        0  entry7b.o(.ARM.Collect$$$$00000008)
    .ARM.Collect$$$$0000000A                 0x08000190   Section        0  entry8b.o(.ARM.Collect$$$$0000000A)
    .ARM.Collect$$$$0000000B                 0x08000190   Section        8  entry9a.o(.ARM.Collect$$$$0000000B)
    .ARM.Collect$$$$0000000D                 0x08000198   Section        0  entry10a.o(.ARM.Collect$$$$0000000D)
    .ARM.Collect$$$$0000000F                 0x08000198   Section        0  entry11a.o(.ARM.Collect$$$$0000000F)
    .ARM.Collect$$$$00002712                 0x08000198   Section        4  entry2.o(.ARM.Collect$$$$00002712)
    __lit__00000000                          0x08000198   Data           4  entry2.o(.ARM.Collect$$$$00002712)
    .emb_text                                0x0800019c   Section      190  port.o(.emb_text)
    $v0                                      0x0800019c   Number         0  port.o(.emb_text)
    .text                                    0x0800025c   Section       36  startup_stm32f40_41xxx.o(.text)
    $v0                                      0x0800025c   Number         0  startup_stm32f40_41xxx.o(.text)
    .text                                    0x08000280   Section        0  ldiv.o(.text)
    .text                                    0x080002e2   Section        0  memcpya.o(.text)
    .text                                    0x08000306   Section        0  memseta.o(.text)
    .text                                    0x0800032a   Section        0  ffltl.o(.text)
    .text                                    0x08000356   Section        0  f2d.o(.text)
    .text                                    0x0800037c   Section        0  uidiv.o(.text)
    .text                                    0x080003a8   Section        0  uldiv.o(.text)
    .text                                    0x0800040a   Section        0  iusefp.o(.text)
    .text                                    0x0800040a   Section        0  fepilogue.o(.text)
    .text                                    0x08000478   Section        0  dadd.o(.text)
    .text                                    0x080005c6   Section        0  dmul.o(.text)
    .text                                    0x080006aa   Section        0  ddiv.o(.text)
    .text                                    0x08000788   Section        0  dfixul.o(.text)
    .text                                    0x080007b8   Section       48  cdrcmple.o(.text)
    .text                                    0x080007e8   Section        0  fpstat.o(.text)
    .text                                    0x080007ec   Section       36  init.o(.text)
    .text                                    0x08000810   Section        0  llshl.o(.text)
    .text                                    0x0800082e   Section        0  llushr.o(.text)
    .text                                    0x0800084e   Section        0  llsshr.o(.text)
    .text                                    0x08000872   Section        0  depilogue.o(.text)
    i.BH1750_Init                            0x0800092c   Section        0  bh1750.o(i.BH1750_Init)
    i.BH1750_ReadLight                       0x08000940   Section        0  bh1750.o(i.BH1750_ReadLight)
    i.BH1750_SendCmd                         0x080009c8   Section        0  bh1750.o(i.BH1750_SendCmd)
    i.BMP280_CompensatePress                 0x080009ec   Section        0  bmp280.o(i.BMP280_CompensatePress)
    i.BMP280_CompensateTemp                  0x08000b7c   Section        0  bmp280.o(i.BMP280_CompensateTemp)
    i.BMP280_GetData                         0x08000bcc   Section        0  bmp280.o(i.BMP280_GetData)
    i.BMP280_Init                            0x08000cec   Section        0  bmp280.o(i.BMP280_Init)
    i.BMP280_ReadCalib                       0x08000dac   Section        0  bmp280.o(i.BMP280_ReadCalib)
    i.BMP280_ReadID                          0x08000e70   Section        0  bmp280.o(i.BMP280_ReadID)
    i.BMP280_ReadMultiReg                    0x08000e76   Section        0  bmp280.o(i.BMP280_ReadMultiReg)
    i.BMP280_ReadReg                         0x08000ea6   Section        0  bmp280.o(i.BMP280_ReadReg)
    i.BMP280_Reset                           0x08000ec6   Section        0  bmp280.o(i.BMP280_Reset)
    i.BMP280_WriteReg                        0x08000eda   Section        0  bmp280.o(i.BMP280_WriteReg)
    i.BusFault_Handler                       0x08000efa   Section        0  stm32f4xx_it.o(i.BusFault_Handler)
    i.DebugMon_Handler                       0x08000efc   Section        0  stm32f4xx_it.o(i.DebugMon_Handler)
    i.Delay_Init                             0x08000f00   Section        0  delay.o(i.Delay_Init)
    i.Delay_ms                               0x08000f2c   Section        0  delay.o(i.Delay_ms)
    i.Delay_us                               0x08000f44   Section        0  delay.o(i.Delay_us)
    i.GPIO_Init                              0x08000f54   Section        0  stm32f4xx_gpio.o(i.GPIO_Init)
    i.GPIO_PinAFConfig                       0x08000fd0   Section        0  stm32f4xx_gpio.o(i.GPIO_PinAFConfig)
    i.GPIO_ReadInputDataBit                  0x08000ff0   Section        0  stm32f4xx_gpio.o(i.GPIO_ReadInputDataBit)
    i.GPIO_SetBits                           0x08000ffe   Section        0  stm32f4xx_gpio.o(i.GPIO_SetBits)
    i.GPIO_WriteBit                          0x08001002   Section        0  stm32f4xx_gpio.o(i.GPIO_WriteBit)
    i.HandleInitPhaseData                    0x08001010   Section        0  sgp30.o(i.HandleInitPhaseData)
    i.HardFault_Handler                      0x0800107c   Section        0  stm32f4xx_it.o(i.HardFault_Handler)
    i.IIC1_Init                              0x08001080   Section        0  iic_1.o(i.IIC1_Init)
    i.MemManage_Handler                      0x080010bc   Section        0  stm32f4xx_it.o(i.MemManage_Handler)
    i.MyIIC1_R_SDA                           0x080010c0   Section        0  iic_1.o(i.MyIIC1_R_SDA)
    i.MyIIC1_ReceiveByte                     0x080010dc   Section        0  iic_1.o(i.MyIIC1_ReceiveByte)
    i.MyIIC1_Receive_Ack                     0x08001110   Section        0  iic_1.o(i.MyIIC1_Receive_Ack)
    i.MyIIC1_SendByte                        0x0800112e   Section        0  iic_1.o(i.MyIIC1_SendByte)
    i.MyIIC1_Send_Ack                        0x08001156   Section        0  iic_1.o(i.MyIIC1_Send_Ack)
    i.MyIIC1_Start                           0x0800116c   Section        0  iic_1.o(i.MyIIC1_Start)
    i.MyIIC1_Stop                            0x0800118a   Section        0  iic_1.o(i.MyIIC1_Stop)
    i.MyIIC1_W_SCL                           0x080011a4   Section        0  iic_1.o(i.MyIIC1_W_SCL)
    i.MyIIC1_W_SDA                           0x080011c0   Section        0  iic_1.o(i.MyIIC1_W_SDA)
    i.MySPI_Init                             0x080011dc   Section        0  spi_1.o(i.MySPI_Init)
    i.MySPI_Start                            0x080012a4   Section        0  spi_1.o(i.MySPI_Start)
    i.MySPI_Stop                             0x080012aa   Section        0  spi_1.o(i.MySPI_Stop)
    i.MySPI_SwapByte                         0x080012b0   Section        0  spi_1.o(i.MySPI_SwapByte)
    i.MySPI_W_SS                             0x080012e4   Section        0  spi_1.o(i.MySPI_W_SS)
    i.NMI_Handler                            0x080012f4   Section        0  stm32f4xx_it.o(i.NMI_Handler)
    i.NVIC_Init                              0x080012f8   Section        0  misc.o(i.NVIC_Init)
    i.NVIC_PriorityGroupConfig               0x08001360   Section        0  misc.o(i.NVIC_PriorityGroupConfig)
    i.RCC_AHB1PeriphClockCmd                 0x08001374   Section        0  stm32f4xx_rcc.o(i.RCC_AHB1PeriphClockCmd)
    i.RCC_APB1PeriphClockCmd                 0x08001390   Section        0  stm32f4xx_rcc.o(i.RCC_APB1PeriphClockCmd)
    i.RCC_APB2PeriphClockCmd                 0x080013ac   Section        0  stm32f4xx_rcc.o(i.RCC_APB2PeriphClockCmd)
    i.RCC_GetClocksFreq                      0x080013c8   Section        0  stm32f4xx_rcc.o(i.RCC_GetClocksFreq)
    i.SGP30_CRC8                             0x08001468   Section        0  sgp30.o(i.SGP30_CRC8)
    SGP30_CRC8                               0x08001469   Thumb Code    50  sgp30.o(i.SGP30_CRC8)
    i.SGP30_Init                             0x0800149a   Section        0  sgp30.o(i.SGP30_Init)
    i.SGP30_MeasureIAQ                       0x080014ba   Section        0  sgp30.o(i.SGP30_MeasureIAQ)
    i.SGP30_SendCmd                          0x0800158a   Section        0  sgp30.o(i.SGP30_SendCmd)
    SGP30_SendCmd                            0x0800158b   Thumb Code    56  sgp30.o(i.SGP30_SendCmd)
    i.SGP30_SetHumidity                      0x080015c2   Section        0  sgp30.o(i.SGP30_SetHumidity)
    i.SPI_Cmd                                0x08001638   Section        0  stm32f4xx_spi.o(i.SPI_Cmd)
    i.SPI_I2S_GetFlagStatus                  0x08001650   Section        0  stm32f4xx_spi.o(i.SPI_I2S_GetFlagStatus)
    i.SPI_I2S_ReceiveData                    0x0800165e   Section        0  stm32f4xx_spi.o(i.SPI_I2S_ReceiveData)
    i.SPI_I2S_SendData                       0x08001662   Section        0  stm32f4xx_spi.o(i.SPI_I2S_SendData)
    i.SPI_Init                               0x08001666   Section        0  stm32f4xx_spi.o(i.SPI_Init)
    i.SensorTask                             0x080016a0   Section        0  main.o(i.SensorTask)
    i.SetSysClock                            0x080016e4   Section        0  system_stm32f4xx.o(i.SetSysClock)
    SetSysClock                              0x080016e5   Thumb Code   168  system_stm32f4xx.o(i.SetSysClock)
    i.SysTick_Handler                        0x0800179c   Section        0  port.o(i.SysTick_Handler)
    i.SystemInit                             0x080017c8   Section        0  system_stm32f4xx.o(i.SystemInit)
    i.UART5_IRQHandler                       0x08001824   Section        0  uart_5.o(i.UART5_IRQHandler)
    i.UART5_Init                             0x0800185c   Section        0  uart_5.o(i.UART5_Init)
    i.UART5_Printf                           0x08001938   Section        0  uart_5.o(i.UART5_Printf)
    i.UART5_SendChar                         0x08001954   Section        0  uart_5.o(i.UART5_SendChar)
    i.UART5_SendString                       0x08001978   Section        0  uart_5.o(i.UART5_SendString)
    i.USART1_IRQHandler                      0x0800198c   Section        0  usart_1.o(i.USART1_IRQHandler)
    i.USART1_Init                            0x080019f4   Section        0  usart_1.o(i.USART1_Init)
    i.USART1_SendChar                        0x08001aa0   Section        0  usart_1.o(i.USART1_SendChar)
    i.USART1_SendString                      0x08001ac4   Section        0  usart_1.o(i.USART1_SendString)
    i.USART_ClearITPendingBit                0x08001ad8   Section        0  stm32f4xx_usart.o(i.USART_ClearITPendingBit)
    i.USART_Cmd                              0x08001ae8   Section        0  stm32f4xx_usart.o(i.USART_Cmd)
    i.USART_GetFlagStatus                    0x08001b00   Section        0  stm32f4xx_usart.o(i.USART_GetFlagStatus)
    i.USART_GetITStatus                      0x08001b0e   Section        0  stm32f4xx_usart.o(i.USART_GetITStatus)
    i.USART_ITConfig                         0x08001b4e   Section        0  stm32f4xx_usart.o(i.USART_ITConfig)
    i.USART_Init                             0x08001b84   Section        0  stm32f4xx_usart.o(i.USART_Init)
    i.USART_OverSampling8Cmd                 0x08001c40   Section        0  stm32f4xx_usart.o(i.USART_OverSampling8Cmd)
    i.USART_ReceiveData                      0x08001c58   Section        0  stm32f4xx_usart.o(i.USART_ReceiveData)
    i.USART_SendData                         0x08001c60   Section        0  stm32f4xx_usart.o(i.USART_SendData)
    i.UsageFault_Handler                     0x08001c68   Section        0  stm32f4xx_it.o(i.UsageFault_Handler)
    i.__0printf                              0x08001c6c   Section        0  printfa.o(i.__0printf)
    i.__0vsprintf                            0x08001c8c   Section        0  printfa.o(i.__0vsprintf)
    i.__ARM_fpclassifyf                      0x08001cb0   Section        0  fpclassifyf.o(i.__ARM_fpclassifyf)
    i.__hardfp_powf                          0x08001cd8   Section        0  powf.o(i.__hardfp_powf)
    i.__mathlib_flt_divzero                  0x0800233c   Section        0  funder.o(i.__mathlib_flt_divzero)
    i.__mathlib_flt_infnan2                  0x08002350   Section        0  funder.o(i.__mathlib_flt_infnan2)
    i.__mathlib_flt_invalid                  0x08002358   Section        0  funder.o(i.__mathlib_flt_invalid)
    i.__mathlib_flt_overflow                 0x08002368   Section        0  funder.o(i.__mathlib_flt_overflow)
    i.__mathlib_flt_underflow                0x08002378   Section        0  funder.o(i.__mathlib_flt_underflow)
    i.__scatterload_copy                     0x08002388   Section       14  handlers.o(i.__scatterload_copy)
    i.__scatterload_null                     0x08002396   Section        2  handlers.o(i.__scatterload_null)
    i.__scatterload_zeroinit                 0x08002398   Section       14  handlers.o(i.__scatterload_zeroinit)
    i.__set_errno                            0x080023a8   Section        0  errno.o(i.__set_errno)
    i._fp_digits                             0x080023b4   Section        0  printfa.o(i._fp_digits)
    _fp_digits                               0x080023b5   Thumb Code   366  printfa.o(i._fp_digits)
    i._printf_core                           0x08002538   Section        0  printfa.o(i._printf_core)
    _printf_core                             0x08002539   Thumb Code  1744  printfa.o(i._printf_core)
    i._printf_post_padding                   0x08002c14   Section        0  printfa.o(i._printf_post_padding)
    _printf_post_padding                     0x08002c15   Thumb Code    36  printfa.o(i._printf_post_padding)
    i._printf_pre_padding                    0x08002c38   Section        0  printfa.o(i._printf_pre_padding)
    _printf_pre_padding                      0x08002c39   Thumb Code    46  printfa.o(i._printf_pre_padding)
    i._sputc                                 0x08002c66   Section        0  printfa.o(i._sputc)
    _sputc                                   0x08002c67   Thumb Code    10  printfa.o(i._sputc)
    i.aht10_get_data                         0x08002c70   Section        0  aht10.o(i.aht10_get_data)
    i.fputc                                  0x08002e70   Section        0  uart_5.o(i.fputc)
    i.main                                   0x08002e80   Section        0  main.o(i.main)
    i.prvAddCurrentTaskToDelayedList         0x08002efc   Section        0  tasks.o(i.prvAddCurrentTaskToDelayedList)
    prvAddCurrentTaskToDelayedList           0x08002efd   Thumb Code   140  tasks.o(i.prvAddCurrentTaskToDelayedList)
    i.prvAddNewTaskToReadyList               0x08002f90   Section        0  tasks.o(i.prvAddNewTaskToReadyList)
    prvAddNewTaskToReadyList                 0x08002f91   Thumb Code   158  tasks.o(i.prvAddNewTaskToReadyList)
    i.prvCheckForValidListAndQueue           0x0800303c   Section        0  timers.o(i.prvCheckForValidListAndQueue)
    prvCheckForValidListAndQueue             0x0800303d   Thumb Code    62  timers.o(i.prvCheckForValidListAndQueue)
    i.prvCheckTasksWaitingTermination        0x0800308c   Section        0  tasks.o(i.prvCheckTasksWaitingTermination)
    prvCheckTasksWaitingTermination          0x0800308d   Thumb Code    52  tasks.o(i.prvCheckTasksWaitingTermination)
    i.prvCopyDataFromQueue                   0x080030c8   Section        0  queue.o(i.prvCopyDataFromQueue)
    prvCopyDataFromQueue                     0x080030c9   Thumb Code    40  queue.o(i.prvCopyDataFromQueue)
    i.prvCreateIdleTasks                     0x080030f0   Section        0  tasks.o(i.prvCreateIdleTasks)
    prvCreateIdleTasks                       0x080030f1   Thumb Code    70  tasks.o(i.prvCreateIdleTasks)
    i.prvCreateTask                          0x08003148   Section        0  tasks.o(i.prvCreateTask)
    prvCreateTask                            0x08003149   Thumb Code    92  tasks.o(i.prvCreateTask)
    i.prvDeleteTCB                           0x080031a4   Section        0  tasks.o(i.prvDeleteTCB)
    prvDeleteTCB                             0x080031a5   Thumb Code    20  tasks.o(i.prvDeleteTCB)
    i.prvGetNextExpireTime                   0x080031b8   Section        0  timers.o(i.prvGetNextExpireTime)
    prvGetNextExpireTime                     0x080031b9   Thumb Code    30  timers.o(i.prvGetNextExpireTime)
    i.prvHeapInit                            0x080031dc   Section        0  heap_4.o(i.prvHeapInit)
    prvHeapInit                              0x080031dd   Thumb Code    62  heap_4.o(i.prvHeapInit)
    i.prvIdleTask                            0x08003224   Section        0  tasks.o(i.prvIdleTask)
    prvIdleTask                              0x08003225   Thumb Code    30  tasks.o(i.prvIdleTask)
    i.prvInitialiseNewQueue                  0x0800324c   Section        0  queue.o(i.prvInitialiseNewQueue)
    prvInitialiseNewQueue                    0x0800324d   Thumb Code    34  queue.o(i.prvInitialiseNewQueue)
    i.prvInitialiseNewTask                   0x0800326e   Section        0  tasks.o(i.prvInitialiseNewTask)
    prvInitialiseNewTask                     0x0800326f   Thumb Code   162  tasks.o(i.prvInitialiseNewTask)
    i.prvInitialiseTaskLists                 0x08003310   Section        0  tasks.o(i.prvInitialiseTaskLists)
    prvInitialiseTaskLists                   0x08003311   Thumb Code    78  tasks.o(i.prvInitialiseTaskLists)
    i.prvInsertBlockIntoFreeList             0x08003368   Section        0  heap_4.o(i.prvInsertBlockIntoFreeList)
    prvInsertBlockIntoFreeList               0x08003369   Thumb Code   112  heap_4.o(i.prvInsertBlockIntoFreeList)
    i.prvInsertTimerInActiveList             0x080033e4   Section        0  timers.o(i.prvInsertTimerInActiveList)
    prvInsertTimerInActiveList               0x080033e5   Thumb Code    60  timers.o(i.prvInsertTimerInActiveList)
    i.prvIsQueueEmpty                        0x08003424   Section        0  queue.o(i.prvIsQueueEmpty)
    prvIsQueueEmpty                          0x08003425   Thumb Code    26  queue.o(i.prvIsQueueEmpty)
    i.prvProcessExpiredTimer                 0x08003440   Section        0  timers.o(i.prvProcessExpiredTimer)
    prvProcessExpiredTimer                   0x08003441   Thumb Code    58  timers.o(i.prvProcessExpiredTimer)
    i.prvProcessReceivedCommands             0x08003480   Section        0  timers.o(i.prvProcessReceivedCommands)
    prvProcessReceivedCommands               0x08003481   Thumb Code   232  timers.o(i.prvProcessReceivedCommands)
    i.prvProcessTimerOrBlockTask             0x0800356c   Section        0  timers.o(i.prvProcessTimerOrBlockTask)
    prvProcessTimerOrBlockTask               0x0800356d   Thumb Code   100  timers.o(i.prvProcessTimerOrBlockTask)
    i.prvReloadTimer                         0x080035d8   Section        0  timers.o(i.prvReloadTimer)
    prvReloadTimer                           0x080035d9   Thumb Code    40  timers.o(i.prvReloadTimer)
    i.prvResetNextTaskUnblockTime            0x08003600   Section        0  tasks.o(i.prvResetNextTaskUnblockTime)
    prvResetNextTaskUnblockTime              0x08003601   Thumb Code    28  tasks.o(i.prvResetNextTaskUnblockTime)
    i.prvSampleTimeNow                       0x08003620   Section        0  timers.o(i.prvSampleTimeNow)
    prvSampleTimeNow                         0x08003621   Thumb Code    38  timers.o(i.prvSampleTimeNow)
    i.prvSwitchTimerLists                    0x0800364c   Section        0  timers.o(i.prvSwitchTimerLists)
    prvSwitchTimerLists                      0x0800364d   Thumb Code    38  timers.o(i.prvSwitchTimerLists)
    i.prvTaskExitError                       0x08003678   Section        0  port.o(i.prvTaskExitError)
    prvTaskExitError                         0x08003679   Thumb Code    40  port.o(i.prvTaskExitError)
    i.prvTimerTask                           0x080036a4   Section        0  timers.o(i.prvTimerTask)
    prvTimerTask                             0x080036a5   Thumb Code    20  timers.o(i.prvTimerTask)
    i.prvUnlockQueue                         0x080036b8   Section        0  queue.o(i.prvUnlockQueue)
    prvUnlockQueue                           0x080036b9   Thumb Code   106  queue.o(i.prvUnlockQueue)
    i.pvPortMalloc                           0x08003724   Section        0  heap_4.o(i.pvPortMalloc)
    i.pxPortInitialiseStack                  0x08003868   Section        0  port.o(i.pxPortInitialiseStack)
    i.sgp30_data_show                        0x0800388c   Section        0  sgp30.o(i.sgp30_data_show)
    i.sgp30_data_show_init                   0x080038fc   Section        0  sgp30.o(i.sgp30_data_show_init)
    i.uxListRemove                           0x080039c0   Section        0  list.o(i.uxListRemove)
    i.vListInitialise                        0x080039e4   Section        0  list.o(i.vListInitialise)
    i.vListInitialiseItem                    0x080039fa   Section        0  list.o(i.vListInitialiseItem)
    i.vListInsert                            0x08003a00   Section        0  list.o(i.vListInsert)
    i.vPortEnterCritical                     0x08003a30   Section        0  port.o(i.vPortEnterCritical)
    i.vPortExitCritical                      0x08003a70   Section        0  port.o(i.vPortExitCritical)
    i.vPortFree                              0x08003a9c   Section        0  heap_4.o(i.vPortFree)
    i.vPortSetupTimerInterrupt               0x08003b24   Section        0  port.o(i.vPortSetupTimerInterrupt)
    i.vQueueAddToRegistry                    0x08003b48   Section        0  queue.o(i.vQueueAddToRegistry)
    i.vQueueWaitForMessageRestricted         0x08003b94   Section        0  queue.o(i.vQueueWaitForMessageRestricted)
    i.vTaskDelay                             0x08003bdc   Section        0  tasks.o(i.vTaskDelay)
    i.vTaskInternalSetTimeOutState           0x08003c2c   Section        0  tasks.o(i.vTaskInternalSetTimeOutState)
    i.vTaskMissedYield                       0x08003c3c   Section        0  tasks.o(i.vTaskMissedYield)
    i.vTaskPlaceOnEventList                  0x08003c48   Section        0  tasks.o(i.vTaskPlaceOnEventList)
    i.vTaskPlaceOnEventListRestricted        0x08003c7c   Section        0  tasks.o(i.vTaskPlaceOnEventListRestricted)
    i.vTaskStartScheduler                    0x08003cd0   Section        0  tasks.o(i.vTaskStartScheduler)
    i.vTaskSuspendAll                        0x08003d24   Section        0  tasks.o(i.vTaskSuspendAll)
    i.vTaskSwitchContext                     0x08003d34   Section        0  tasks.o(i.vTaskSwitchContext)
    i.xPortStartScheduler                    0x08003d98   Section        0  port.o(i.xPortStartScheduler)
    i.xQueueGenericCreate                    0x08003e94   Section        0  queue.o(i.xQueueGenericCreate)
    i.xQueueGenericReset                     0x08003ee4   Section        0  queue.o(i.xQueueGenericReset)
    i.xQueueReceive                          0x08003f98   Section        0  queue.o(i.xQueueReceive)
    i.xTaskCheckForTimeOut                   0x080040d4   Section        0  tasks.o(i.xTaskCheckForTimeOut)
    i.xTaskCreate                            0x08004154   Section        0  tasks.o(i.xTaskCreate)
    i.xTaskGetSchedulerState                 0x08004174   Section        0  tasks.o(i.xTaskGetSchedulerState)
    i.xTaskGetTickCount                      0x08004190   Section        0  tasks.o(i.xTaskGetTickCount)
    i.xTaskIncrementTick                     0x0800419c   Section        0  tasks.o(i.xTaskIncrementTick)
    i.xTaskRemoveFromEventList               0x080042d0   Section        0  tasks.o(i.xTaskRemoveFromEventList)
    i.xTaskResumeAll                         0x080043b0   Section        0  tasks.o(i.xTaskResumeAll)
    i.xTimerCreateTimerTask                  0x080044e8   Section        0  timers.o(i.xTimerCreateTimerTask)
    .constdata                               0x08004538   Section      320  powf.o(.constdata)
    table                                    0x08004538   Data         128  powf.o(.constdata)
    powersof2to1over16top                    0x080045b8   Data          64  powf.o(.constdata)
    powersof2to1over16bot                    0x080045f8   Data          64  powf.o(.constdata)
    powersof2to1over16all                    0x08004638   Data          64  powf.o(.constdata)
    .data                                    0x20000000   Section       20  system_stm32f4xx.o(.data)
    .data                                    0x20000014   Section       16  stm32f4xx_rcc.o(.data)
    APBAHBPrescTable                         0x20000014   Data          16  stm32f4xx_rcc.o(.data)
    .data                                    0x20000024   Section        2  uart_5.o(.data)
    .data                                    0x20000028   Section        8  aht10.o(.data)
    .data                                    0x20000030   Section        6  sgp30.o(.data)
    init_count                               0x20000031   Data           1  sgp30.o(.data)
    .data                                    0x20000036   Section        5  bmp280.o(.data)
    .data                                    0x2000003c   Section        4  bmp280.o(.data)
    .data                                    0x20000040   Section        4  usart_1.o(.data)
    rx_head                                  0x20000040   Data           2  usart_1.o(.data)
    rx_tail                                  0x20000042   Data           2  usart_1.o(.data)
    .data                                    0x20000044   Section       64  tasks.o(.data)
    uxDeletedTasksWaitingCleanUp             0x20000048   Data           4  tasks.o(.data)
    uxCurrentNumberOfTasks                   0x2000004c   Data           4  tasks.o(.data)
    xTickCount                               0x20000050   Data           4  tasks.o(.data)
    uxTopReadyPriority                       0x20000054   Data           4  tasks.o(.data)
    xSchedulerRunning                        0x20000058   Data           4  tasks.o(.data)
    xPendedTicks                             0x2000005c   Data           4  tasks.o(.data)
    xYieldPendings                           0x20000060   Data           4  tasks.o(.data)
    xNumOfOverflows                          0x20000064   Data           4  tasks.o(.data)
    uxTaskNumber                             0x20000068   Data           4  tasks.o(.data)
    xNextTaskUnblockTime                     0x2000006c   Data           4  tasks.o(.data)
    uxTopUsedPriority                        0x20000070   Data           4  tasks.o(.data)
    uxSchedulerSuspended                     0x20000074   Data           4  tasks.o(.data)
    pxDelayedTaskList                        0x20000078   Data           4  tasks.o(.data)
    pxOverflowDelayedTaskList                0x2000007c   Data           4  tasks.o(.data)
    xIdleTaskHandles                         0x20000080   Data           4  tasks.o(.data)
    .data                                    0x20000084   Section       20  timers.o(.data)
    xTimerQueue                              0x20000084   Data           4  timers.o(.data)
    xTimerTaskHandle                         0x20000088   Data           4  timers.o(.data)
    xLastTime                                0x2000008c   Data           4  timers.o(.data)
    pxCurrentTimerList                       0x20000090   Data           4  timers.o(.data)
    pxOverflowTimerList                      0x20000094   Data           4  timers.o(.data)
    .data                                    0x20000098   Section       28  heap_4.o(.data)
    pxEnd                                    0x20000098   Data           4  heap_4.o(.data)
    xFreeBytesRemaining                      0x2000009c   Data           4  heap_4.o(.data)
    xMinimumEverFreeBytesRemaining           0x200000a0   Data           4  heap_4.o(.data)
    xNumberOfSuccessfulAllocations           0x200000a4   Data           4  heap_4.o(.data)
    xNumberOfSuccessfulFrees                 0x200000a8   Data           4  heap_4.o(.data)
    xStart                                   0x200000ac   Data           8  heap_4.o(.data)
    .data                                    0x200000b4   Section       12  port.o(.data)
    ucMaxSysCallPriority                     0x200000b4   Data           1  port.o(.data)
    uxCriticalNesting                        0x200000b8   Data           4  port.o(.data)
    ulMaxPRIGROUPValue                       0x200000bc   Data           4  port.o(.data)
    .data                                    0x200000c0   Section        4  stdout.o(.data)
    .data                                    0x200000c4   Section        4  errno.o(.data)
    _errno                                   0x200000c4   Data           4  errno.o(.data)
    .bss                                     0x200000c8   Section       24  bmp280.o(.bss)
    .bss                                     0x200000e0   Section      256  usart_1.o(.bss)
    rx_buffer                                0x200000e0   Data         256  usart_1.o(.bss)
    .bss                                     0x200001e0   Section       64  queue.o(.bss)
    .bss                                     0x20000220   Section      200  tasks.o(.bss)
    pxReadyTasksLists                        0x20000220   Data         100  tasks.o(.bss)
    xDelayedTaskList1                        0x20000284   Data          20  tasks.o(.bss)
    xDelayedTaskList2                        0x20000298   Data          20  tasks.o(.bss)
    xPendingReadyList                        0x200002ac   Data          20  tasks.o(.bss)
    xTasksWaitingTermination                 0x200002c0   Data          20  tasks.o(.bss)
    xSuspendedTaskList                       0x200002d4   Data          20  tasks.o(.bss)
    .bss                                     0x200002e8   Section       40  timers.o(.bss)
    xActiveTimerList1                        0x200002e8   Data          20  timers.o(.bss)
    xActiveTimerList2                        0x200002fc   Data          20  timers.o(.bss)
    .bss                                     0x20000310   Section    76800  heap_4.o(.bss)
    ucHeap                                   0x20000310   Data       76800  heap_4.o(.bss)
    STACK                                    0x20012f10   Section     1024  startup_stm32f40_41xxx.o(STACK)

    Global Symbols

    Symbol Name                              Value     Ov Type        Size  Object(Section)

    BuildAttributes$$THM_ISAv4$E$P$D$K$B$S$7EM$VFPi3$EXTD16$VFPS$VFMA$PE$A:L22UL41UL21$X:L11$S22US41US21$IEEE1$IW$USESV6$~STKCKD$USESV7$~SHL$OTIME$ROPI$IEEEX$EBA8$MICROLIB$REQ8$PRES8$EABIv2 0x00000000   Number         0  anon$$obj.o ABSOLUTE
    __ARM_use_no_argv                        0x00000000   Number         0  main.o ABSOLUTE
    __cpp_initialize__aeabi_                  - Undefined Weak Reference
    __cxa_finalize                            - Undefined Weak Reference
    __decompress                              - Undefined Weak Reference
    _clock_init                               - Undefined Weak Reference
    _microlib_exit                            - Undefined Weak Reference
    __Vectors_Size                           0x00000188   Number         0  startup_stm32f40_41xxx.o ABSOLUTE
    __Vectors                                0x08000000   Data           4  startup_stm32f40_41xxx.o(RESET)
    __Vectors_End                            0x08000188   Data           0  startup_stm32f40_41xxx.o(RESET)
    __main                                   0x08000189   Thumb Code     0  entry.o(.ARM.Collect$$$$00000000)
    _main_stk                                0x08000189   Thumb Code     0  entry2.o(.ARM.Collect$$$$00000001)
    _main_scatterload                        0x0800018d   Thumb Code     0  entry5.o(.ARM.Collect$$$$00000004)
    __main_after_scatterload                 0x08000191   Thumb Code     0  entry5.o(.ARM.Collect$$$$00000004)
    _main_clock                              0x08000191   Thumb Code     0  entry7b.o(.ARM.Collect$$$$00000008)
    _main_cpp_init                           0x08000191   Thumb Code     0  entry8b.o(.ARM.Collect$$$$0000000A)
    _main_init                               0x08000191   Thumb Code     0  entry9a.o(.ARM.Collect$$$$0000000B)
    __rt_final_cpp                           0x08000199   Thumb Code     0  entry10a.o(.ARM.Collect$$$$0000000D)
    __rt_final_exit                          0x08000199   Thumb Code     0  entry11a.o(.ARM.Collect$$$$0000000F)
    SVC_Handler                              0x0800019d   Thumb Code    28  port.o(.emb_text)
    __asm___6_port_c_39a90d8d__prvStartFirstTask 0x080001bd   Thumb Code    36  port.o(.emb_text)
    __asm___6_port_c_39a90d8d__prvEnableVFP  0x080001e5   Thumb Code    16  port.o(.emb_text)
    PendSV_Handler                           0x080001f9   Thumb Code    88  port.o(.emb_text)
    vPortGetIPSR                             0x08000255   Thumb Code     6  port.o(.emb_text)
    Reset_Handler                            0x0800025d   Thumb Code     8  startup_stm32f40_41xxx.o(.text)
    ADC_IRQHandler                           0x08000277   Thumb Code     0  startup_stm32f40_41xxx.o(.text)
    CAN1_RX0_IRQHandler                      0x08000277   Thumb Code     0  startup_stm32f40_41xxx.o(.text)
    CAN1_RX1_IRQHandler                      0x08000277   Thumb Code     0  startup_stm32f40_41xxx.o(.text)
    CAN1_SCE_IRQHandler                      0x08000277   Thumb Code     0  startup_stm32f40_41xxx.o(.text)
    CAN1_TX_IRQHandler                       0x08000277   Thumb Code     0  startup_stm32f40_41xxx.o(.text)
    CAN2_RX0_IRQHandler                      0x08000277   Thumb Code     0  startup_stm32f40_41xxx.o(.text)
    CAN2_RX1_IRQHandler                      0x08000277   Thumb Code     0  startup_stm32f40_41xxx.o(.text)
    CAN2_SCE_IRQHandler                      0x08000277   Thumb Code     0  startup_stm32f40_41xxx.o(.text)
    CAN2_TX_IRQHandler                       0x08000277   Thumb Code     0  startup_stm32f40_41xxx.o(.text)
    CRYP_IRQHandler                          0x08000277   Thumb Code     0  startup_stm32f40_41xxx.o(.text)
    DCMI_IRQHandler                          0x08000277   Thumb Code     0  startup_stm32f40_41xxx.o(.text)
    DMA1_Stream0_IRQHandler                  0x08000277   Thumb Code     0  startup_stm32f40_41xxx.o(.text)
    DMA1_Stream1_IRQHandler                  0x08000277   Thumb Code     0  startup_stm32f40_41xxx.o(.text)
    DMA1_Stream2_IRQHandler                  0x08000277   Thumb Code     0  startup_stm32f40_41xxx.o(.text)
    DMA1_Stream3_IRQHandler                  0x08000277   Thumb Code     0  startup_stm32f40_41xxx.o(.text)
    DMA1_Stream4_IRQHandler                  0x08000277   Thumb Code     0  startup_stm32f40_41xxx.o(.text)
    DMA1_Stream5_IRQHandler                  0x08000277   Thumb Code     0  startup_stm32f40_41xxx.o(.text)
    DMA1_Stream6_IRQHandler                  0x08000277   Thumb Code     0  startup_stm32f40_41xxx.o(.text)
    DMA1_Stream7_IRQHandler                  0x08000277   Thumb Code     0  startup_stm32f40_41xxx.o(.text)
    DMA2_Stream0_IRQHandler                  0x08000277   Thumb Code     0  startup_stm32f40_41xxx.o(.text)
    DMA2_Stream1_IRQHandler                  0x08000277   Thumb Code     0  startup_stm32f40_41xxx.o(.text)
    DMA2_Stream2_IRQHandler                  0x08000277   Thumb Code     0  startup_stm32f40_41xxx.o(.text)
    DMA2_Stream3_IRQHandler                  0x08000277   Thumb Code     0  startup_stm32f40_41xxx.o(.text)
    DMA2_Stream4_IRQHandler                  0x08000277   Thumb Code     0  startup_stm32f40_41xxx.o(.text)
    DMA2_Stream5_IRQHandler                  0x08000277   Thumb Code     0  startup_stm32f40_41xxx.o(.text)
    DMA2_Stream6_IRQHandler                  0x08000277   Thumb Code     0  startup_stm32f40_41xxx.o(.text)
    DMA2_Stream7_IRQHandler                  0x08000277   Thumb Code     0  startup_stm32f40_41xxx.o(.text)
    ETH_IRQHandler                           0x08000277   Thumb Code     0  startup_stm32f40_41xxx.o(.text)
    ETH_WKUP_IRQHandler                      0x08000277   Thumb Code     0  startup_stm32f40_41xxx.o(.text)
    EXTI0_IRQHandler                         0x08000277   Thumb Code     0  startup_stm32f40_41xxx.o(.text)
    EXTI15_10_IRQHandler                     0x08000277   Thumb Code     0  startup_stm32f40_41xxx.o(.text)
    EXTI1_IRQHandler                         0x08000277   Thumb Code     0  startup_stm32f40_41xxx.o(.text)
    EXTI2_IRQHandler                         0x08000277   Thumb Code     0  startup_stm32f40_41xxx.o(.text)
    EXTI3_IRQHandler                         0x08000277   Thumb Code     0  startup_stm32f40_41xxx.o(.text)
    EXTI4_IRQHandler                         0x08000277   Thumb Code     0  startup_stm32f40_41xxx.o(.text)
    EXTI9_5_IRQHandler                       0x08000277   Thumb Code     0  startup_stm32f40_41xxx.o(.text)
    FLASH_IRQHandler                         0x08000277   Thumb Code     0  startup_stm32f40_41xxx.o(.text)
    FPU_IRQHandler                           0x08000277   Thumb Code     0  startup_stm32f40_41xxx.o(.text)
    FSMC_IRQHandler                          0x08000277   Thumb Code     0  startup_stm32f40_41xxx.o(.text)
    HASH_RNG_IRQHandler                      0x08000277   Thumb Code     0  startup_stm32f40_41xxx.o(.text)
    I2C1_ER_IRQHandler                       0x08000277   Thumb Code     0  startup_stm32f40_41xxx.o(.text)
    I2C1_EV_IRQHandler                       0x08000277   Thumb Code     0  startup_stm32f40_41xxx.o(.text)
    I2C2_ER_IRQHandler                       0x08000277   Thumb Code     0  startup_stm32f40_41xxx.o(.text)
    I2C2_EV_IRQHandler                       0x08000277   Thumb Code     0  startup_stm32f40_41xxx.o(.text)
    I2C3_ER_IRQHandler                       0x08000277   Thumb Code     0  startup_stm32f40_41xxx.o(.text)
    I2C3_EV_IRQHandler                       0x08000277   Thumb Code     0  startup_stm32f40_41xxx.o(.text)
    OTG_FS_IRQHandler                        0x08000277   Thumb Code     0  startup_stm32f40_41xxx.o(.text)
    OTG_FS_WKUP_IRQHandler                   0x08000277   Thumb Code     0  startup_stm32f40_41xxx.o(.text)
    OTG_HS_EP1_IN_IRQHandler                 0x08000277   Thumb Code     0  startup_stm32f40_41xxx.o(.text)
    OTG_HS_EP1_OUT_IRQHandler                0x08000277   Thumb Code     0  startup_stm32f40_41xxx.o(.text)
    OTG_HS_IRQHandler                        0x08000277   Thumb Code     0  startup_stm32f40_41xxx.o(.text)
    OTG_HS_WKUP_IRQHandler                   0x08000277   Thumb Code     0  startup_stm32f40_41xxx.o(.text)
    PVD_IRQHandler                           0x08000277   Thumb Code     0  startup_stm32f40_41xxx.o(.text)
    RCC_IRQHandler                           0x08000277   Thumb Code     0  startup_stm32f40_41xxx.o(.text)
    RTC_Alarm_IRQHandler                     0x08000277   Thumb Code     0  startup_stm32f40_41xxx.o(.text)
    RTC_WKUP_IRQHandler                      0x08000277   Thumb Code     0  startup_stm32f40_41xxx.o(.text)
    SDIO_IRQHandler                          0x08000277   Thumb Code     0  startup_stm32f40_41xxx.o(.text)
    SPI1_IRQHandler                          0x08000277   Thumb Code     0  startup_stm32f40_41xxx.o(.text)
    SPI2_IRQHandler                          0x08000277   Thumb Code     0  startup_stm32f40_41xxx.o(.text)
    SPI3_IRQHandler                          0x08000277   Thumb Code     0  startup_stm32f40_41xxx.o(.text)
    TAMP_STAMP_IRQHandler                    0x08000277   Thumb Code     0  startup_stm32f40_41xxx.o(.text)
    TIM1_BRK_TIM9_IRQHandler                 0x08000277   Thumb Code     0  startup_stm32f40_41xxx.o(.text)
    TIM1_CC_IRQHandler                       0x08000277   Thumb Code     0  startup_stm32f40_41xxx.o(.text)
    TIM1_TRG_COM_TIM11_IRQHandler            0x08000277   Thumb Code     0  startup_stm32f40_41xxx.o(.text)
    TIM1_UP_TIM10_IRQHandler                 0x08000277   Thumb Code     0  startup_stm32f40_41xxx.o(.text)
    TIM2_IRQHandler                          0x08000277   Thumb Code     0  startup_stm32f40_41xxx.o(.text)
    TIM3_IRQHandler                          0x08000277   Thumb Code     0  startup_stm32f40_41xxx.o(.text)
    TIM4_IRQHandler                          0x08000277   Thumb Code     0  startup_stm32f40_41xxx.o(.text)
    TIM5_IRQHandler                          0x08000277   Thumb Code     0  startup_stm32f40_41xxx.o(.text)
    TIM6_DAC_IRQHandler                      0x08000277   Thumb Code     0  startup_stm32f40_41xxx.o(.text)
    TIM7_IRQHandler                          0x08000277   Thumb Code     0  startup_stm32f40_41xxx.o(.text)
    TIM8_BRK_TIM12_IRQHandler                0x08000277   Thumb Code     0  startup_stm32f40_41xxx.o(.text)
    TIM8_CC_IRQHandler                       0x08000277   Thumb Code     0  startup_stm32f40_41xxx.o(.text)
    TIM8_TRG_COM_TIM14_IRQHandler            0x08000277   Thumb Code     0  startup_stm32f40_41xxx.o(.text)
    TIM8_UP_TIM13_IRQHandler                 0x08000277   Thumb Code     0  startup_stm32f40_41xxx.o(.text)
    UART4_IRQHandler                         0x08000277   Thumb Code     0  startup_stm32f40_41xxx.o(.text)
    USART2_IRQHandler                        0x08000277   Thumb Code     0  startup_stm32f40_41xxx.o(.text)
    USART3_IRQHandler                        0x08000277   Thumb Code     0  startup_stm32f40_41xxx.o(.text)
    USART6_IRQHandler                        0x08000277   Thumb Code     0  startup_stm32f40_41xxx.o(.text)
    WWDG_IRQHandler                          0x08000277   Thumb Code     0  startup_stm32f40_41xxx.o(.text)
    __aeabi_ldivmod                          0x08000281   Thumb Code    98  ldiv.o(.text)
    __aeabi_memcpy                           0x080002e3   Thumb Code    36  memcpya.o(.text)
    __aeabi_memcpy4                          0x080002e3   Thumb Code     0  memcpya.o(.text)
    __aeabi_memcpy8                          0x080002e3   Thumb Code     0  memcpya.o(.text)
    __aeabi_memset                           0x08000307   Thumb Code    14  memseta.o(.text)
    __aeabi_memset4                          0x08000307   Thumb Code     0  memseta.o(.text)
    __aeabi_memset8                          0x08000307   Thumb Code     0  memseta.o(.text)
    __aeabi_memclr                           0x08000315   Thumb Code     4  memseta.o(.text)
    __aeabi_memclr4                          0x08000315   Thumb Code     0  memseta.o(.text)
    __aeabi_memclr8                          0x08000315   Thumb Code     0  memseta.o(.text)
    memset                                   0x08000319   Thumb Code    18  memseta.o(.text)
    __aeabi_l2f                              0x0800032b   Thumb Code    44  ffltl.o(.text)
    __aeabi_f2d                              0x08000357   Thumb Code    38  f2d.o(.text)
    __aeabi_uidiv                            0x0800037d   Thumb Code     0  uidiv.o(.text)
    __aeabi_uidivmod                         0x0800037d   Thumb Code    44  uidiv.o(.text)
    __aeabi_uldivmod                         0x080003a9   Thumb Code    98  uldiv.o(.text)
    __I$use$fp                               0x0800040b   Thumb Code     0  iusefp.o(.text)
    _float_round                             0x0800040b   Thumb Code    18  fepilogue.o(.text)
    _float_epilogue                          0x0800041d   Thumb Code    92  fepilogue.o(.text)
    __aeabi_dadd                             0x08000479   Thumb Code   322  dadd.o(.text)
    __aeabi_dsub                             0x080005bb   Thumb Code     6  dadd.o(.text)
    __aeabi_drsub                            0x080005c1   Thumb Code     6  dadd.o(.text)
    __aeabi_dmul                             0x080005c7   Thumb Code   228  dmul.o(.text)
    __aeabi_ddiv                             0x080006ab   Thumb Code   222  ddiv.o(.text)
    __aeabi_d2ulz                            0x08000789   Thumb Code    48  dfixul.o(.text)
    __aeabi_cdrcmple                         0x080007b9   Thumb Code    48  cdrcmple.o(.text)
    __fp_status                              0x080007e9   Thumb Code     4  fpstat.o(.text)
    __ieee_status                            0x080007e9   Thumb Code     0  fpstat.o(.text)
    __scatterload                            0x080007ed   Thumb Code    28  init.o(.text)
    __scatterload_rt2                        0x080007ed   Thumb Code     0  init.o(.text)
    __aeabi_llsl                             0x08000811   Thumb Code    30  llshl.o(.text)
    _ll_shift_l                              0x08000811   Thumb Code     0  llshl.o(.text)
    __aeabi_llsr                             0x0800082f   Thumb Code    32  llushr.o(.text)
    _ll_ushift_r                             0x0800082f   Thumb Code     0  llushr.o(.text)
    __aeabi_lasr                             0x0800084f   Thumb Code    36  llsshr.o(.text)
    _ll_sshift_r                             0x0800084f   Thumb Code     0  llsshr.o(.text)
    _double_round                            0x08000873   Thumb Code    30  depilogue.o(.text)
    _double_epilogue                         0x08000891   Thumb Code   156  depilogue.o(.text)
    BH1750_Init                              0x0800092d   Thumb Code    18  bh1750.o(i.BH1750_Init)
    BH1750_ReadLight                         0x08000941   Thumb Code   112  bh1750.o(i.BH1750_ReadLight)
    BH1750_SendCmd                           0x080009c9   Thumb Code    36  bh1750.o(i.BH1750_SendCmd)
    BMP280_CompensatePress                   0x080009ed   Thumb Code   378  bmp280.o(i.BMP280_CompensatePress)
    BMP280_CompensateTemp                    0x08000b7d   Thumb Code    68  bmp280.o(i.BMP280_CompensateTemp)
    BMP280_GetData                           0x08000bcd   Thumb Code   224  bmp280.o(i.BMP280_GetData)
    BMP280_Init                              0x08000ced   Thumb Code   118  bmp280.o(i.BMP280_Init)
    BMP280_ReadCalib                         0x08000dad   Thumb Code   190  bmp280.o(i.BMP280_ReadCalib)
    BMP280_ReadID                            0x08000e71   Thumb Code     6  bmp280.o(i.BMP280_ReadID)
    BMP280_ReadMultiReg                      0x08000e77   Thumb Code    48  bmp280.o(i.BMP280_ReadMultiReg)
    BMP280_ReadReg                           0x08000ea7   Thumb Code    32  bmp280.o(i.BMP280_ReadReg)
    BMP280_Reset                             0x08000ec7   Thumb Code    20  bmp280.o(i.BMP280_Reset)
    BMP280_WriteReg                          0x08000edb   Thumb Code    32  bmp280.o(i.BMP280_WriteReg)
    BusFault_Handler                         0x08000efb   Thumb Code     2  stm32f4xx_it.o(i.BusFault_Handler)
    DebugMon_Handler                         0x08000efd   Thumb Code     2  stm32f4xx_it.o(i.DebugMon_Handler)
    Delay_Init                               0x08000f01   Thumb Code    40  delay.o(i.Delay_Init)
    Delay_ms                                 0x08000f2d   Thumb Code    24  delay.o(i.Delay_ms)
    Delay_us                                 0x08000f45   Thumb Code    16  delay.o(i.Delay_us)
    GPIO_Init                                0x08000f55   Thumb Code   124  stm32f4xx_gpio.o(i.GPIO_Init)
    GPIO_PinAFConfig                         0x08000fd1   Thumb Code    32  stm32f4xx_gpio.o(i.GPIO_PinAFConfig)
    GPIO_ReadInputDataBit                    0x08000ff1   Thumb Code    14  stm32f4xx_gpio.o(i.GPIO_ReadInputDataBit)
    GPIO_SetBits                             0x08000fff   Thumb Code     4  stm32f4xx_gpio.o(i.GPIO_SetBits)
    GPIO_WriteBit                            0x08001003   Thumb Code    14  stm32f4xx_gpio.o(i.GPIO_WriteBit)
    HandleInitPhaseData                      0x08001011   Thumb Code    34  sgp30.o(i.HandleInitPhaseData)
    HardFault_Handler                        0x0800107d   Thumb Code     2  stm32f4xx_it.o(i.HardFault_Handler)
    IIC1_Init                                0x08001081   Thumb Code    56  iic_1.o(i.IIC1_Init)
    MemManage_Handler                        0x080010bd   Thumb Code     2  stm32f4xx_it.o(i.MemManage_Handler)
    MyIIC1_R_SDA                             0x080010c1   Thumb Code    24  iic_1.o(i.MyIIC1_R_SDA)
    MyIIC1_ReceiveByte                       0x080010dd   Thumb Code    52  iic_1.o(i.MyIIC1_ReceiveByte)
    MyIIC1_Receive_Ack                       0x08001111   Thumb Code    30  iic_1.o(i.MyIIC1_Receive_Ack)
    MyIIC1_SendByte                          0x0800112f   Thumb Code    40  iic_1.o(i.MyIIC1_SendByte)
    MyIIC1_Send_Ack                          0x08001157   Thumb Code    22  iic_1.o(i.MyIIC1_Send_Ack)
    MyIIC1_Start                             0x0800116d   Thumb Code    30  iic_1.o(i.MyIIC1_Start)
    MyIIC1_Stop                              0x0800118b   Thumb Code    24  iic_1.o(i.MyIIC1_Stop)
    MyIIC1_W_SCL                             0x080011a5   Thumb Code    24  iic_1.o(i.MyIIC1_W_SCL)
    MyIIC1_W_SDA                             0x080011c1   Thumb Code    24  iic_1.o(i.MyIIC1_W_SDA)
    MySPI_Init                               0x080011dd   Thumb Code   190  spi_1.o(i.MySPI_Init)
    MySPI_Start                              0x080012a5   Thumb Code     6  spi_1.o(i.MySPI_Start)
    MySPI_Stop                               0x080012ab   Thumb Code     6  spi_1.o(i.MySPI_Stop)
    MySPI_SwapByte                           0x080012b1   Thumb Code    48  spi_1.o(i.MySPI_SwapByte)
    MySPI_W_SS                               0x080012e5   Thumb Code    10  spi_1.o(i.MySPI_W_SS)
    NMI_Handler                              0x080012f5   Thumb Code     2  stm32f4xx_it.o(i.NMI_Handler)
    NVIC_Init                                0x080012f9   Thumb Code    98  misc.o(i.NVIC_Init)
    NVIC_PriorityGroupConfig                 0x08001361   Thumb Code    10  misc.o(i.NVIC_PriorityGroupConfig)
    RCC_AHB1PeriphClockCmd                   0x08001375   Thumb Code    22  stm32f4xx_rcc.o(i.RCC_AHB1PeriphClockCmd)
    RCC_APB1PeriphClockCmd                   0x08001391   Thumb Code    22  stm32f4xx_rcc.o(i.RCC_APB1PeriphClockCmd)
    RCC_APB2PeriphClockCmd                   0x080013ad   Thumb Code    22  stm32f4xx_rcc.o(i.RCC_APB2PeriphClockCmd)
    RCC_GetClocksFreq                        0x080013c9   Thumb Code   148  stm32f4xx_rcc.o(i.RCC_GetClocksFreq)
    SGP30_Init                               0x0800149b   Thumb Code    32  sgp30.o(i.SGP30_Init)
    SGP30_MeasureIAQ                         0x080014bb   Thumb Code   208  sgp30.o(i.SGP30_MeasureIAQ)
    SGP30_SetHumidity                        0x080015c3   Thumb Code   118  sgp30.o(i.SGP30_SetHumidity)
    SPI_Cmd                                  0x08001639   Thumb Code    24  stm32f4xx_spi.o(i.SPI_Cmd)
    SPI_I2S_GetFlagStatus                    0x08001651   Thumb Code    14  stm32f4xx_spi.o(i.SPI_I2S_GetFlagStatus)
    SPI_I2S_ReceiveData                      0x0800165f   Thumb Code     4  stm32f4xx_spi.o(i.SPI_I2S_ReceiveData)
    SPI_I2S_SendData                         0x08001663   Thumb Code     4  stm32f4xx_spi.o(i.SPI_I2S_SendData)
    SPI_Init                                 0x08001667   Thumb Code    56  stm32f4xx_spi.o(i.SPI_Init)
    SensorTask                               0x080016a1   Thumb Code    46  main.o(i.SensorTask)
    SysTick_Handler                          0x0800179d   Thumb Code    38  port.o(i.SysTick_Handler)
    SystemInit                               0x080017c9   Thumb Code    74  system_stm32f4xx.o(i.SystemInit)
    UART5_IRQHandler                         0x08001825   Thumb Code    48  uart_5.o(i.UART5_IRQHandler)
    UART5_Init                               0x0800185d   Thumb Code   208  uart_5.o(i.UART5_Init)
    UART5_Printf                             0x08001939   Thumb Code    28  uart_5.o(i.UART5_Printf)
    UART5_SendChar                           0x08001955   Thumb Code    30  uart_5.o(i.UART5_SendChar)
    UART5_SendString                         0x08001979   Thumb Code    20  uart_5.o(i.UART5_SendString)
    USART1_IRQHandler                        0x0800198d   Thumb Code    92  usart_1.o(i.USART1_IRQHandler)
    USART1_Init                              0x080019f5   Thumb Code   164  usart_1.o(i.USART1_Init)
    USART1_SendChar                          0x08001aa1   Thumb Code    30  usart_1.o(i.USART1_SendChar)
    USART1_SendString                        0x08001ac5   Thumb Code    20  usart_1.o(i.USART1_SendString)
    USART_ClearITPendingBit                  0x08001ad9   Thumb Code    16  stm32f4xx_usart.o(i.USART_ClearITPendingBit)
    USART_Cmd                                0x08001ae9   Thumb Code    24  stm32f4xx_usart.o(i.USART_Cmd)
    USART_GetFlagStatus                      0x08001b01   Thumb Code    14  stm32f4xx_usart.o(i.USART_GetFlagStatus)
    USART_GetITStatus                        0x08001b0f   Thumb Code    64  stm32f4xx_usart.o(i.USART_GetITStatus)
    USART_ITConfig                           0x08001b4f   Thumb Code    54  stm32f4xx_usart.o(i.USART_ITConfig)
    USART_Init                               0x08001b85   Thumb Code   180  stm32f4xx_usart.o(i.USART_Init)
    USART_OverSampling8Cmd                   0x08001c41   Thumb Code    24  stm32f4xx_usart.o(i.USART_OverSampling8Cmd)
    USART_ReceiveData                        0x08001c59   Thumb Code     8  stm32f4xx_usart.o(i.USART_ReceiveData)
    USART_SendData                           0x08001c61   Thumb Code     8  stm32f4xx_usart.o(i.USART_SendData)
    UsageFault_Handler                       0x08001c69   Thumb Code     2  stm32f4xx_it.o(i.UsageFault_Handler)
    __0printf                                0x08001c6d   Thumb Code    22  printfa.o(i.__0printf)
    __1printf                                0x08001c6d   Thumb Code     0  printfa.o(i.__0printf)
    __2printf                                0x08001c6d   Thumb Code     0  printfa.o(i.__0printf)
    __c89printf                              0x08001c6d   Thumb Code     0  printfa.o(i.__0printf)
    printf                                   0x08001c6d   Thumb Code     0  printfa.o(i.__0printf)
    __0vsprintf                              0x08001c8d   Thumb Code    30  printfa.o(i.__0vsprintf)
    __1vsprintf                              0x08001c8d   Thumb Code     0  printfa.o(i.__0vsprintf)
    __2vsprintf                              0x08001c8d   Thumb Code     0  printfa.o(i.__0vsprintf)
    __c89vsprintf                            0x08001c8d   Thumb Code     0  printfa.o(i.__0vsprintf)
    vsprintf                                 0x08001c8d   Thumb Code     0  printfa.o(i.__0vsprintf)
    __ARM_fpclassifyf                        0x08001cb1   Thumb Code    38  fpclassifyf.o(i.__ARM_fpclassifyf)
    __hardfp_powf                            0x08001cd9   Thumb Code  1606  powf.o(i.__hardfp_powf)
    __mathlib_powf                           0x08001cd9   Thumb Code     0  powf.o(i.__hardfp_powf)
    __mathlib_flt_divzero                    0x0800233d   Thumb Code    14  funder.o(i.__mathlib_flt_divzero)
    __mathlib_flt_infnan2                    0x08002351   Thumb Code     6  funder.o(i.__mathlib_flt_infnan2)
    __mathlib_flt_invalid                    0x08002359   Thumb Code    10  funder.o(i.__mathlib_flt_invalid)
    __mathlib_flt_overflow                   0x08002369   Thumb Code    10  funder.o(i.__mathlib_flt_overflow)
    __mathlib_flt_underflow                  0x08002379   Thumb Code    10  funder.o(i.__mathlib_flt_underflow)
    __scatterload_copy                       0x08002389   Thumb Code    14  handlers.o(i.__scatterload_copy)
    __scatterload_null                       0x08002397   Thumb Code     2  handlers.o(i.__scatterload_null)
    __scatterload_zeroinit                   0x08002399   Thumb Code    14  handlers.o(i.__scatterload_zeroinit)
    __set_errno                              0x080023a9   Thumb Code     6  errno.o(i.__set_errno)
    aht10_get_data                           0x08002c71   Thumb Code   362  aht10.o(i.aht10_get_data)
    fputc                                    0x08002e71   Thumb Code    14  uart_5.o(i.fputc)
    main                                     0x08002e81   Thumb Code    72  main.o(i.main)
    pvPortMalloc                             0x08003725   Thumb Code   310  heap_4.o(i.pvPortMalloc)
    pxPortInitialiseStack                    0x08003869   Thumb Code    30  port.o(i.pxPortInitialiseStack)
    sgp30_data_show                          0x0800388d   Thumb Code    56  sgp30.o(i.sgp30_data_show)
    sgp30_data_show_init                     0x080038fd   Thumb Code    52  sgp30.o(i.sgp30_data_show_init)
    uxListRemove                             0x080039c1   Thumb Code    36  list.o(i.uxListRemove)
    vListInitialise                          0x080039e5   Thumb Code    22  list.o(i.vListInitialise)
    vListInitialiseItem                      0x080039fb   Thumb Code     6  list.o(i.vListInitialiseItem)
    vListInsert                              0x08003a01   Thumb Code    48  list.o(i.vListInsert)
    vPortEnterCritical                       0x08003a31   Thumb Code    54  port.o(i.vPortEnterCritical)
    vPortExitCritical                        0x08003a71   Thumb Code    38  port.o(i.vPortExitCritical)
    vPortFree                                0x08003a9d   Thumb Code   122  heap_4.o(i.vPortFree)
    vPortSetupTimerInterrupt                 0x08003b25   Thumb Code    32  port.o(i.vPortSetupTimerInterrupt)
    vQueueAddToRegistry                      0x08003b49   Thumb Code    72  queue.o(i.vQueueAddToRegistry)
    vQueueWaitForMessageRestricted           0x08003b95   Thumb Code    70  queue.o(i.vQueueWaitForMessageRestricted)
    vTaskDelay                               0x08003bdd   Thumb Code    72  tasks.o(i.vTaskDelay)
    vTaskInternalSetTimeOutState             0x08003c2d   Thumb Code    12  tasks.o(i.vTaskInternalSetTimeOutState)
    vTaskMissedYield                         0x08003c3d   Thumb Code     8  tasks.o(i.vTaskMissedYield)
    vTaskPlaceOnEventList                    0x08003c49   Thumb Code    46  tasks.o(i.vTaskPlaceOnEventList)
    vTaskPlaceOnEventListRestricted          0x08003c7d   Thumb Code    78  tasks.o(i.vTaskPlaceOnEventListRestricted)
    vTaskStartScheduler                      0x08003cd1   Thumb Code    78  tasks.o(i.vTaskStartScheduler)
    vTaskSuspendAll                          0x08003d25   Thumb Code    10  tasks.o(i.vTaskSuspendAll)
    vTaskSwitchContext                       0x08003d35   Thumb Code    92  tasks.o(i.vTaskSwitchContext)
    xPortStartScheduler                      0x08003d99   Thumb Code   232  port.o(i.xPortStartScheduler)
    xQueueGenericCreate                      0x08003e95   Thumb Code    80  queue.o(i.xQueueGenericCreate)
    xQueueGenericReset                       0x08003ee5   Thumb Code   176  queue.o(i.xQueueGenericReset)
    xQueueReceive                            0x08003f99   Thumb Code   310  queue.o(i.xQueueReceive)
    xTaskCheckForTimeOut                     0x080040d5   Thumb Code   122  tasks.o(i.xTaskCheckForTimeOut)
    xTaskCreate                              0x08004155   Thumb Code    30  tasks.o(i.xTaskCreate)
    xTaskGetSchedulerState                   0x08004175   Thumb Code    24  tasks.o(i.xTaskGetSchedulerState)
    xTaskGetTickCount                        0x08004191   Thumb Code     6  tasks.o(i.xTaskGetTickCount)
    xTaskIncrementTick                       0x0800419d   Thumb Code   300  tasks.o(i.xTaskIncrementTick)
    xTaskRemoveFromEventList                 0x080042d1   Thumb Code   216  tasks.o(i.xTaskRemoveFromEventList)
    xTaskResumeAll                           0x080043b1   Thumb Code   298  tasks.o(i.xTaskResumeAll)
    xTimerCreateTimerTask                    0x080044e9   Thumb Code    62  timers.o(i.xTimerCreateTimerTask)
    Region$$Table$$Base                      0x08004678   Number         0  anon$$obj.o(Region$$Table)
    Region$$Table$$Limit                     0x08004698   Number         0  anon$$obj.o(Region$$Table)
    SystemCoreClock                          0x20000000   Data           4  system_stm32f4xx.o(.data)
    AHBPrescTable                            0x20000004   Data          16  system_stm32f4xx.o(.data)
    uart5_rx_buf                             0x20000024   Data           1  uart_5.o(.data)
    uart5_rx_flag                            0x20000025   Data           1  uart_5.o(.data)
    data                                     0x20000028   Data           8  aht10.o(.data)
    g_init_flag                              0x20000030   Data           1  sgp30.o(.data)
    g_co2eq                                  0x20000032   Data           2  sgp30.o(.data)
    g_tvoc                                   0x20000034   Data           2  sgp30.o(.data)
    bmp_config                               0x20000036   Data           5  bmp280.o(.data)
    t_fine                                   0x2000003c   Data           4  bmp280.o(.data)
    pxCurrentTCB                             0x20000044   Data           4  tasks.o(.data)
    __stdout                                 0x200000c0   Data           4  stdout.o(.data)
    bmp280_calib                             0x200000c8   Data          24  bmp280.o(.bss)
    xQueueRegistry                           0x200001e0   Data          64  queue.o(.bss)
    __initial_sp                             0x20013310   Data           0  startup_stm32f40_41xxx.o(STACK)



==============================================================================

Memory Map of the image

  Image Entry point : 0x08000189

  Load Region LR_IROM1 (Base: 0x08000000, Size: 0x00004760, Max: 0x00100000, ABSOLUTE)

    Execution Region ER_IROM1 (Exec base: 0x08000000, Load base: 0x08000000, Size: 0x00004698, Max: 0x00100000, ABSOLUTE)

    Exec Addr    Load Addr    Size         Type   Attr      Idx    E Section Name        Object

    0x08000000   0x08000000   0x00000188   Data   RO          147    RESET               startup_stm32f40_41xxx.o
    0x08000188   0x08000188   0x00000000   Code   RO         7308  * .ARM.Collect$$$$00000000  mc_w.l(entry.o)
    0x08000188   0x08000188   0x00000004   Code   RO         7601    .ARM.Collect$$$$00000001  mc_w.l(entry2.o)
    0x0800018c   0x0800018c   0x00000004   Code   RO         7604    .ARM.Collect$$$$00000004  mc_w.l(entry5.o)
    0x08000190   0x08000190   0x00000000   Code   RO         7606    .ARM.Collect$$$$00000008  mc_w.l(entry7b.o)
    0x08000190   0x08000190   0x00000000   Code   RO         7608    .ARM.Collect$$$$0000000A  mc_w.l(entry8b.o)
    0x08000190   0x08000190   0x00000008   Code   RO         7609    .ARM.Collect$$$$0000000B  mc_w.l(entry9a.o)
    0x08000198   0x08000198   0x00000000   Code   RO         7611    .ARM.Collect$$$$0000000D  mc_w.l(entry10a.o)
    0x08000198   0x08000198   0x00000000   Code   RO         7613    .ARM.Collect$$$$0000000F  mc_w.l(entry11a.o)
    0x08000198   0x08000198   0x00000004   Code   RO         7602    .ARM.Collect$$$$00002712  mc_w.l(entry2.o)
    0x0800019c   0x0800019c   0x000000be   Code   RO         7214    .emb_text           port.o
    0x0800025a   0x0800025a   0x00000002   PAD
    0x0800025c   0x0800025c   0x00000024   Code   RO          148    .text               startup_stm32f40_41xxx.o
    0x08000280   0x08000280   0x00000062   Code   RO         7311    .text               mc_w.l(ldiv.o)
    0x080002e2   0x080002e2   0x00000024   Code   RO         7313    .text               mc_w.l(memcpya.o)
    0x08000306   0x08000306   0x00000024   Code   RO         7317    .text               mc_w.l(memseta.o)
    0x0800032a   0x0800032a   0x0000002c   Code   RO         7581    .text               mf_w.l(ffltl.o)
    0x08000356   0x08000356   0x00000026   Code   RO         7583    .text               mf_w.l(f2d.o)
    0x0800037c   0x0800037c   0x0000002c   Code   RO         7616    .text               mc_w.l(uidiv.o)
    0x080003a8   0x080003a8   0x00000062   Code   RO         7618    .text               mc_w.l(uldiv.o)
    0x0800040a   0x0800040a   0x00000000   Code   RO         7627    .text               mc_w.l(iusefp.o)
    0x0800040a   0x0800040a   0x0000006e   Code   RO         7628    .text               mf_w.l(fepilogue.o)
    0x08000478   0x08000478   0x0000014e   Code   RO         7630    .text               mf_w.l(dadd.o)
    0x080005c6   0x080005c6   0x000000e4   Code   RO         7632    .text               mf_w.l(dmul.o)
    0x080006aa   0x080006aa   0x000000de   Code   RO         7634    .text               mf_w.l(ddiv.o)
    0x08000788   0x08000788   0x00000030   Code   RO         7636    .text               mf_w.l(dfixul.o)
    0x080007b8   0x080007b8   0x00000030   Code   RO         7638    .text               mf_w.l(cdrcmple.o)
    0x080007e8   0x080007e8   0x00000004   Code   RO         7640    .text               mf_w.l(fpstat.o)
    0x080007ec   0x080007ec   0x00000024   Code   RO         7642    .text               mc_w.l(init.o)
    0x08000810   0x08000810   0x0000001e   Code   RO         7644    .text               mc_w.l(llshl.o)
    0x0800082e   0x0800082e   0x00000020   Code   RO         7646    .text               mc_w.l(llushr.o)
    0x0800084e   0x0800084e   0x00000024   Code   RO         7648    .text               mc_w.l(llsshr.o)
    0x08000872   0x08000872   0x000000ba   Code   RO         7650    .text               mf_w.l(depilogue.o)
    0x0800092c   0x0800092c   0x00000012   Code   RO         5545    i.BH1750_Init       bh1750.o
    0x0800093e   0x0800093e   0x00000002   PAD
    0x08000940   0x08000940   0x00000088   Code   RO         5546    i.BH1750_ReadLight  bh1750.o
    0x080009c8   0x080009c8   0x00000024   Code   RO         5547    i.BH1750_SendCmd    bh1750.o
    0x080009ec   0x080009ec   0x00000190   Code   RO         5635    i.BMP280_CompensatePress  bmp280.o
    0x08000b7c   0x08000b7c   0x00000050   Code   RO         5636    i.BMP280_CompensateTemp  bmp280.o
    0x08000bcc   0x08000bcc   0x00000120   Code   RO         5637    i.BMP280_GetData    bmp280.o
    0x08000cec   0x08000cec   0x000000c0   Code   RO         5638    i.BMP280_Init       bmp280.o
    0x08000dac   0x08000dac   0x000000c4   Code   RO         5639    i.BMP280_ReadCalib  bmp280.o
    0x08000e70   0x08000e70   0x00000006   Code   RO         5640    i.BMP280_ReadID     bmp280.o
    0x08000e76   0x08000e76   0x00000030   Code   RO         5641    i.BMP280_ReadMultiReg  bmp280.o
    0x08000ea6   0x08000ea6   0x00000020   Code   RO         5642    i.BMP280_ReadReg    bmp280.o
    0x08000ec6   0x08000ec6   0x00000014   Code   RO         5643    i.BMP280_Reset      bmp280.o
    0x08000eda   0x08000eda   0x00000020   Code   RO         5644    i.BMP280_WriteReg   bmp280.o
    0x08000efa   0x08000efa   0x00000002   Code   RO         5854    i.BusFault_Handler  stm32f4xx_it.o
    0x08000efc   0x08000efc   0x00000002   Code   RO         5855    i.DebugMon_Handler  stm32f4xx_it.o
    0x08000efe   0x08000efe   0x00000002   PAD
    0x08000f00   0x08000f00   0x0000002c   Code   RO         5914    i.Delay_Init        delay.o
    0x08000f2c   0x08000f2c   0x00000018   Code   RO         5915    i.Delay_ms          delay.o
    0x08000f44   0x08000f44   0x00000010   Code   RO         5917    i.Delay_us          delay.o
    0x08000f54   0x08000f54   0x0000007c   Code   RO         2073    i.GPIO_Init         stm32f4xx_gpio.o
    0x08000fd0   0x08000fd0   0x00000020   Code   RO         2074    i.GPIO_PinAFConfig  stm32f4xx_gpio.o
    0x08000ff0   0x08000ff0   0x0000000e   Code   RO         2077    i.GPIO_ReadInputDataBit  stm32f4xx_gpio.o
    0x08000ffe   0x08000ffe   0x00000004   Code   RO         2081    i.GPIO_SetBits      stm32f4xx_gpio.o
    0x08001002   0x08001002   0x0000000e   Code   RO         2085    i.GPIO_WriteBit     stm32f4xx_gpio.o
    0x08001010   0x08001010   0x0000006c   Code   RO         5475    i.HandleInitPhaseData  sgp30.o
    0x0800107c   0x0800107c   0x00000002   Code   RO         5856    i.HardFault_Handler  stm32f4xx_it.o
    0x0800107e   0x0800107e   0x00000002   PAD
    0x08001080   0x08001080   0x0000003c   Code   RO         5315    i.IIC1_Init         iic_1.o
    0x080010bc   0x080010bc   0x00000002   Code   RO         5857    i.MemManage_Handler  stm32f4xx_it.o
    0x080010be   0x080010be   0x00000002   PAD
    0x080010c0   0x080010c0   0x0000001c   Code   RO         5316    i.MyIIC1_R_SDA      iic_1.o
    0x080010dc   0x080010dc   0x00000034   Code   RO         5317    i.MyIIC1_ReceiveByte  iic_1.o
    0x08001110   0x08001110   0x0000001e   Code   RO         5318    i.MyIIC1_Receive_Ack  iic_1.o
    0x0800112e   0x0800112e   0x00000028   Code   RO         5319    i.MyIIC1_SendByte   iic_1.o
    0x08001156   0x08001156   0x00000016   Code   RO         5320    i.MyIIC1_Send_Ack   iic_1.o
    0x0800116c   0x0800116c   0x0000001e   Code   RO         5321    i.MyIIC1_Start      iic_1.o
    0x0800118a   0x0800118a   0x00000018   Code   RO         5322    i.MyIIC1_Stop       iic_1.o
    0x080011a2   0x080011a2   0x00000002   PAD
    0x080011a4   0x080011a4   0x0000001c   Code   RO         5323    i.MyIIC1_W_SCL      iic_1.o
    0x080011c0   0x080011c0   0x0000001c   Code   RO         5324    i.MyIIC1_W_SDA      iic_1.o
    0x080011dc   0x080011dc   0x000000c8   Code   RO         5584    i.MySPI_Init        spi_1.o
    0x080012a4   0x080012a4   0x00000006   Code   RO         5585    i.MySPI_Start       spi_1.o
    0x080012aa   0x080012aa   0x00000006   Code   RO         5586    i.MySPI_Stop        spi_1.o
    0x080012b0   0x080012b0   0x00000034   Code   RO         5587    i.MySPI_SwapByte    spi_1.o
    0x080012e4   0x080012e4   0x00000010   Code   RO         5588    i.MySPI_W_SS        spi_1.o
    0x080012f4   0x080012f4   0x00000002   Code   RO         5858    i.NMI_Handler       stm32f4xx_it.o
    0x080012f6   0x080012f6   0x00000002   PAD
    0x080012f8   0x080012f8   0x00000068   Code   RO          155    i.NVIC_Init         misc.o
    0x08001360   0x08001360   0x00000014   Code   RO          156    i.NVIC_PriorityGroupConfig  misc.o
    0x08001374   0x08001374   0x0000001c   Code   RO         3014    i.RCC_AHB1PeriphClockCmd  stm32f4xx_rcc.o
    0x08001390   0x08001390   0x0000001c   Code   RO         3023    i.RCC_APB1PeriphClockCmd  stm32f4xx_rcc.o
    0x080013ac   0x080013ac   0x0000001c   Code   RO         3026    i.RCC_APB2PeriphClockCmd  stm32f4xx_rcc.o
    0x080013c8   0x080013c8   0x000000a0   Code   RO         3035    i.RCC_GetClocksFreq  stm32f4xx_rcc.o
    0x08001468   0x08001468   0x00000032   Code   RO         5476    i.SGP30_CRC8        sgp30.o
    0x0800149a   0x0800149a   0x00000020   Code   RO         5477    i.SGP30_Init        sgp30.o
    0x080014ba   0x080014ba   0x000000d0   Code   RO         5478    i.SGP30_MeasureIAQ  sgp30.o
    0x0800158a   0x0800158a   0x00000038   Code   RO         5479    i.SGP30_SendCmd     sgp30.o
    0x080015c2   0x080015c2   0x00000076   Code   RO         5480    i.SGP30_SetHumidity  sgp30.o
    0x08001638   0x08001638   0x00000018   Code   RO         4181    i.SPI_Cmd           stm32f4xx_spi.o
    0x08001650   0x08001650   0x0000000e   Code   RO         4189    i.SPI_I2S_GetFlagStatus  stm32f4xx_spi.o
    0x0800165e   0x0800165e   0x00000004   Code   RO         4192    i.SPI_I2S_ReceiveData  stm32f4xx_spi.o
    0x08001662   0x08001662   0x00000004   Code   RO         4193    i.SPI_I2S_SendData  stm32f4xx_spi.o
    0x08001666   0x08001666   0x00000038   Code   RO         4194    i.SPI_Init          stm32f4xx_spi.o
    0x0800169e   0x0800169e   0x00000002   PAD
    0x080016a0   0x080016a0   0x00000044   Code   RO         5797    i.SensorTask        main.o
    0x080016e4   0x080016e4   0x000000b8   Code   RO            4    i.SetSysClock       system_stm32f4xx.o
    0x0800179c   0x0800179c   0x0000002c   Code   RO         7215    i.SysTick_Handler   port.o
    0x080017c8   0x080017c8   0x0000005c   Code   RO            6    i.SystemInit        system_stm32f4xx.o
    0x08001824   0x08001824   0x00000038   Code   RO         5242    i.UART5_IRQHandler  uart_5.o
    0x0800185c   0x0800185c   0x000000dc   Code   RO         5243    i.UART5_Init        uart_5.o
    0x08001938   0x08001938   0x0000001c   Code   RO         5244    i.UART5_Printf      uart_5.o
    0x08001954   0x08001954   0x00000024   Code   RO         5246    i.UART5_SendChar    uart_5.o
    0x08001978   0x08001978   0x00000014   Code   RO         5247    i.UART5_SendString  uart_5.o
    0x0800198c   0x0800198c   0x00000068   Code   RO         5727    i.USART1_IRQHandler  usart_1.o
    0x080019f4   0x080019f4   0x000000ac   Code   RO         5728    i.USART1_Init       usart_1.o
    0x08001aa0   0x08001aa0   0x00000024   Code   RO         5731    i.USART1_SendChar   usart_1.o
    0x08001ac4   0x08001ac4   0x00000014   Code   RO         5732    i.USART1_SendString  usart_1.o
    0x08001ad8   0x08001ad8   0x00000010   Code   RO         4979    i.USART_ClearITPendingBit  stm32f4xx_usart.o
    0x08001ae8   0x08001ae8   0x00000018   Code   RO         4982    i.USART_Cmd         stm32f4xx_usart.o
    0x08001b00   0x08001b00   0x0000000e   Code   RO         4985    i.USART_GetFlagStatus  stm32f4xx_usart.o
    0x08001b0e   0x08001b0e   0x00000040   Code   RO         4986    i.USART_GetITStatus  stm32f4xx_usart.o
    0x08001b4e   0x08001b4e   0x00000036   Code   RO         4988    i.USART_ITConfig    stm32f4xx_usart.o
    0x08001b84   0x08001b84   0x000000bc   Code   RO         4989    i.USART_Init        stm32f4xx_usart.o
    0x08001c40   0x08001c40   0x00000018   Code   RO         4995    i.USART_OverSampling8Cmd  stm32f4xx_usart.o
    0x08001c58   0x08001c58   0x00000008   Code   RO         4996    i.USART_ReceiveData  stm32f4xx_usart.o
    0x08001c60   0x08001c60   0x00000008   Code   RO         4999    i.USART_SendData    stm32f4xx_usart.o
    0x08001c68   0x08001c68   0x00000002   Code   RO         5859    i.UsageFault_Handler  stm32f4xx_it.o
    0x08001c6a   0x08001c6a   0x00000002   PAD
    0x08001c6c   0x08001c6c   0x00000020   Code   RO         7554    i.__0printf         mc_w.l(printfa.o)
    0x08001c8c   0x08001c8c   0x00000024   Code   RO         7560    i.__0vsprintf       mc_w.l(printfa.o)
    0x08001cb0   0x08001cb0   0x00000026   Code   RO         7585    i.__ARM_fpclassifyf  m_wm.l(fpclassifyf.o)
    0x08001cd6   0x08001cd6   0x00000002   PAD
    0x08001cd8   0x08001cd8   0x00000664   Code   RO         7294    i.__hardfp_powf     m_wm.l(powf.o)
    0x0800233c   0x0800233c   0x00000014   Code   RO         7587    i.__mathlib_flt_divzero  m_wm.l(funder.o)
    0x08002350   0x08002350   0x00000006   Code   RO         7589    i.__mathlib_flt_infnan2  m_wm.l(funder.o)
    0x08002356   0x08002356   0x00000002   PAD
    0x08002358   0x08002358   0x00000010   Code   RO         7590    i.__mathlib_flt_invalid  m_wm.l(funder.o)
    0x08002368   0x08002368   0x00000010   Code   RO         7591    i.__mathlib_flt_overflow  m_wm.l(funder.o)
    0x08002378   0x08002378   0x00000010   Code   RO         7593    i.__mathlib_flt_underflow  m_wm.l(funder.o)
    0x08002388   0x08002388   0x0000000e   Code   RO         7654    i.__scatterload_copy  mc_w.l(handlers.o)
    0x08002396   0x08002396   0x00000002   Code   RO         7655    i.__scatterload_null  mc_w.l(handlers.o)
    0x08002398   0x08002398   0x0000000e   Code   RO         7656    i.__scatterload_zeroinit  mc_w.l(handlers.o)
    0x080023a6   0x080023a6   0x00000002   PAD
    0x080023a8   0x080023a8   0x0000000c   Code   RO         7622    i.__set_errno       mc_w.l(errno.o)
    0x080023b4   0x080023b4   0x00000184   Code   RO         7561    i._fp_digits        mc_w.l(printfa.o)
    0x08002538   0x08002538   0x000006dc   Code   RO         7562    i._printf_core      mc_w.l(printfa.o)
    0x08002c14   0x08002c14   0x00000024   Code   RO         7563    i._printf_post_padding  mc_w.l(printfa.o)
    0x08002c38   0x08002c38   0x0000002e   Code   RO         7564    i._printf_pre_padding  mc_w.l(printfa.o)
    0x08002c66   0x08002c66   0x0000000a   Code   RO         7566    i._sputc            mc_w.l(printfa.o)
    0x08002c70   0x08002c70   0x00000200   Code   RO         5403    i.aht10_get_data    aht10.o
    0x08002e70   0x08002e70   0x0000000e   Code   RO         5248    i.fputc             uart_5.o
    0x08002e7e   0x08002e7e   0x00000002   PAD
    0x08002e80   0x08002e80   0x0000007c   Code   RO         5798    i.main              main.o
    0x08002efc   0x08002efc   0x00000094   Code   RO         6544    i.prvAddCurrentTaskToDelayedList  tasks.o
    0x08002f90   0x08002f90   0x000000ac   Code   RO         6545    i.prvAddNewTaskToReadyList  tasks.o
    0x0800303c   0x0800303c   0x00000050   Code   RO         6942    i.prvCheckForValidListAndQueue  timers.o
    0x0800308c   0x0800308c   0x0000003c   Code   RO         6546    i.prvCheckTasksWaitingTermination  tasks.o
    0x080030c8   0x080030c8   0x00000028   Code   RO         6137    i.prvCopyDataFromQueue  queue.o
    0x080030f0   0x080030f0   0x00000058   Code   RO         6547    i.prvCreateIdleTasks  tasks.o
    0x08003148   0x08003148   0x0000005c   Code   RO         6548    i.prvCreateTask     tasks.o
    0x080031a4   0x080031a4   0x00000014   Code   RO         6549    i.prvDeleteTCB      tasks.o
    0x080031b8   0x080031b8   0x00000024   Code   RO         6943    i.prvGetNextExpireTime  timers.o
    0x080031dc   0x080031dc   0x00000048   Code   RO         7125    i.prvHeapInit       heap_4.o
    0x08003224   0x08003224   0x00000028   Code   RO         6550    i.prvIdleTask       tasks.o
    0x0800324c   0x0800324c   0x00000022   Code   RO         6141    i.prvInitialiseNewQueue  queue.o
    0x0800326e   0x0800326e   0x000000a2   Code   RO         6551    i.prvInitialiseNewTask  tasks.o
    0x08003310   0x08003310   0x00000058   Code   RO         6552    i.prvInitialiseTaskLists  tasks.o
    0x08003368   0x08003368   0x0000007c   Code   RO         7126    i.prvInsertBlockIntoFreeList  heap_4.o
    0x080033e4   0x080033e4   0x00000040   Code   RO         6945    i.prvInsertTimerInActiveList  timers.o
    0x08003424   0x08003424   0x0000001a   Code   RO         6142    i.prvIsQueueEmpty   queue.o
    0x0800343e   0x0800343e   0x00000002   PAD
    0x08003440   0x08003440   0x00000040   Code   RO         6946    i.prvProcessExpiredTimer  timers.o
    0x08003480   0x08003480   0x000000ec   Code   RO         6947    i.prvProcessReceivedCommands  timers.o
    0x0800356c   0x0800356c   0x0000006c   Code   RO         6948    i.prvProcessTimerOrBlockTask  timers.o
    0x080035d8   0x080035d8   0x00000028   Code   RO         6949    i.prvReloadTimer    timers.o
    0x08003600   0x08003600   0x00000020   Code   RO         6554    i.prvResetNextTaskUnblockTime  tasks.o
    0x08003620   0x08003620   0x0000002c   Code   RO         6950    i.prvSampleTimeNow  timers.o
    0x0800364c   0x0800364c   0x0000002c   Code   RO         6951    i.prvSwitchTimerLists  timers.o
    0x08003678   0x08003678   0x0000002c   Code   RO         7216    i.prvTaskExitError  port.o
    0x080036a4   0x080036a4   0x00000014   Code   RO         6952    i.prvTimerTask      timers.o
    0x080036b8   0x080036b8   0x0000006a   Code   RO         6144    i.prvUnlockQueue    queue.o
    0x08003722   0x08003722   0x00000002   PAD
    0x08003724   0x08003724   0x00000144   Code   RO         7128    i.pvPortMalloc      heap_4.o
    0x08003868   0x08003868   0x00000024   Code   RO         7217    i.pxPortInitialiseStack  port.o
    0x0800388c   0x0800388c   0x00000070   Code   RO         5481    i.sgp30_data_show   sgp30.o
    0x080038fc   0x080038fc   0x000000c4   Code   RO         5482    i.sgp30_data_show_init  sgp30.o
    0x080039c0   0x080039c0   0x00000024   Code   RO         6097    i.uxListRemove      list.o
    0x080039e4   0x080039e4   0x00000016   Code   RO         6098    i.vListInitialise   list.o
    0x080039fa   0x080039fa   0x00000006   Code   RO         6099    i.vListInitialiseItem  list.o
    0x08003a00   0x08003a00   0x00000030   Code   RO         6100    i.vListInsert       list.o
    0x08003a30   0x08003a30   0x00000040   Code   RO         7219    i.vPortEnterCritical  port.o
    0x08003a70   0x08003a70   0x0000002c   Code   RO         7220    i.vPortExitCritical  port.o
    0x08003a9c   0x08003a9c   0x00000088   Code   RO         7129    i.vPortFree         heap_4.o
    0x08003b24   0x08003b24   0x00000024   Code   RO         7221    i.vPortSetupTimerInterrupt  port.o
    0x08003b48   0x08003b48   0x0000004c   Code   RO         6152    i.vQueueAddToRegistry  queue.o
    0x08003b94   0x08003b94   0x00000046   Code   RO         6156    i.vQueueWaitForMessageRestricted  queue.o
    0x08003bda   0x08003bda   0x00000002   PAD
    0x08003bdc   0x08003bdc   0x00000050   Code   RO         6568    i.vTaskDelay        tasks.o
    0x08003c2c   0x08003c2c   0x00000010   Code   RO         6573    i.vTaskInternalSetTimeOutState  tasks.o
    0x08003c3c   0x08003c3c   0x0000000c   Code   RO         6574    i.vTaskMissedYield  tasks.o
    0x08003c48   0x08003c48   0x00000034   Code   RO         6575    i.vTaskPlaceOnEventList  tasks.o
    0x08003c7c   0x08003c7c   0x00000054   Code   RO         6576    i.vTaskPlaceOnEventListRestricted  tasks.o
    0x08003cd0   0x08003cd0   0x00000054   Code   RO         6585    i.vTaskStartScheduler  tasks.o
    0x08003d24   0x08003d24   0x00000010   Code   RO         6587    i.vTaskSuspendAll   tasks.o
    0x08003d34   0x08003d34   0x00000064   Code   RO         6588    i.vTaskSwitchContext  tasks.o
    0x08003d98   0x08003d98   0x000000fc   Code   RO         7223    i.xPortStartScheduler  port.o
    0x08003e94   0x08003e94   0x00000050   Code   RO         6159    i.xQueueGenericCreate  queue.o
    0x08003ee4   0x08003ee4   0x000000b4   Code   RO         6160    i.xQueueGenericReset  queue.o
    0x08003f98   0x08003f98   0x0000013c   Code   RO         6169    i.xQueueReceive     queue.o
    0x080040d4   0x080040d4   0x00000080   Code   RO         6590    i.xTaskCheckForTimeOut  tasks.o
    0x08004154   0x08004154   0x0000001e   Code   RO         6591    i.xTaskCreate       tasks.o
    0x08004172   0x08004172   0x00000002   PAD
    0x08004174   0x08004174   0x0000001c   Code   RO         6599    i.xTaskGetSchedulerState  tasks.o
    0x08004190   0x08004190   0x0000000c   Code   RO         6600    i.xTaskGetTickCount  tasks.o
    0x0800419c   0x0800419c   0x00000134   Code   RO         6602    i.xTaskIncrementTick  tasks.o
    0x080042d0   0x080042d0   0x000000e0   Code   RO         6605    i.xTaskRemoveFromEventList  tasks.o
    0x080043b0   0x080043b0   0x00000138   Code   RO         6606    i.xTaskResumeAll    tasks.o
    0x080044e8   0x080044e8   0x00000050   Code   RO         6961    i.xTimerCreateTimerTask  timers.o
    0x08004538   0x08004538   0x00000140   Data   RO         7297    .constdata          m_wm.l(powf.o)
    0x08004678   0x08004678   0x00000020   Data   RO         7652    Region$$Table       anon$$obj.o


    Execution Region RW_IRAM1 (Exec base: 0x20000000, Load base: 0x08004698, Size: 0x00013310, Max: 0x00020000, ABSOLUTE)

    Exec Addr    Load Addr    Size         Type   Attr      Idx    E Section Name        Object

    0x20000000   0x08004698   0x00000014   Data   RW            7    .data               system_stm32f4xx.o
    0x20000014   0x080046ac   0x00000010   Data   RW         3067    .data               stm32f4xx_rcc.o
    0x20000024   0x080046bc   0x00000002   Data   RW         5249    .data               uart_5.o
    0x20000026   0x080046be   0x00000002   PAD
    0x20000028   0x080046c0   0x00000008   Data   RW         5406    .data               aht10.o
    0x20000030   0x080046c8   0x00000006   Data   RW         5483    .data               sgp30.o
    0x20000036   0x080046ce   0x00000005   Data   RW         5646    .data               bmp280.o
    0x2000003b   0x080046d3   0x00000001   PAD
    0x2000003c   0x080046d4   0x00000004   Data   RW         5647    .data               bmp280.o
    0x20000040   0x080046d8   0x00000004   Data   RW         5734    .data               usart_1.o
    0x20000044   0x080046dc   0x00000040   Data   RW         6609    .data               tasks.o
    0x20000084   0x0800471c   0x00000014   Data   RW         6970    .data               timers.o
    0x20000098   0x08004730   0x0000001c   Data   RW         7137    .data               heap_4.o
    0x200000b4   0x0800474c   0x0000000c   Data   RW         7224    .data               port.o
    0x200000c0   0x08004758   0x00000004   Data   RW         7615    .data               mc_w.l(stdout.o)
    0x200000c4   0x0800475c   0x00000004   Data   RW         7623    .data               mc_w.l(errno.o)
    0x200000c8        -       0x00000018   Zero   RW         5645    .bss                bmp280.o
    0x200000e0        -       0x00000100   Zero   RW         5733    .bss                usart_1.o
    0x200001e0        -       0x00000040   Zero   RW         6173    .bss                queue.o
    0x20000220        -       0x000000c8   Zero   RW         6608    .bss                tasks.o
    0x200002e8        -       0x00000028   Zero   RW         6969    .bss                timers.o
    0x20000310        -       0x00012c00   Zero   RW         7136    .bss                heap_4.o
    0x20012f10        -       0x00000400   Zero   RW          145    STACK               startup_stm32f40_41xxx.o


==============================================================================

Image component sizes


      Code (inc. data)   RO Data    RW Data    ZI Data      Debug   Object Name

       512        150          0          8          0       7492   aht10.o
       190         24          0          0          0       1754   bh1750.o
      1294        178          0          9         24       8320   bmp280.o
         0          0          0          0          0       6056   croutine.o
        84          4          0          0          0       1483   delay.o
         0          0          0          0          0      14300   event_groups.o
       656         50          0         28      76800       7127   heap_4.o
       342         16          0          0          0       5308   iic_1.o
       112          0          0          0          0       2857   list.o
       192         74          0          0          0       1044   main.o
       124         16          0          0          0       3299   misc.o
       710         72          0         12          0      10508   port.o
       928         14          0          0         64      12719   queue.o
       880        274          0          6          0       5748   sgp30.o
       280         20          0          0          0       2610   spi_1.o
        36          8        392          0       1024        824   startup_stm32f40_41xxx.o
         0          0          0          0          0      15364   stm32f4xx_dfsdm.o
       188          0          0          0          0      10682   stm32f4xx_gpio.o
        12          0          0          0          0       2725   stm32f4xx_it.o
       244         30          0         16          0       4903   stm32f4xx_rcc.o
       102          0          0          0          0      11730   stm32f4xx_spi.o
       400          8          0          0          0      13000   stm32f4xx_usart.o
       276         34          0         20          0     281669   system_stm32f4xx.o
      2388        166          0         64        200      30584   tasks.o
       816         86          0         20         40      26800   timers.o
       374         26          0          2          0       6060   uart_5.o
       332         26          0          4        256       3108   usart_1.o

    ----------------------------------------------------------------------
     11500       1276        424        192      78408     498074   Object Totals
         0          0         32          0          0          0   (incl. Generated)
        28          0          0          3          0          0   (incl. Padding)

    ----------------------------------------------------------------------

      Code (inc. data)   RO Data    RW Data    ZI Data      Debug   Library Member Name

        38          0          0          0          0        116   fpclassifyf.o
        74         24          0          0          0        580   funder.o
      1636        110        320          0          0        372   powf.o
         0          0          0          0          0          0   entry.o
         0          0          0          0          0          0   entry10a.o
         0          0          0          0          0          0   entry11a.o
         8          4          0          0          0          0   entry2.o
         4          0          0          0          0          0   entry5.o
         0          0          0          0          0          0   entry7b.o
         0          0          0          0          0          0   entry8b.o
         8          4          0          0          0          0   entry9a.o
        12          6          0          4          0         68   errno.o
        30          0          0          0          0          0   handlers.o
        36          8          0          0          0         68   init.o
         0          0          0          0          0          0   iusefp.o
        98          0          0          0          0         84   ldiv.o
        30          0          0          0          0         68   llshl.o
        36          0          0          0          0         68   llsshr.o
        32          0          0          0          0         68   llushr.o
        36          0          0          0          0         68   memcpya.o
        36          0          0          0          0        108   memseta.o
      2304         96          0          0          0        600   printfa.o
         0          0          0          4          0          0   stdout.o
        44          0          0          0          0         80   uidiv.o
        98          0          0          0          0         92   uldiv.o
        48          0          0          0          0         68   cdrcmple.o
       334          0          0          0          0        148   dadd.o
       222          0          0          0          0        100   ddiv.o
       186          0          0          0          0        176   depilogue.o
        48          0          0          0          0         68   dfixul.o
       228          0          0          0          0         96   dmul.o
        38          0          0          0          0         68   f2d.o
       110          0          0          0          0        168   fepilogue.o
        44          0          0          0          0         92   ffltl.o
         4          0          0          0          0         68   fpstat.o

    ----------------------------------------------------------------------
      5828        252        320          8          0       3492   Library Totals
         6          0          0          0          0          0   (incl. Padding)

    ----------------------------------------------------------------------

      Code (inc. data)   RO Data    RW Data    ZI Data      Debug   Library Name

      1748        134        320          0          0       1068   m_wm.l
      2812        118          0          8          0       1372   mc_w.l
      1262          0          0          0          0       1052   mf_w.l

    ----------------------------------------------------------------------
      5828        252        320          8          0       3492   Library Totals

    ----------------------------------------------------------------------

==============================================================================


      Code (inc. data)   RO Data    RW Data    ZI Data      Debug   

     17328       1528        744        200      78408     485922   Grand Totals
     17328       1528        744        200      78408     485922   ELF Image Totals
     17328       1528        744        200          0          0   ROM Totals

==============================================================================

    Total RO  Size (Code + RO Data)                18072 (  17.65kB)
    Total RW  Size (RW Data + ZI Data)             78608 (  76.77kB)
    Total ROM Size (Code + RO Data + RW Data)      18272 (  17.84kB)

==============================================================================

