Component: ARM Compiler 5.06 update 5 (build 528) Tool: armlink [4d35e2]

==============================================================================

Section Cross References

    system_stm32f4xx.o(i.SystemCoreClockUpdate) refers to system_stm32f4xx.o(.data) for .data
    system_stm32f4xx.o(i.SystemInit) refers to system_stm32f4xx.o(i.SetSysClock) for SetSysClock
    startup_stm32f40_41xxx.o(RESET) refers to startup_stm32f40_41xxx.o(STACK) for __initial_sp
    startup_stm32f40_41xxx.o(RESET) refers to startup_stm32f40_41xxx.o(.text) for Reset_Handler
    startup_stm32f40_41xxx.o(RESET) refers to stm32f4xx_it.o(i.NMI_Handler) for NMI_Handler
    startup_stm32f40_41xxx.o(RESET) refers to stm32f4xx_it.o(i.HardFault_Handler) for HardFault_Handler
    startup_stm32f40_41xxx.o(RESET) refers to stm32f4xx_it.o(i.MemManage_Handler) for MemManage_Handler
    startup_stm32f40_41xxx.o(RESET) refers to stm32f4xx_it.o(i.BusFault_Handler) for BusFault_Handler
    startup_stm32f40_41xxx.o(RESET) refers to stm32f4xx_it.o(i.UsageFault_Handler) for UsageFault_Handler
    startup_stm32f40_41xxx.o(RESET) refers to port.o(.emb_text) for SVC_Handler
    startup_stm32f40_41xxx.o(RESET) refers to stm32f4xx_it.o(i.DebugMon_Handler) for DebugMon_Handler
    startup_stm32f40_41xxx.o(RESET) refers to port.o(i.SysTick_Handler) for SysTick_Handler
    startup_stm32f40_41xxx.o(RESET) refers to porttimer.o(i.TIM4_IRQHandler) for TIM4_IRQHandler
    startup_stm32f40_41xxx.o(RESET) refers to portserial.o(i.USART1_IRQHandler) for USART1_IRQHandler
    startup_stm32f40_41xxx.o(RESET) refers to uart_5.o(i.UART5_IRQHandler) for UART5_IRQHandler
    startup_stm32f40_41xxx.o(.text) refers to system_stm32f4xx.o(i.SystemInit) for SystemInit
    startup_stm32f40_41xxx.o(.text) refers to entry.o(.ARM.Collect$$$$00000000) for __main
    stm32f4xx_adc.o(i.ADC_DeInit) refers to stm32f4xx_rcc.o(i.RCC_APB2PeriphResetCmd) for RCC_APB2PeriphResetCmd
    stm32f4xx_can.o(i.CAN_DeInit) refers to stm32f4xx_rcc.o(i.RCC_APB1PeriphResetCmd) for RCC_APB1PeriphResetCmd
    stm32f4xx_can.o(i.CAN_GetITStatus) refers to stm32f4xx_can.o(i.CheckITStatus) for CheckITStatus
    stm32f4xx_cryp.o(i.CRYP_DeInit) refers to stm32f4xx_rcc.o(i.RCC_AHB2PeriphResetCmd) for RCC_AHB2PeriphResetCmd
    stm32f4xx_cryp_aes.o(i.CRYP_AES_CBC) refers to stm32f4xx_cryp.o(i.CRYP_KeyStructInit) for CRYP_KeyStructInit
    stm32f4xx_cryp_aes.o(i.CRYP_AES_CBC) refers to stm32f4xx_cryp.o(i.CRYP_KeyInit) for CRYP_KeyInit
    stm32f4xx_cryp_aes.o(i.CRYP_AES_CBC) refers to stm32f4xx_cryp.o(i.CRYP_Init) for CRYP_Init
    stm32f4xx_cryp_aes.o(i.CRYP_AES_CBC) refers to stm32f4xx_cryp.o(i.CRYP_IVInit) for CRYP_IVInit
    stm32f4xx_cryp_aes.o(i.CRYP_AES_CBC) refers to stm32f4xx_cryp.o(i.CRYP_FIFOFlush) for CRYP_FIFOFlush
    stm32f4xx_cryp_aes.o(i.CRYP_AES_CBC) refers to stm32f4xx_cryp.o(i.CRYP_Cmd) for CRYP_Cmd
    stm32f4xx_cryp_aes.o(i.CRYP_AES_CBC) refers to stm32f4xx_cryp.o(i.CRYP_GetCmdStatus) for CRYP_GetCmdStatus
    stm32f4xx_cryp_aes.o(i.CRYP_AES_CBC) refers to stm32f4xx_cryp.o(i.CRYP_GetFlagStatus) for CRYP_GetFlagStatus
    stm32f4xx_cryp_aes.o(i.CRYP_AES_CBC) refers to stm32f4xx_cryp.o(i.CRYP_DataIn) for CRYP_DataIn
    stm32f4xx_cryp_aes.o(i.CRYP_AES_CBC) refers to stm32f4xx_cryp.o(i.CRYP_DataOut) for CRYP_DataOut
    stm32f4xx_cryp_aes.o(i.CRYP_AES_CCM) refers to stm32f4xx_cryp.o(i.CRYP_KeyStructInit) for CRYP_KeyStructInit
    stm32f4xx_cryp_aes.o(i.CRYP_AES_CCM) refers to stm32f4xx_cryp.o(i.CRYP_FIFOFlush) for CRYP_FIFOFlush
    stm32f4xx_cryp_aes.o(i.CRYP_AES_CCM) refers to stm32f4xx_cryp.o(i.CRYP_KeyInit) for CRYP_KeyInit
    stm32f4xx_cryp_aes.o(i.CRYP_AES_CCM) refers to stm32f4xx_cryp.o(i.CRYP_IVInit) for CRYP_IVInit
    stm32f4xx_cryp_aes.o(i.CRYP_AES_CCM) refers to stm32f4xx_cryp.o(i.CRYP_Init) for CRYP_Init
    stm32f4xx_cryp_aes.o(i.CRYP_AES_CCM) refers to stm32f4xx_cryp.o(i.CRYP_PhaseConfig) for CRYP_PhaseConfig
    stm32f4xx_cryp_aes.o(i.CRYP_AES_CCM) refers to stm32f4xx_cryp.o(i.CRYP_DataIn) for CRYP_DataIn
    stm32f4xx_cryp_aes.o(i.CRYP_AES_CCM) refers to stm32f4xx_cryp.o(i.CRYP_Cmd) for CRYP_Cmd
    stm32f4xx_cryp_aes.o(i.CRYP_AES_CCM) refers to stm32f4xx_cryp.o(i.CRYP_GetCmdStatus) for CRYP_GetCmdStatus
    stm32f4xx_cryp_aes.o(i.CRYP_AES_CCM) refers to stm32f4xx_cryp.o(i.CRYP_GetFlagStatus) for CRYP_GetFlagStatus
    stm32f4xx_cryp_aes.o(i.CRYP_AES_CCM) refers to stm32f4xx_cryp.o(i.CRYP_DataOut) for CRYP_DataOut
    stm32f4xx_cryp_aes.o(i.CRYP_AES_CTR) refers to stm32f4xx_cryp.o(i.CRYP_KeyStructInit) for CRYP_KeyStructInit
    stm32f4xx_cryp_aes.o(i.CRYP_AES_CTR) refers to stm32f4xx_cryp.o(i.CRYP_KeyInit) for CRYP_KeyInit
    stm32f4xx_cryp_aes.o(i.CRYP_AES_CTR) refers to stm32f4xx_cryp.o(i.CRYP_Init) for CRYP_Init
    stm32f4xx_cryp_aes.o(i.CRYP_AES_CTR) refers to stm32f4xx_cryp.o(i.CRYP_IVInit) for CRYP_IVInit
    stm32f4xx_cryp_aes.o(i.CRYP_AES_CTR) refers to stm32f4xx_cryp.o(i.CRYP_FIFOFlush) for CRYP_FIFOFlush
[...]
    .text                                    0x080003c0   Section        0  fepilogue.o(.text)
    .text                                    0x0800042e   Section        0  dadd.o(.text)
    .text                                    0x0800057c   Section        0  dmul.o(.text)
    .text                                    0x08000660   Section        0  ddiv.o(.text)
    .text                                    0x0800073e   Section        0  dfixul.o(.text)
    .text                                    0x08000770   Section       48  cdrcmple.o(.text)
    .text                                    0x080007a0   Section        0  fpstat.o(.text)
    .text                                    0x080007a4   Section       36  init.o(.text)
    .text                                    0x080007c8   Section        0  llshl.o(.text)
    .text                                    0x080007e6   Section        0  llushr.o(.text)
    .text                                    0x08000806   Section        0  llsshr.o(.text)
    .text                                    0x0800082a   Section        0  depilogue.o(.text)
    .text                                    0x080008e4   Section        0  __dczerorl2.o(.text)
    i.BH1750_Init                            0x0800093a   Section        0  bh1750.o(i.BH1750_Init)
    i.BH1750_ReadLight                       0x0800094c   Section        0  bh1750.o(i.BH1750_ReadLight)
    i.BH1750_SendCmd                         0x080009b0   Section        0  bh1750.o(i.BH1750_SendCmd)
    i.BMP280_CompensatePress                 0x080009d4   Section        0  bmp280.o(i.BMP280_CompensatePress)
    i.BMP280_CompensateTemp                  0x08000b64   Section        0  bmp280.o(i.BMP280_CompensateTemp)
    i.BMP280_GetData                         0x08000bb4   Section        0  bmp280.o(i.BMP280_GetData)
    i.BMP280_Init                            0x08000c84   Section        0  bmp280.o(i.BMP280_Init)
    i.BMP280_ReadCalib                       0x08000d44   Section        0  bmp280.o(i.BMP280_ReadCalib)
    i.BMP280_ReadID                          0x08000e08   Section        0  bmp280.o(i.BMP280_ReadID)
    i.BMP280_ReadMultiReg                    0x08000e0e   Section        0  bmp280.o(i.BMP280_ReadMultiReg)
    i.BMP280_ReadReg                         0x08000e3e   Section        0  bmp280.o(i.BMP280_ReadReg)
    i.BMP280_Reset                           0x08000e5e   Section        0  bmp280.o(i.BMP280_Reset)
    i.BMP280_WriteReg                        0x08000e72   Section        0  bmp280.o(i.BMP280_WriteReg)
    i.BusFault_Handler                       0x08000e92   Section        0  stm32f4xx_it.o(i.BusFault_Handler)
    i.DebugMon_Handler                       0x08000e94   Section        0  stm32f4xx_it.o(i.DebugMon_Handler)
    i.Delay_Init                             0x08000e98   Section        0  delay.o(i.Delay_Init)
    i.Delay_ms                               0x08000ee0   Section        0  delay.o(i.Delay_ms)
    i.Delay_us                               0x08000ef8   Section        0  delay.o(i.Delay_us)
    i.GPIO_Init                              0x08000f16   Section        0  stm32f4xx_gpio.o(i.GPIO_Init)
    i.GPIO_PinAFConfig                       0x08000f92   Section        0  stm32f4xx_gpio.o(i.GPIO_PinAFConfig)
    i.GPIO_ReadInputDataBit                  0x08000fb2   Section        0  stm32f4xx_gpio.o(i.GPIO_ReadInputDataBit)
    i.GPIO_SetBits                           0x08000fc0   Section        0  stm32f4xx_gpio.o(i.GPIO_SetBits)
    i.GPIO_WriteBit                          0x08000fc4   Section        0  stm32f4xx_gpio.o(i.GPIO_WriteBit)
    i.HardFault_Handler                      0x08000fd2   Section        0  stm32f4xx_it.o(i.HardFault_Handler)
    i.IIC1_Init                              0x08000fd4   Section        0  iic_1.o(i.IIC1_Init)
    i.MemManage_Handler                      0x08001010   Section        0  stm32f4xx_it.o(i.MemManage_Handler)
    i.MyIIC1_R_SDA                           0x08001014   Section        0  iic_1.o(i.MyIIC1_R_SDA)
    i.MyIIC1_ReceiveByte                     0x08001030   Section        0  iic_1.o(i.MyIIC1_ReceiveByte)
    i.MyIIC1_Receive_Ack                     0x08001064   Section        0  iic_1.o(i.MyIIC1_Receive_Ack)
    i.MyIIC1_SendByte                        0x08001082   Section        0  iic_1.o(i.MyIIC1_SendByte)
    i.MyIIC1_Send_Ack                        0x080010aa   Section        0  iic_1.o(i.MyIIC1_Send_Ack)
    i.MyIIC1_Start                           0x080010c0   Section        0  iic_1.o(i.MyIIC1_Start)
    i.MyIIC1_Stop                            0x080010de   Section        0  iic_1.o(i.MyIIC1_Stop)
    i.MyIIC1_W_SCL                           0x080010f8   Section        0  iic_1.o(i.MyIIC1_W_SCL)
    i.MyIIC1_W_SDA                           0x08001114   Section        0  iic_1.o(i.MyIIC1_W_SDA)
    i.MySPI_Init                             0x08001130   Section        0  spi_1.o(i.MySPI_Init)
    i.MySPI_Start                            0x080011f8   Section        0  spi_1.o(i.MySPI_Start)
    i.MySPI_Stop                             0x080011fe   Section        0  spi_1.o(i.MySPI_Stop)
    i.MySPI_SwapByte                         0x08001204   Section        0  spi_1.o(i.MySPI_SwapByte)
    i.MySPI_W_SS                             0x08001238   Section        0  spi_1.o(i.MySPI_W_SS)
    i.NMI_Handler                            0x08001248   Section        0  stm32f4xx_it.o(i.NMI_Handler)
    i.NVIC_Init                              0x0800124c   Section        0  misc.o(i.NVIC_Init)
    i.NVIC_PriorityGroupConfig               0x080012b4   Section        0  misc.o(i.NVIC_PriorityGroupConfig)
    i.RCC_AHB1PeriphClockCmd                 0x080012c8   Section        0  stm32f4xx_rcc.o(i.RCC_AHB1PeriphClockCmd)
    i.RCC_APB1PeriphClockCmd                 0x080012e4   Section        0  stm32f4xx_rcc.o(i.RCC_APB1PeriphClockCmd)
    i.RCC_APB2PeriphClockCmd                 0x08001300   Section        0  stm32f4xx_rcc.o(i.RCC_APB2PeriphClockCmd)
    i.RCC_GetClocksFreq                      0x0800131c   Section        0  stm32f4xx_rcc.o(i.RCC_GetClocksFreq)
    i.SGP30_CRC8                             0x080013bc   Section        0  sgp30.o(i.SGP30_CRC8)
    SGP30_CRC8                               0x080013bd   Thumb Code    50  sgp30.o(i.SGP30_CRC8)
    i.SGP30_Init                             0x080013ee   Section        0  sgp30.o(i.SGP30_Init)
    i.SGP30_MeasureIAQ                       0x0800140e   Section        0  sgp30.o(i.SGP30_MeasureIAQ)
    i.SGP30_SendCmd                          0x080014de   Section        0  sgp30.o(i.SGP30_SendCmd)
    SGP30_SendCmd                            0x080014df   Thumb Code    56  sgp30.o(i.SGP30_SendCmd)
    i.SGP30_SetHumidity                      0x08001516   Section        0  sgp30.o(i.SGP30_SetHumidity)
    i.SPI_Cmd                                0x0800158c   Section        0  stm32f4xx_spi.o(i.SPI_Cmd)
    i.SPI_I2S_GetFlagStatus                  0x080015a4   Section        0  stm32f4xx_spi.o(i.SPI_I2S_GetFlagStatus)
    i.SPI_I2S_ReceiveData                    0x080015b2   Section        0  stm32f4xx_spi.o(i.SPI_I2S_ReceiveData)
    i.SPI_I2S_SendData                       0x080015b6   Section        0  stm32f4xx_spi.o(i.SPI_I2S_SendData)
    i.SPI_Init                               0x080015ba   Section        0  stm32f4xx_spi.o(i.SPI_Init)
    i.SetSysClock                            0x080015f4   Section        0  system_stm32f4xx.o(i.SetSysClock)
    SetSysClock                              0x080015f5   Thumb Code   168  system_stm32f4xx.o(i.SetSysClock)
    i.SysTick_Handler                        0x080016ac   Section        0  port.o(i.SysTick_Handler)
    i.SystemInit                             0x080016d8   Section        0  system_stm32f4xx.o(i.SystemInit)
    i.TIM4_IRQHandler                        0x08001734   Section        0  porttimer.o(i.TIM4_IRQHandler)
    i.TIM_ClearITPendingBit                  0x0800175c   Section        0  stm32f4xx_tim.o(i.TIM_ClearITPendingBit)
    i.TIM_Cmd                                0x08001762   Section        0  stm32f4xx_tim.o(i.TIM_Cmd)
    i.TIM_GetCounter                         0x0800177a   Section        0  stm32f4xx_tim.o(i.TIM_GetCounter)
    i.TIM_GetITStatus                        0x0800177e   Section        0  stm32f4xx_tim.o(i.TIM_GetITStatus)
    i.TIM_ITConfig                           0x08001796   Section        0  stm32f4xx_tim.o(i.TIM_ITConfig)
    i.TIM_SetCounter                         0x080017aa   Section        0  stm32f4xx_tim.o(i.TIM_SetCounter)
    i.TIM_TimeBaseInit                       0x080017b0   Section        0  stm32f4xx_tim.o(i.TIM_TimeBaseInit)
    i.UART5_IRQHandler                       0x0800182c   Section        0  uart_5.o(i.UART5_IRQHandler)
    i.UART5_Init                             0x08001864   Section        0  uart_5.o(i.UART5_Init)
    i.UART5_Printf                           0x08001940   Section        0  uart_5.o(i.UART5_Printf)
    i.UART5_SendChar                         0x0800195c   Section        0  uart_5.o(i.UART5_SendChar)
    i.UART5_SendString                       0x08001980   Section        0  uart_5.o(i.UART5_SendString)
    i.USART1_IRQHandler                      0x08001994   Section        0  portserial.o(i.USART1_IRQHandler)
    i.USART1_Init                            0x080019f8   Section        0  usart_1.o(i.USART1_Init)
    i.USART_ClearITPendingBit                0x08001aa4   Section        0  stm32f4xx_usart.o(i.USART_ClearITPendingBit)
    i.USART_Cmd                              0x08001ab4   Section        0  stm32f4xx_usart.o(i.USART_Cmd)
    i.USART_GetFlagStatus                    0x08001acc   Section        0  stm32f4xx_usart.o(i.USART_GetFlagStatus)
    i.USART_GetITStatus                      0x08001ada   Section        0  stm32f4xx_usart.o(i.USART_GetITStatus)
    i.USART_ITConfig                         0x08001b1a   Section        0  stm32f4xx_usart.o(i.USART_ITConfig)
    i.USART_Init                             0x08001b50   Section        0  stm32f4xx_usart.o(i.USART_Init)
    i.USART_OverSampling8Cmd                 0x08001c0c   Section        0  stm32f4xx_usart.o(i.USART_OverSampling8Cmd)
    i.USART_ReceiveData                      0x08001c24   Section        0  stm32f4xx_usart.o(i.USART_ReceiveData)
    i.USART_SendData                         0x08001c2c   Section        0  stm32f4xx_usart.o(i.USART_SendData)
    i.UsageFault_Handler                     0x08001c34   Section        0  stm32f4xx_it.o(i.UsageFault_Handler)
    i.__0printf                              0x08001c38   Section        0  printfa.o(i.__0printf)
    i.__0vsprintf                            0x08001c58   Section        0  printfa.o(i.__0vsprintf)
    i.__ARM_fpclassifyf                      0x08001c7c   Section        0  fpclassifyf.o(i.__ARM_fpclassifyf)
    i.__aeabi_assert                         0x08001ca4   Section        0  retarget_io.o(i.__aeabi_assert)
    i.__hardfp_powf                          0x08001d34   Section        0  powf.o(i.__hardfp_powf)
    i.__mathlib_flt_divzero                  0x08002398   Section        0  funder.o(i.__mathlib_flt_divzero)
    i.__mathlib_flt_infnan2                  0x080023ac   Section        0  funder.o(i.__mathlib_flt_infnan2)
    i.__mathlib_flt_invalid                  0x080023b4   Section        0  funder.o(i.__mathlib_flt_invalid)
    i.__mathlib_flt_overflow                 0x080023c4   Section        0  funder.o(i.__mathlib_flt_overflow)
    i.__mathlib_flt_underflow                0x080023d4   Section        0  funder.o(i.__mathlib_flt_underflow)
    i.__scatterload_copy                     0x080023e4   Section       14  handlers.o(i.__scatterload_copy)
    i.__scatterload_null                     0x080023f2   Section        2  handlers.o(i.__scatterload_null)
    i.__scatterload_zeroinit                 0x080023f4   Section       14  handlers.o(i.__scatterload_zeroinit)
    i.__set_errno                            0x08002404   Section        0  errno.o(i.__set_errno)
    i._fp_digits                             0x08002410   Section        0  printfa.o(i._fp_digits)
    _fp_digits                               0x08002411   Thumb Code   366  printfa.o(i._fp_digits)
    i._printf_core                           0x08002594   Section        0  printfa.o(i._printf_core)
    _printf_core                             0x08002595   Thumb Code  1744  printfa.o(i._printf_core)
    i._printf_post_padding                   0x08002c70   Section        0  printfa.o(i._printf_post_padding)
    _printf_post_padding                     0x08002c71   Thumb Code    36  printfa.o(i._printf_post_padding)
    i._printf_pre_padding                    0x08002c94   Section        0  printfa.o(i._printf_pre_padding)
    _printf_pre_padding                      0x08002c95   Thumb Code    46  printfa.o(i._printf_pre_padding)
    i._sputc                                 0x08002cc2   Section        0  printfa.o(i._sputc)
    _sputc                                   0x08002cc3   Thumb Code    10  printfa.o(i._sputc)
    i.abort                                  0x08002ccc   Section        0  retarget_io.o(i.abort)
    i.aht10_get_data                         0x08002cd0   Section        0  aht10.o(i.aht10_get_data)
    i.eMBASCIIInit                           0x08002e70   Section        0  mbascii.o(i.eMBASCIIInit)
    i.eMBASCIIReceive                        0x08002ea8   Section        0  mbascii.o(i.eMBASCIIReceive)
    i.eMBASCIISend                           0x08002f38   Section        0  mbascii.o(i.eMBASCIISend)
    i.eMBASCIIStart                          0x08002f80   Section        0  mbascii.o(i.eMBASCIIStart)
    i.eMBASCIIStop                           0x08002f9c   Section        0  mbascii.o(i.eMBASCIIStop)
    i.eMBEnable                              0x08002fb0   Section        0  mb.o(i.eMBEnable)
    i.eMBFuncReadCoils                       0x08002fd0   Section        0  mbfunccoils.o(i.eMBFuncReadCoils)
    i.eMBFuncReadDiscreteInputs              0x08003042   Section        0  mbfuncdisc.o(i.eMBFuncReadDiscreteInputs)
    i.eMBFuncReadHoldingRegister             0x080030b4   Section        0  mbfuncholding.o(i.eMBFuncReadHoldingRegister)
    i.eMBFuncReadInputRegister               0x08003110   Section        0  mbfuncinput.o(i.eMBFuncReadInputRegister)
    i.eMBFuncReadWriteMultipleHoldingRegister 0x08003170   Section        0  mbfuncholding.o(i.eMBFuncReadWriteMultipleHoldingRegister)
    i.eMBFuncReportSlaveID                   0x0800320c   Section        0  mbfuncother.o(i.eMBFuncReportSlaveID)
    i.eMBFuncWriteCoil                       0x08003230   Section        0  mbfunccoils.o(i.eMBFuncWriteCoil)
    i.eMBFuncWriteHoldingRegister            0x08003286   Section        0  mbfuncholding.o(i.eMBFuncWriteHoldingRegister)
    i.eMBFuncWriteMultipleCoils              0x080032b4   Section        0  mbfunccoils.o(i.eMBFuncWriteMultipleCoils)
    i.eMBFuncWriteMultipleHoldingRegister    0x08003316   Section        0  mbfuncholding.o(i.eMBFuncWriteMultipleHoldingRegister)
    i.eMBInit                                0x08003364   Section        0  mb.o(i.eMBInit)
    i.eMBPoll                                0x08003434   Section        0  mb.o(i.eMBPoll)
    i.eMBRTUInit                             0x080034e0   Section        0  mbrtu.o(i.eMBRTUInit)
    i.eMBRTUReceive                          0x08003520   Section        0  mbrtu.o(i.eMBRTUReceive)
    i.eMBRTUSend                             0x080035b0   Section        0  mbrtu.o(i.eMBRTUSend)
    i.eMBRTUStart                            0x08003618   Section        0  mbrtu.o(i.eMBRTUStart)
    i.eMBRTUStop                             0x08003634   Section        0  mbrtu.o(i.eMBRTUStop)
    i.eMBRegCoilsCB                          0x08003646   Section        0  mb_user.o(i.eMBRegCoilsCB)
    i.eMBRegDiscreteCB                       0x0800366e   Section        0  mb_user.o(i.eMBRegDiscreteCB)
    i.eMBRegHoldingCB                        0x08003674   Section        0  mb_user.o(i.eMBRegHoldingCB)
    i.eMBRegInputCB                          0x080036f4   Section        0  mb_user.o(i.eMBRegInputCB)
    i.fputc                                  0x08003730   Section        0  usart_1.o(i.fputc)
    i.fputs                                  0x08003754   Section        0  fputs.o(i.fputs)
    i.main                                   0x0800376c   Section        0  main.o(i.main)
    i.prvResetNextTaskUnblockTime            0x08003830   Section        0  tasks.o(i.prvResetNextTaskUnblockTime)
    prvResetNextTaskUnblockTime              0x08003831   Thumb Code    28  tasks.o(i.prvResetNextTaskUnblockTime)
    i.prveMBError2Exception                  0x08003850   Section        0  mbutils.o(i.prveMBError2Exception)
    i.prvucMBBIN2CHAR                        0x0800386c   Section        0  mbascii.o(i.prvucMBBIN2CHAR)
    prvucMBBIN2CHAR                          0x0800386d   Thumb Code    38  mbascii.o(i.prvucMBBIN2CHAR)
    i.prvucMBCHAR2BIN                        0x080038b0   Section        0  mbascii.o(i.prvucMBCHAR2BIN)
    prvucMBCHAR2BIN                          0x080038b1   Thumb Code    30  mbascii.o(i.prvucMBCHAR2BIN)
    i.prvucMBLRC                             0x080038ce   Section        0  mbascii.o(i.prvucMBLRC)
    prvucMBLRC                               0x080038cf   Thumb Code    24  mbascii.o(i.prvucMBLRC)
    i.prvvTIMERExpiredISR                    0x080038e8   Section        0  porttimer.o(i.prvvTIMERExpiredISR)
    prvvTIMERExpiredISR                      0x080038e9   Thumb Code     6  porttimer.o(i.prvvTIMERExpiredISR)
    i.prvvUARTRxISR                          0x080038f4   Section        0  portserial.o(i.prvvUARTRxISR)
    prvvUARTRxISR                            0x080038f5   Thumb Code     6  portserial.o(i.prvvUARTRxISR)
    i.prvvUARTTxReadyISR                     0x08003900   Section        0  portserial.o(i.prvvUARTTxReadyISR)
    prvvUARTTxReadyISR                       0x08003901   Thumb Code     6  portserial.o(i.prvvUARTTxReadyISR)
    i.sgp30_data_show_init                   0x0800390c   Section        0  sgp30.o(i.sgp30_data_show_init)
    i.usMBCRC16                              0x080039d0   Section        0  mbcrc.o(i.usMBCRC16)
    i.vMBPortSerialEnable                    0x080039fc   Section        0  portserial.o(i.vMBPortSerialEnable)
    i.vMBPortTimersDisable                   0x08003a40   Section        0  porttimer.o(i.vMBPortTimersDisable)
    i.vMBPortTimersEnable                    0x08003a60   Section        0  porttimer.o(i.vMBPortTimersEnable)
    i.vTaskSwitchContext                     0x08003a90   Section        0  tasks.o(i.vTaskSwitchContext)
    i.xMBASCIIReceiveFSM                     0x08003af4   Section        0  mbascii.o(i.xMBASCIIReceiveFSM)
    i.xMBASCIITimerT1SExpired                0x08003bfc   Section        0  mbascii.o(i.xMBASCIITimerT1SExpired)
    i.xMBASCIITransmitFSM                    0x08003c50   Section        0  mbascii.o(i.xMBASCIITransmitFSM)
    i.xMBPortEventGet                        0x08003d3c   Section        0  portevent.o(i.xMBPortEventGet)
    i.xMBPortEventInit                       0x08003d58   Section        0  portevent.o(i.xMBPortEventInit)
    i.xMBPortEventPost                       0x08003d68   Section        0  portevent.o(i.xMBPortEventPost)
    i.xMBPortSerialGetByte                   0x08003d78   Section        0  portserial.o(i.xMBPortSerialGetByte)
    i.xMBPortSerialInit                      0x08003d8c   Section        0  portserial.o(i.xMBPortSerialInit)
    i.xMBPortSerialPutByte                   0x08003d98   Section        0  portserial.o(i.xMBPortSerialPutByte)
    i.xMBPortTimersInit                      0x08003dac   Section        0  porttimer.o(i.xMBPortTimersInit)
    i.xMBRTUReceiveFSM                       0x08003e2c   Section        0  mbrtu.o(i.xMBRTUReceiveFSM)
    i.xMBRTUTimerT35Expired                  0x08003edc   Section        0  mbrtu.o(i.xMBRTUTimerT35Expired)
    i.xMBRTUTransmitFSM                      0x08003f48   Section        0  mbrtu.o(i.xMBRTUTransmitFSM)
    i.xTaskIncrementTick                     0x08003fdc   Section        0  tasks.o(i.xTaskIncrementTick)
    .constdata                               0x08004110   Section      512  mbcrc.o(.constdata)
    aucCRCHi                                 0x08004110   Data         256  mbcrc.o(.constdata)
    aucCRCLo                                 0x08004210   Data         256  mbcrc.o(.constdata)
    .constdata                               0x08004310   Section      320  powf.o(.constdata)
    table                                    0x08004310   Data         128  powf.o(.constdata)
    powersof2to1over16top                    0x08004390   Data          64  powf.o(.constdata)
    powersof2to1over16bot                    0x080043d0   Data          64  powf.o(.constdata)
    powersof2to1over16all                    0x08004410   Data          64  powf.o(.constdata)
    .conststring                             0x08004450   Section       68  mbascii.o(.conststring)
    .conststring                             0x08004494   Section       99  mbrtu.o(.conststring)
    .data                                    0x20000000   Section       20  system_stm32f4xx.o(.data)
    .data                                    0x20000014   Section       16  stm32f4xx_rcc.o(.data)
    APBAHBPrescTable                         0x20000014   Data          16  stm32f4xx_rcc.o(.data)
    .data                                    0x20000024   Section        2  uart_5.o(.data)
    .data                                    0x20000028   Section        8  aht10.o(.data)
    .data                                    0x20000030   Section       12  sgp30.o(.data)
    init_count                               0x20000031   Data           1  sgp30.o(.data)
    .data                                    0x2000003c   Section        4  bh1750.o(.data)
    .data                                    0x20000040   Section        5  bmp280.o(.data)
    .data                                    0x20000048   Section        4  bmp280.o(.data)
    .data                                    0x2000004c   Section       20  mb_user.o(.data)
    .data                                    0x20000060   Section       64  tasks.o(.data)
    uxDeletedTasksWaitingCleanUp             0x20000064   Data           4  tasks.o(.data)
    uxCurrentNumberOfTasks                   0x20000068   Data           4  tasks.o(.data)
    xTickCount                               0x2000006c   Data           4  tasks.o(.data)
    uxTopReadyPriority                       0x20000070   Data           4  tasks.o(.data)
    xSchedulerRunning                        0x20000074   Data           4  tasks.o(.data)
    xPendedTicks                             0x20000078   Data           4  tasks.o(.data)
    xYieldPendings                           0x2000007c   Data           4  tasks.o(.data)
    xNumOfOverflows                          0x20000080   Data           4  tasks.o(.data)
    uxTaskNumber                             0x20000084   Data           4  tasks.o(.data)
    xNextTaskUnblockTime                     0x20000088   Data           4  tasks.o(.data)
    uxTopUsedPriority                        0x2000008c   Data           4  tasks.o(.data)
    uxSchedulerSuspended                     0x20000090   Data           4  tasks.o(.data)
    pxDelayedTaskList                        0x20000094   Data           4  tasks.o(.data)
    pxOverflowDelayedTaskList                0x20000098   Data           4  tasks.o(.data)
    xIdleTaskHandles                         0x2000009c   Data           4  tasks.o(.data)
    .data                                    0x200000a0   Section      172  mb.o(.data)
    eMBState                                 0x200000a0   Data           1  mb.o(.data)
    ucRcvAddress                             0x200000a1   Data           1  mb.o(.data)
    ucFunctionCode                           0x200000a2   Data           1  mb.o(.data)
    eException                               0x200000a3   Data           1  mb.o(.data)
    ucMBAddress                              0x200000a4   Data           1  mb.o(.data)
    eMBCurrentMode                           0x200000a5   Data           1  mb.o(.data)
    usLength                                 0x200000a6   Data           2  mb.o(.data)
    ucMBFrame                                0x200000a8   Data           4  mb.o(.data)
    peMBFrameSendCur                         0x200000ac   Data           4  mb.o(.data)
    pvMBFrameStartCur                        0x200000b0   Data           4  mb.o(.data)
    pvMBFrameStopCur                         0x200000b4   Data           4  mb.o(.data)
    peMBFrameReceiveCur                      0x200000b8   Data           4  mb.o(.data)
    pvMBFrameCloseCur                        0x200000bc   Data           4  mb.o(.data)
    xFuncHandlers                            0x200000cc   Data         128  mb.o(.data)
    .data                                    0x2000014c   Section       16  mbascii.o(.data)
    eSndState                                0x2000014c   Data           1  mbascii.o(.data)
    eRcvState                                0x2000014d   Data           1  mbascii.o(.data)
    eBytePos                                 0x2000014e   Data           1  mbascii.o(.data)
    ucMBLFCharacter                          0x2000014f   Data           1  mbascii.o(.data)
    usRcvBufferPos                           0x20000150   Data           2  mbascii.o(.data)
    usSndBufferCount                         0x20000152   Data           2  mbascii.o(.data)
    ucASCIIBuf                               0x20000154   Data           4  mbascii.o(.data)
    pucSndBufferCur                          0x20000158   Data           4  mbascii.o(.data)
    .data                                    0x2000015c   Section        2  mbfuncother.o(.data)
    usMBSlaveIDLen                           0x2000015c   Data           2  mbfuncother.o(.data)
    .data                                    0x20000160   Section       12  mbrtu.o(.data)
    eSndState                                0x20000160   Data           1  mbrtu.o(.data)
    eRcvState                                0x20000161   Data           1  mbrtu.o(.data)
    usSndBufferCount                         0x20000162   Data           2  mbrtu.o(.data)
    usRcvBufferPos                           0x20000164   Data           2  mbrtu.o(.data)
    pucSndBufferCur                          0x20000168   Data           4  mbrtu.o(.data)
    .data                                    0x2000016c   Section        2  portevent.o(.data)
    eQueuedEvent                             0x2000016c   Data           1  portevent.o(.data)
    xEventInQueue                            0x2000016d   Data           1  portevent.o(.data)
    .data                                    0x2000016e   Section        2  porttimer.o(.data)
    usTimerValue50us                         0x2000016e   Data           2  porttimer.o(.data)
    .data                                    0x20000170   Section        4  stderr.o(.data)
    .data                                    0x20000174   Section        4  stdout.o(.data)
    .data                                    0x20000178   Section        4  errno.o(.data)
    _errno                                   0x20000178   Data           4  errno.o(.data)
    .bss                                     0x2000017c   Section       36  bmp280.o(.bss)
    .bss                                     0x200001a0   Section      200  tasks.o(.bss)
    pxReadyTasksLists                        0x200001a0   Data         100  tasks.o(.bss)
    xDelayedTaskList1                        0x20000204   Data          20  tasks.o(.bss)
    xDelayedTaskList2                        0x20000218   Data          20  tasks.o(.bss)
    xPendingReadyList                        0x2000022c   Data          20  tasks.o(.bss)
    xTasksWaitingTermination                 0x20000240   Data          20  tasks.o(.bss)
    xSuspendedTaskList                       0x20000254   Data          20  tasks.o(.bss)
    .bss                                     0x20000268   Section       32  mbfuncother.o(.bss)
    ucMBSlaveID                              0x20000268   Data          32  mbfuncother.o(.bss)
    .bss                                     0x20000288   Section      256  mbrtu.o(.bss)
    STACK                                    0x20000388   Section     1024  startup_stm32f40_41xxx.o(STACK)

    Global Symbols

    Symbol Name                              Value     Ov Type        Size  Object(Section)

    BuildAttributes$$THM_ISAv4$E$P$D$K$B$S$7EM$VFPi3$EXTD16$VFPS$VFMA$PE$A:L22UL41UL21$X:L11$S22US41US21$IEEE1$IW$USESV6$~STKCKD$USESV7$~SHL$OTIME$ROPI$IEEEX$EBA8$MICROLIB$REQ8$PRES8$EABIv2 0x00000000   Number         0  anon$$obj.o ABSOLUTE
    __ARM_use_no_argv                        0x00000000   Number         0  main.o ABSOLUTE
    __cpp_initialize__aeabi_                  - Undefined Weak Reference
    __cxa_finalize                            - Undefined Weak Reference
    _clock_init                               - Undefined Weak Reference
    _microlib_exit                            - Undefined Weak Reference
    __Vectors_Size                           0x00000188   Number         0  startup_stm32f40_41xxx.o ABSOLUTE
    __Vectors                                0x08000000   Data           4  startup_stm32f40_41xxx.o(RESET)
    __Vectors_End                            0x08000188   Data           0  startup_stm32f40_41xxx.o(RESET)
    __main                                   0x08000189   Thumb Code     0  entry.o(.ARM.Collect$$$$00000000)
    _main_stk                                0x08000189   Thumb Code     0  entry2.o(.ARM.Collect$$$$00000001)
    _main_scatterload                        0x0800018d   Thumb Code     0  entry5.o(.ARM.Collect$$$$00000004)
    __main_after_scatterload                 0x08000191   Thumb Code     0  entry5.o(.ARM.Collect$$$$00000004)
    _main_clock                              0x08000191   Thumb Code     0  entry7b.o(.ARM.Collect$$$$00000008)
    _main_cpp_init                           0x08000191   Thumb Code     0  entry8b.o(.ARM.Collect$$$$0000000A)
    _main_init                               0x08000191   Thumb Code     0  entry9a.o(.ARM.Collect$$$$0000000B)
    __rt_final_cpp                           0x08000199   Thumb Code     0  entry10a.o(.ARM.Collect$$$$0000000D)
    __rt_final_exit                          0x08000199   Thumb Code     0  entry11a.o(.ARM.Collect$$$$0000000F)
    SVC_Handler                              0x0800019d   Thumb Code    28  port.o(.emb_text)
    __asm___6_port_c_39a90d8d__prvStartFirstTask 0x080001bd   Thumb Code    36  port.o(.emb_text)
    __asm___6_port_c_39a90d8d__prvEnableVFP  0x080001e5   Thumb Code    16  port.o(.emb_text)
    PendSV_Handler                           0x080001f9   Thumb Code    88  port.o(.emb_text)
    vPortGetIPSR                             0x08000255   Thumb Code     6  port.o(.emb_text)
    Reset_Handler                            0x0800025d   Thumb Code     8  startup_stm32f40_41xxx.o(.text)
    ADC_IRQHandler                           0x08000277   Thumb Code     0  startup_stm32f40_41xxx.o(.text)
    CAN1_RX0_IRQHandler                      0x08000277   Thumb Code     0  startup_stm32f40_41xxx.o(.text)
    CAN1_RX1_IRQHandler                      0x08000277   Thumb Code     0  startup_stm32f40_41xxx.o(.text)
    CAN1_SCE_IRQHandler                      0x08000277   Thumb Code     0  startup_stm32f40_41xxx.o(.text)
    CAN1_TX_IRQHandler                       0x08000277   Thumb Code     0  startup_stm32f40_41xxx.o(.text)
    CAN2_RX0_IRQHandler                      0x08000277   Thumb Code     0  startup_stm32f40_41xxx.o(.text)
    CAN2_RX1_IRQHandler                      0x08000277   Thumb Code     0  startup_stm32f40_41xxx.o(.text)
    CAN2_SCE_IRQHandler                      0x08000277   Thumb Code     0  startup_stm32f40_41xxx.o(.text)
    CAN2_TX_IRQHandler                       0x08000277   Thumb Code     0  startup_stm32f40_41xxx.o(.text)
    CRYP_IRQHandler                          0x08000277   Thumb Code     0  startup_stm32f40_41xxx.o(.text)
    DCMI_IRQHandler                          0x08000277   Thumb Code     0  startup_stm32f40_41xxx.o(.text)
    DMA1_Stream0_IRQHandler                  0x08000277   Thumb Code     0  startup_stm32f40_41xxx.o(.text)
    DMA1_Stream1_IRQHandler                  0x08000277   Thumb Code     0  startup_stm32f40_41xxx.o(.text)
    DMA1_Stream2_IRQHandler                  0x08000277   Thumb Code     0  startup_stm32f40_41xxx.o(.text)
    DMA1_Stream3_IRQHandler                  0x08000277   Thumb Code     0  startup_stm32f40_41xxx.o(.text)
    DMA1_Stream4_IRQHandler                  0x08000277   Thumb Code     0  startup_stm32f40_41xxx.o(.text)
    DMA1_Stream5_IRQHandler                  0x08000277   Thumb Code     0  startup_stm32f40_41xxx.o(.text)
    DMA1_Stream6_IRQHandler                  0x08000277   Thumb Code     0  startup_stm32f40_41xxx.o(.text)
    DMA1_Stream7_IRQHandler                  0x08000277   Thumb Code     0  startup_stm32f40_41xxx.o(.text)
    DMA2_Stream0_IRQHandler                  0x08000277   Thumb Code     0  startup_stm32f40_41xxx.o(.text)
    DMA2_Stream1_IRQHandler                  0x08000277   Thumb Code     0  startup_stm32f40_41xxx.o(.text)
    DMA2_Stream2_IRQHandler                  0x08000277   Thumb Code     0  startup_stm32f40_41xxx.o(.text)
    DMA2_Stream3_IRQHandler                  0x08000277   Thumb Code     0  startup_stm32f40_41xxx.o(.text)
    DMA2_Stream4_IRQHandler                  0x08000277   Thumb Code     0  startup_stm32f40_41xxx.o(.text)
    DMA2_Stream5_IRQHandler                  0x08000277   Thumb Code     0  startup_stm32f40_41xxx.o(.text)
    DMA2_Stream6_IRQHandler                  0x08000277   Thumb Code     0  startup_stm32f40_41xxx.o(.text)
    DMA2_Stream7_IRQHandler                  0x08000277   Thumb Code     0  startup_stm32f40_41xxx.o(.text)
    ETH_IRQHandler                           0x08000277   Thumb Code     0  startup_stm32f40_41xxx.o(.text)
    ETH_WKUP_IRQHandler                      0x08000277   Thumb Code     0  startup_stm32f40_41xxx.o(.text)
    EXTI0_IRQHandler                         0x08000277   Thumb Code     0  startup_stm32f40_41xxx.o(.text)
    EXTI15_10_IRQHandler                     0x08000277   Thumb Code     0  startup_stm32f40_41xxx.o(.text)
    EXTI1_IRQHandler                         0x08000277   Thumb Code     0  startup_stm32f40_41xxx.o(.text)
    EXTI2_IRQHandler                         0x08000277   Thumb Code     0  startup_stm32f40_41xxx.o(.text)
    EXTI3_IRQHandler                         0x08000277   Thumb Code     0  startup_stm32f40_41xxx.o(.text)
    EXTI4_IRQHandler                         0x08000277   Thumb Code     0  startup_stm32f40_41xxx.o(.text)
    EXTI9_5_IRQHandler                       0x08000277   Thumb Code     0  startup_stm32f40_41xxx.o(.text)
    FLASH_IRQHandler                         0x08000277   Thumb Code     0  startup_stm32f40_41xxx.o(.text)
    FPU_IRQHandler                           0x08000277   Thumb Code     0  startup_stm32f40_41xxx.o(.text)
    FSMC_IRQHandler                          0x08000277   Thumb Code     0  startup_stm32f40_41xxx.o(.text)
    HASH_RNG_IRQHandler                      0x08000277   Thumb Code     0  startup_stm32f40_41xxx.o(.text)
    I2C1_ER_IRQHandler                       0x08000277   Thumb Code     0  startup_stm32f40_41xxx.o(.text)
    I2C1_EV_IRQHandler                       0x08000277   Thumb Code     0  startup_stm32f40_41xxx.o(.text)
    I2C2_ER_IRQHandler                       0x08000277   Thumb Code     0  startup_stm32f40_41xxx.o(.text)
    I2C2_EV_IRQHandler                       0x08000277   Thumb Code     0  startup_stm32f40_41xxx.o(.text)
    I2C3_ER_IRQHandler                       0x08000277   Thumb Code     0  startup_stm32f40_41xxx.o(.text)
    I2C3_EV_IRQHandler                       0x08000277   Thumb Code     0  startup_stm32f40_41xxx.o(.text)
    OTG_FS_IRQHandler                        0x08000277   Thumb Code     0  startup_stm32f40_41xxx.o(.text)
    OTG_FS_WKUP_IRQHandler                   0x08000277   Thumb Code     0  startup_stm32f40_41xxx.o(.text)
    OTG_HS_EP1_IN_IRQHandler                 0x08000277   Thumb Code     0  startup_stm32f40_41xxx.o(.text)
    OTG_HS_EP1_OUT_IRQHandler                0x08000277   Thumb Code     0  startup_stm32f40_41xxx.o(.text)
    OTG_HS_IRQHandler                        0x08000277   Thumb Code     0  startup_stm32f40_41xxx.o(.text)
    OTG_HS_WKUP_IRQHandler                   0x08000277   Thumb Code     0  startup_stm32f40_41xxx.o(.text)
    PVD_IRQHandler                           0x08000277   Thumb Code     0  startup_stm32f40_41xxx.o(.text)
    RCC_IRQHandler                           0x08000277   Thumb Code     0  startup_stm32f40_41xxx.o(.text)
    RTC_Alarm_IRQHandler                     0x08000277   Thumb Code     0  startup_stm32f40_41xxx.o(.text)
    RTC_WKUP_IRQHandler                      0x08000277   Thumb Code     0  startup_stm32f40_41xxx.o(.text)
    SDIO_IRQHandler                          0x08000277   Thumb Code     0  startup_stm32f40_41xxx.o(.text)
    SPI1_IRQHandler                          0x08000277   Thumb Code     0  startup_stm32f40_41xxx.o(.text)
    SPI2_IRQHandler                          0x08000277   Thumb Code     0  startup_stm32f40_41xxx.o(.text)
    SPI3_IRQHandler                          0x08000277   Thumb Code     0  startup_stm32f40_41xxx.o(.text)
    TAMP_STAMP_IRQHandler                    0x08000277   Thumb Code     0  startup_stm32f40_41xxx.o(.text)
    TIM1_BRK_TIM9_IRQHandler                 0x08000277   Thumb Code     0  startup_stm32f40_41xxx.o(.text)
    TIM1_CC_IRQHandler                       0x08000277   Thumb Code     0  startup_stm32f40_41xxx.o(.text)
    TIM1_TRG_COM_TIM11_IRQHandler            0x08000277   Thumb Code     0  startup_stm32f40_41xxx.o(.text)
    TIM1_UP_TIM10_IRQHandler                 0x08000277   Thumb Code     0  startup_stm32f40_41xxx.o(.text)
    TIM2_IRQHandler                          0x08000277   Thumb Code     0  startup_stm32f40_41xxx.o(.text)
    TIM3_IRQHandler                          0x08000277   Thumb Code     0  startup_stm32f40_41xxx.o(.text)
    TIM5_IRQHandler                          0x08000277   Thumb Code     0  startup_stm32f40_41xxx.o(.text)
    TIM6_DAC_IRQHandler                      0x08000277   Thumb Code     0  startup_stm32f40_41xxx.o(.text)
    TIM7_IRQHandler                          0x08000277   Thumb Code     0  startup_stm32f40_41xxx.o(.text)
    TIM8_BRK_TIM12_IRQHandler                0x08000277   Thumb Code     0  startup_stm32f40_41xxx.o(.text)
    TIM8_CC_IRQHandler                       0x08000277   Thumb Code     0  startup_stm32f40_41xxx.o(.text)
    TIM8_TRG_COM_TIM14_IRQHandler            0x08000277   Thumb Code     0  startup_stm32f40_41xxx.o(.text)
    TIM8_UP_TIM13_IRQHandler                 0x08000277   Thumb Code     0  startup_stm32f40_41xxx.o(.text)
    UART4_IRQHandler                         0x08000277   Thumb Code     0  startup_stm32f40_41xxx.o(.text)
    USART2_IRQHandler                        0x08000277   Thumb Code     0  startup_stm32f40_41xxx.o(.text)
    USART3_IRQHandler                        0x08000277   Thumb Code     0  startup_stm32f40_41xxx.o(.text)
    USART6_IRQHandler                        0x08000277   Thumb Code     0  startup_stm32f40_41xxx.o(.text)
    WWDG_IRQHandler                          0x08000277   Thumb Code     0  startup_stm32f40_41xxx.o(.text)
    __aeabi_ldivmod                          0x08000281   Thumb Code    98  ldiv.o(.text)
    __aeabi_memcpy                           0x080002e3   Thumb Code    36  memcpya.o(.text)
    __aeabi_memcpy4                          0x080002e3   Thumb Code     0  memcpya.o(.text)
    __aeabi_memcpy8                          0x080002e3   Thumb Code     0  memcpya.o(.text)
    __aeabi_l2f                              0x08000307   Thumb Code    44  ffltl.o(.text)
    __aeabi_uidiv                            0x08000333   Thumb Code     0  uidiv.o(.text)
    __aeabi_uidivmod                         0x08000333   Thumb Code    44  uidiv.o(.text)
    __aeabi_uldivmod                         0x0800035f   Thumb Code    98  uldiv.o(.text)
    __I$use$fp                               0x080003c1   Thumb Code     0  iusefp.o(.text)
    _float_round                             0x080003c1   Thumb Code    18  fepilogue.o(.text)
    _float_epilogue                          0x080003d3   Thumb Code    92  fepilogue.o(.text)
    __aeabi_dadd                             0x0800042f   Thumb Code   322  dadd.o(.text)
    __aeabi_dsub                             0x08000571   Thumb Code     6  dadd.o(.text)
    __aeabi_drsub                            0x08000577   Thumb Code     6  dadd.o(.text)
    __aeabi_dmul                             0x0800057d   Thumb Code   228  dmul.o(.text)
    __aeabi_ddiv                             0x08000661   Thumb Code   222  ddiv.o(.text)
    __aeabi_d2ulz                            0x0800073f   Thumb Code    48  dfixul.o(.text)
    __aeabi_cdrcmple                         0x08000771   Thumb Code    48  cdrcmple.o(.text)
    __fp_status                              0x080007a1   Thumb Code     4  fpstat.o(.text)
    __ieee_status                            0x080007a1   Thumb Code     0  fpstat.o(.text)
    __scatterload                            0x080007a5   Thumb Code    28  init.o(.text)
    __scatterload_rt2                        0x080007a5   Thumb Code     0  init.o(.text)
    __aeabi_llsl                             0x080007c9   Thumb Code    30  llshl.o(.text)
    _ll_shift_l                              0x080007c9   Thumb Code     0  llshl.o(.text)
    __aeabi_llsr                             0x080007e7   Thumb Code    32  llushr.o(.text)
    _ll_ushift_r                             0x080007e7   Thumb Code     0  llushr.o(.text)
    __aeabi_lasr                             0x08000807   Thumb Code    36  llsshr.o(.text)
    _ll_sshift_r                             0x08000807   Thumb Code     0  llsshr.o(.text)
    _double_round                            0x0800082b   Thumb Code    30  depilogue.o(.text)
    _double_epilogue                         0x08000849   Thumb Code   156  depilogue.o(.text)
    __decompress                             0x080008e5   Thumb Code     0  __dczerorl2.o(.text)
    __decompress1                            0x080008e5   Thumb Code    86  __dczerorl2.o(.text)
    BH1750_Init                              0x0800093b   Thumb Code    18  bh1750.o(i.BH1750_Init)
    BH1750_ReadLight                         0x0800094d   Thumb Code    92  bh1750.o(i.BH1750_ReadLight)
    BH1750_SendCmd                           0x080009b1   Thumb Code    36  bh1750.o(i.BH1750_SendCmd)
    BMP280_CompensatePress                   0x080009d5   Thumb Code   378  bmp280.o(i.BMP280_CompensatePress)
    BMP280_CompensateTemp                    0x08000b65   Thumb Code    68  bmp280.o(i.BMP280_CompensateTemp)
    BMP280_GetData                           0x08000bb5   Thumb Code   188  bmp280.o(i.BMP280_GetData)
    BMP280_Init                              0x08000c85   Thumb Code   118  bmp280.o(i.BMP280_Init)
    BMP280_ReadCalib                         0x08000d45   Thumb Code   190  bmp280.o(i.BMP280_ReadCalib)
    BMP280_ReadID                            0x08000e09   Thumb Code     6  bmp280.o(i.BMP280_ReadID)
    BMP280_ReadMultiReg                      0x08000e0f   Thumb Code    48  bmp280.o(i.BMP280_ReadMultiReg)
    BMP280_ReadReg                           0x08000e3f   Thumb Code    32  bmp280.o(i.BMP280_ReadReg)
    BMP280_Reset                             0x08000e5f   Thumb Code    20  bmp280.o(i.BMP280_Reset)
    BMP280_WriteReg                          0x08000e73   Thumb Code    32  bmp280.o(i.BMP280_WriteReg)
    BusFault_Handler                         0x08000e93   Thumb Code     2  stm32f4xx_it.o(i.BusFault_Handler)
    DebugMon_Handler                         0x08000e95   Thumb Code     2  stm32f4xx_it.o(i.DebugMon_Handler)
    Delay_Init                               0x08000e99   Thumb Code    64  delay.o(i.Delay_Init)
    Delay_ms                                 0x08000ee1   Thumb Code    24  delay.o(i.Delay_ms)
    Delay_us                                 0x08000ef9   Thumb Code    30  delay.o(i.Delay_us)
    GPIO_Init                                0x08000f17   Thumb Code   124  stm32f4xx_gpio.o(i.GPIO_Init)
    GPIO_PinAFConfig                         0x08000f93   Thumb Code    32  stm32f4xx_gpio.o(i.GPIO_PinAFConfig)
    GPIO_ReadInputDataBit                    0x08000fb3   Thumb Code    14  stm32f4xx_gpio.o(i.GPIO_ReadInputDataBit)
    GPIO_SetBits                             0x08000fc1   Thumb Code     4  stm32f4xx_gpio.o(i.GPIO_SetBits)
    GPIO_WriteBit                            0x08000fc5   Thumb Code    14  stm32f4xx_gpio.o(i.GPIO_WriteBit)
    HardFault_Handler                        0x08000fd3   Thumb Code     2  stm32f4xx_it.o(i.HardFault_Handler)
    IIC1_Init                                0x08000fd5   Thumb Code    56  iic_1.o(i.IIC1_Init)
    MemManage_Handler                        0x08001011   Thumb Code     2  stm32f4xx_it.o(i.MemManage_Handler)
    MyIIC1_R_SDA                             0x08001015   Thumb Code    24  iic_1.o(i.MyIIC1_R_SDA)
    MyIIC1_ReceiveByte                       0x08001031   Thumb Code    52  iic_1.o(i.MyIIC1_ReceiveByte)
    MyIIC1_Receive_Ack                       0x08001065   Thumb Code    30  iic_1.o(i.MyIIC1_Receive_Ack)
    MyIIC1_SendByte                          0x08001083   Thumb Code    40  iic_1.o(i.MyIIC1_SendByte)
    MyIIC1_Send_Ack                          0x080010ab   Thumb Code    22  iic_1.o(i.MyIIC1_Send_Ack)
    MyIIC1_Start                             0x080010c1   Thumb Code    30  iic_1.o(i.MyIIC1_Start)
    MyIIC1_Stop                              0x080010df   Thumb Code    24  iic_1.o(i.MyIIC1_Stop)
    MyIIC1_W_SCL                             0x080010f9   Thumb Code    24  iic_1.o(i.MyIIC1_W_SCL)
    MyIIC1_W_SDA                             0x08001115   Thumb Code    24  iic_1.o(i.MyIIC1_W_SDA)
    MySPI_Init                               0x08001131   Thumb Code   190  spi_1.o(i.MySPI_Init)
    MySPI_Start                              0x080011f9   Thumb Code     6  spi_1.o(i.MySPI_Start)
    MySPI_Stop                               0x080011ff   Thumb Code     6  spi_1.o(i.MySPI_Stop)
    MySPI_SwapByte                           0x08001205   Thumb Code    48  spi_1.o(i.MySPI_SwapByte)
    MySPI_W_SS                               0x08001239   Thumb Code    10  spi_1.o(i.MySPI_W_SS)
    NMI_Handler                              0x08001249   Thumb Code     2  stm32f4xx_it.o(i.NMI_Handler)
    NVIC_Init                                0x0800124d   Thumb Code    98  misc.o(i.NVIC_Init)
    NVIC_PriorityGroupConfig                 0x080012b5   Thumb Code    10  misc.o(i.NVIC_PriorityGroupConfig)
    RCC_AHB1PeriphClockCmd                   0x080012c9   Thumb Code    22  stm32f4xx_rcc.o(i.RCC_AHB1PeriphClockCmd)
    RCC_APB1PeriphClockCmd                   0x080012e5   Thumb Code    22  stm32f4xx_rcc.o(i.RCC_APB1PeriphClockCmd)
    RCC_APB2PeriphClockCmd                   0x08001301   Thumb Code    22  stm32f4xx_rcc.o(i.RCC_APB2PeriphClockCmd)
    RCC_GetClocksFreq                        0x0800131d   Thumb Code   148  stm32f4xx_rcc.o(i.RCC_GetClocksFreq)
    SGP30_Init                               0x080013ef   Thumb Code    32  sgp30.o(i.SGP30_Init)
    SGP30_MeasureIAQ                         0x0800140f   Thumb Code   208  sgp30.o(i.SGP30_MeasureIAQ)
    SGP30_SetHumidity                        0x08001517   Thumb Code   118  sgp30.o(i.SGP30_SetHumidity)
    SPI_Cmd                                  0x0800158d   Thumb Code    24  stm32f4xx_spi.o(i.SPI_Cmd)
    SPI_I2S_GetFlagStatus                    0x080015a5   Thumb Code    14  stm32f4xx_spi.o(i.SPI_I2S_GetFlagStatus)
    SPI_I2S_ReceiveData                      0x080015b3   Thumb Code     4  stm32f4xx_spi.o(i.SPI_I2S_ReceiveData)
    SPI_I2S_SendData                         0x080015b7   Thumb Code     4  stm32f4xx_spi.o(i.SPI_I2S_SendData)
    SPI_Init                                 0x080015bb   Thumb Code    56  stm32f4xx_spi.o(i.SPI_Init)
    SysTick_Handler                          0x080016ad   Thumb Code    38  port.o(i.SysTick_Handler)
    SystemInit                               0x080016d9   Thumb Code    74  system_stm32f4xx.o(i.SystemInit)
    TIM4_IRQHandler                          0x08001735   Thumb Code    34  porttimer.o(i.TIM4_IRQHandler)
    TIM_ClearITPendingBit                    0x0800175d   Thumb Code     6  stm32f4xx_tim.o(i.TIM_ClearITPendingBit)
    TIM_Cmd                                  0x08001763   Thumb Code    24  stm32f4xx_tim.o(i.TIM_Cmd)
    TIM_GetCounter                           0x0800177b   Thumb Code     4  stm32f4xx_tim.o(i.TIM_GetCounter)
    TIM_GetITStatus                          0x0800177f   Thumb Code    24  stm32f4xx_tim.o(i.TIM_GetITStatus)
    TIM_ITConfig                             0x08001797   Thumb Code    20  stm32f4xx_tim.o(i.TIM_ITConfig)
    TIM_SetCounter                           0x080017ab   Thumb Code     4  stm32f4xx_tim.o(i.TIM_SetCounter)
    TIM_TimeBaseInit                         0x080017b1   Thumb Code    96  stm32f4xx_tim.o(i.TIM_TimeBaseInit)
    UART5_IRQHandler                         0x0800182d   Thumb Code    48  uart_5.o(i.UART5_IRQHandler)
    UART5_Init                               0x08001865   Thumb Code   208  uart_5.o(i.UART5_Init)
    UART5_Printf                             0x08001941   Thumb Code    28  uart_5.o(i.UART5_Printf)
    UART5_SendChar                           0x0800195d   Thumb Code    30  uart_5.o(i.UART5_SendChar)
    UART5_SendString                         0x08001981   Thumb Code    20  uart_5.o(i.UART5_SendString)
    USART1_IRQHandler                        0x08001995   Thumb Code    94  portserial.o(i.USART1_IRQHandler)
    USART1_Init                              0x080019f9   Thumb Code   162  usart_1.o(i.USART1_Init)
    USART_ClearITPendingBit                  0x08001aa5   Thumb Code    16  stm32f4xx_usart.o(i.USART_ClearITPendingBit)
    USART_Cmd                                0x08001ab5   Thumb Code    24  stm32f4xx_usart.o(i.USART_Cmd)
    USART_GetFlagStatus                      0x08001acd   Thumb Code    14  stm32f4xx_usart.o(i.USART_GetFlagStatus)
    USART_GetITStatus                        0x08001adb   Thumb Code    64  stm32f4xx_usart.o(i.USART_GetITStatus)
    USART_ITConfig                           0x08001b1b   Thumb Code    54  stm32f4xx_usart.o(i.USART_ITConfig)
    USART_Init                               0x08001b51   Thumb Code   180  stm32f4xx_usart.o(i.USART_Init)
    USART_OverSampling8Cmd                   0x08001c0d   Thumb Code    24  stm32f4xx_usart.o(i.USART_OverSampling8Cmd)
    USART_ReceiveData                        0x08001c25   Thumb Code     8  stm32f4xx_usart.o(i.USART_ReceiveData)
    USART_SendData                           0x08001c2d   Thumb Code     8  stm32f4xx_usart.o(i.USART_SendData)
    UsageFault_Handler                       0x08001c35   Thumb Code     2  stm32f4xx_it.o(i.UsageFault_Handler)
    __0printf                                0x08001c39   Thumb Code    22  printfa.o(i.__0printf)
    __1printf                                0x08001c39   Thumb Code     0  printfa.o(i.__0printf)
    __2printf                                0x08001c39   Thumb Code     0  printfa.o(i.__0printf)
    __c89printf                              0x08001c39   Thumb Code     0  printfa.o(i.__0printf)
    printf                                   0x08001c39   Thumb Code     0  printfa.o(i.__0printf)
    __0vsprintf                              0x08001c59   Thumb Code    30  printfa.o(i.__0vsprintf)
    __1vsprintf                              0x08001c59   Thumb Code     0  printfa.o(i.__0vsprintf)
    __2vsprintf                              0x08001c59   Thumb Code     0  printfa.o(i.__0vsprintf)
    __c89vsprintf                            0x08001c59   Thumb Code     0  printfa.o(i.__0vsprintf)
    vsprintf                                 0x08001c59   Thumb Code     0  printfa.o(i.__0vsprintf)
    __ARM_fpclassifyf                        0x08001c7d   Thumb Code    38  fpclassifyf.o(i.__ARM_fpclassifyf)
    __aeabi_assert                           0x08001ca5   Thumb Code    98  retarget_io.o(i.__aeabi_assert)
    __hardfp_powf                            0x08001d35   Thumb Code  1606  powf.o(i.__hardfp_powf)
    __mathlib_powf                           0x08001d35   Thumb Code     0  powf.o(i.__hardfp_powf)
    __mathlib_flt_divzero                    0x08002399   Thumb Code    14  funder.o(i.__mathlib_flt_divzero)
    __mathlib_flt_infnan2                    0x080023ad   Thumb Code     6  funder.o(i.__mathlib_flt_infnan2)
    __mathlib_flt_invalid                    0x080023b5   Thumb Code    10  funder.o(i.__mathlib_flt_invalid)
    __mathlib_flt_overflow                   0x080023c5   Thumb Code    10  funder.o(i.__mathlib_flt_overflow)
    __mathlib_flt_underflow                  0x080023d5   Thumb Code    10  funder.o(i.__mathlib_flt_underflow)
    __scatterload_copy                       0x080023e5   Thumb Code    14  handlers.o(i.__scatterload_copy)
    __scatterload_null                       0x080023f3   Thumb Code     2  handlers.o(i.__scatterload_null)
    __scatterload_zeroinit                   0x080023f5   Thumb Code    14  handlers.o(i.__scatterload_zeroinit)
    __set_errno                              0x08002405   Thumb Code     6  errno.o(i.__set_errno)
    abort                                    0x08002ccd   Thumb Code     2  retarget_io.o(i.abort)
    aht10_get_data                           0x08002cd1   Thumb Code   310  aht10.o(i.aht10_get_data)
    eMBASCIIInit                             0x08002e71   Thumb Code    50  mbascii.o(i.eMBASCIIInit)
    eMBASCIIReceive                          0x08002ea9   Thumb Code    74  mbascii.o(i.eMBASCIIReceive)
    eMBASCIISend                             0x08002f39   Thumb Code    68  mbascii.o(i.eMBASCIISend)
    eMBASCIIStart                            0x08002f81   Thumb Code    24  mbascii.o(i.eMBASCIIStart)
    eMBASCIIStop                             0x08002f9d   Thumb Code    18  mbascii.o(i.eMBASCIIStop)
    eMBEnable                                0x08002fb1   Thumb Code    28  mb.o(i.eMBEnable)
    eMBFuncReadCoils                         0x08002fd1   Thumb Code   114  mbfunccoils.o(i.eMBFuncReadCoils)
    eMBFuncReadDiscreteInputs                0x08003043   Thumb Code   114  mbfuncdisc.o(i.eMBFuncReadDiscreteInputs)
    eMBFuncReadHoldingRegister               0x080030b5   Thumb Code    92  mbfuncholding.o(i.eMBFuncReadHoldingRegister)
    eMBFuncReadInputRegister                 0x08003111   Thumb Code    96  mbfuncinput.o(i.eMBFuncReadInputRegister)
    eMBFuncReadWriteMultipleHoldingRegister  0x08003171   Thumb Code   156  mbfuncholding.o(i.eMBFuncReadWriteMultipleHoldingRegister)
    eMBFuncReportSlaveID                     0x0800320d   Thumb Code    26  mbfuncother.o(i.eMBFuncReportSlaveID)
    eMBFuncWriteCoil                         0x08003231   Thumb Code    86  mbfunccoils.o(i.eMBFuncWriteCoil)
    eMBFuncWriteHoldingRegister              0x08003287   Thumb Code    46  mbfuncholding.o(i.eMBFuncWriteHoldingRegister)
    eMBFuncWriteMultipleCoils                0x080032b5   Thumb Code    98  mbfunccoils.o(i.eMBFuncWriteMultipleCoils)
    eMBFuncWriteMultipleHoldingRegister      0x08003317   Thumb Code    78  mbfuncholding.o(i.eMBFuncWriteMultipleHoldingRegister)
    eMBInit                                  0x08003365   Thumb Code   146  mb.o(i.eMBInit)
    eMBPoll                                  0x08003435   Thumb Code   166  mb.o(i.eMBPoll)
    eMBRTUInit                               0x080034e1   Thumb Code    58  mbrtu.o(i.eMBRTUInit)
    eMBRTUReceive                            0x08003521   Thumb Code    76  mbrtu.o(i.eMBRTUReceive)
    eMBRTUSend                               0x080035b1   Thumb Code    96  mbrtu.o(i.eMBRTUSend)
    eMBRTUStart                              0x08003619   Thumb Code    24  mbrtu.o(i.eMBRTUStart)
    eMBRTUStop                               0x08003635   Thumb Code    18  mbrtu.o(i.eMBRTUStop)
    eMBRegCoilsCB                            0x08003647   Thumb Code    40  mb_user.o(i.eMBRegCoilsCB)
    eMBRegDiscreteCB                         0x0800366f   Thumb Code     4  mb_user.o(i.eMBRegDiscreteCB)
    eMBRegHoldingCB                          0x08003675   Thumb Code   106  mb_user.o(i.eMBRegHoldingCB)
    eMBRegInputCB                            0x080036f5   Thumb Code    56  mb_user.o(i.eMBRegInputCB)
    fputc                                    0x08003731   Thumb Code    30  usart_1.o(i.fputc)
    fputs                                    0x08003755   Thumb Code    24  fputs.o(i.fputs)
    main                                     0x0800376d   Thumb Code   124  main.o(i.main)
    prveMBError2Exception                    0x08003851   Thumb Code    28  mbutils.o(i.prveMBError2Exception)
    sgp30_data_show_init                     0x0800390d   Thumb Code    52  sgp30.o(i.sgp30_data_show_init)
    usMBCRC16                                0x080039d1   Thumb Code    38  mbcrc.o(i.usMBCRC16)
    vMBPortSerialEnable                      0x080039fd   Thumb Code    64  portserial.o(i.vMBPortSerialEnable)
    vMBPortTimersDisable                     0x08003a41   Thumb Code    26  porttimer.o(i.vMBPortTimersDisable)
    vMBPortTimersEnable                      0x08003a61   Thumb Code    42  porttimer.o(i.vMBPortTimersEnable)
    vTaskSwitchContext                       0x08003a91   Thumb Code    92  tasks.o(i.vTaskSwitchContext)
    xMBASCIIReceiveFSM                       0x08003af5   Thumb Code   206  mbascii.o(i.xMBASCIIReceiveFSM)
    xMBASCIITimerT1SExpired                  0x08003bfd   Thumb Code    50  mbascii.o(i.xMBASCIITimerT1SExpired)
    xMBASCIITransmitFSM                      0x08003c51   Thumb Code   180  mbascii.o(i.xMBASCIITransmitFSM)
    xMBPortEventGet                          0x08003d3d   Thumb Code    24  portevent.o(i.xMBPortEventGet)
    xMBPortEventInit                         0x08003d59   Thumb Code    10  portevent.o(i.xMBPortEventInit)
    xMBPortEventPost                         0x08003d69   Thumb Code    12  portevent.o(i.xMBPortEventPost)
    xMBPortSerialGetByte                     0x08003d79   Thumb Code    16  portserial.o(i.xMBPortSerialGetByte)
    xMBPortSerialInit                        0x08003d8d   Thumb Code    12  portserial.o(i.xMBPortSerialInit)
    xMBPortSerialPutByte                     0x08003d99   Thumb Code    14  portserial.o(i.xMBPortSerialPutByte)
    xMBPortTimersInit                        0x08003dad   Thumb Code   112  porttimer.o(i.xMBPortTimersInit)
    xMBRTUReceiveFSM                         0x08003e2d   Thumb Code   118  mbrtu.o(i.xMBRTUReceiveFSM)
    xMBRTUTimerT35Expired                    0x08003edd   Thumb Code    78  mbrtu.o(i.xMBRTUTimerT35Expired)
    xMBRTUTransmitFSM                        0x08003f49   Thumb Code    94  mbrtu.o(i.xMBRTUTransmitFSM)
    xTaskIncrementTick                       0x08003fdd   Thumb Code   300  tasks.o(i.xTaskIncrementTick)
    Region$$Table$$Base                      0x080044f8   Number         0  anon$$obj.o(Region$$Table)
    Region$$Table$$Limit                     0x08004518   Number         0  anon$$obj.o(Region$$Table)
    SystemCoreClock                          0x20000000   Data           4  system_stm32f4xx.o(.data)
    AHBPrescTable                            0x20000004   Data          16  system_stm32f4xx.o(.data)
    uart5_rx_buf                             0x20000024   Data           1  uart_5.o(.data)
    uart5_rx_flag                            0x20000025   Data           1  uart_5.o(.data)
    data                                     0x20000028   Data           8  aht10.o(.data)
    g_init_flag                              0x20000030   Data           1  sgp30.o(.data)
    g_co2eq                                  0x20000034   Data           4  sgp30.o(.data)
    g_tvoc                                   0x20000038   Data           4  sgp30.o(.data)
    lux                                      0x2000003c   Data           4  bh1750.o(.data)
    bmp_config                               0x20000040   Data           5  bmp280.o(.data)
    t_fine                                   0x20000048   Data           4  bmp280.o(.data)
    usRegInputStart                          0x2000004c   Data           2  mb_user.o(.data)
    usRegHoldingStart                        0x2000004e   Data           2  mb_user.o(.data)
    usRegInputBuf                            0x20000050   Data          16  mb_user.o(.data)
    pxCurrentTCB                             0x20000060   Data           4  tasks.o(.data)
    pxMBFrameCBByteReceived                  0x200000c0   Data           4  mb.o(.data)
    pxMBFrameCBTransmitterEmpty              0x200000c4   Data           4  mb.o(.data)
    pxMBPortCBTimerExpired                   0x200000c8   Data           4  mb.o(.data)
    __stderr                                 0x20000170   Data           4  stderr.o(.data)
    __stdout                                 0x20000174   Data           4  stdout.o(.data)
    bmp280_data                              0x2000017c   Data          12  bmp280.o(.bss)
    bmp280_calib                             0x20000188   Data          24  bmp280.o(.bss)
    ucRTUBuf                                 0x20000288   Data         256  mbrtu.o(.bss)
    __initial_sp                             0x20000788   Data           0  startup_stm32f40_41xxx.o(STACK)



==============================================================================

Memory Map of the image

  Image Entry point : 0x08000189

  Load Region LR_IROM1 (Base: 0x08000000, Size: 0x00004694, Max: 0x00100000, ABSOLUTE, COMPRESSED[0x00004588])

    Execution Region ER_IROM1 (Exec base: 0x08000000, Load base: 0x08000000, Size: 0x00004518, Max: 0x00100000, ABSOLUTE)

    Exec Addr    Load Addr    Size         Type   Attr      Idx    E Section Name        Object

    0x08000000   0x08000000   0x00000188   Data   RO          147    RESET               startup_stm32f40_41xxx.o
    0x08000188   0x08000188   0x00000000   Code   RO         7951  * .ARM.Collect$$$$00000000  mc_w.l(entry.o)
    0x08000188   0x08000188   0x00000004   Code   RO         8247    .ARM.Collect$$$$00000001  mc_w.l(entry2.o)
    0x0800018c   0x0800018c   0x00000004   Code   RO         8250    .ARM.Collect$$$$00000004  mc_w.l(entry5.o)
    0x08000190   0x08000190   0x00000000   Code   RO         8252    .ARM.Collect$$$$00000008  mc_w.l(entry7b.o)
    0x08000190   0x08000190   0x00000000   Code   RO         8254    .ARM.Collect$$$$0000000A  mc_w.l(entry8b.o)
    0x08000190   0x08000190   0x00000008   Code   RO         8255    .ARM.Collect$$$$0000000B  mc_w.l(entry9a.o)
    0x08000198   0x08000198   0x00000000   Code   RO         8257    .ARM.Collect$$$$0000000D  mc_w.l(entry10a.o)
    0x08000198   0x08000198   0x00000000   Code   RO         8259    .ARM.Collect$$$$0000000F  mc_w.l(entry11a.o)
    0x08000198   0x08000198   0x00000004   Code   RO         8248    .ARM.Collect$$$$00002712  mc_w.l(entry2.o)
    0x0800019c   0x0800019c   0x000000be   Code   RO         7280    .emb_text           port.o
    0x0800025a   0x0800025a   0x00000002   PAD
    0x0800025c   0x0800025c   0x00000024   Code   RO          148    .text               startup_stm32f40_41xxx.o
    0x08000280   0x08000280   0x00000062   Code   RO         7959    .text               mc_w.l(ldiv.o)
    0x080002e2   0x080002e2   0x00000024   Code   RO         7961    .text               mc_w.l(memcpya.o)
    0x08000306   0x08000306   0x0000002c   Code   RO         8229    .text               mf_w.l(ffltl.o)
    0x08000332   0x08000332   0x0000002c   Code   RO         8262    .text               mc_w.l(uidiv.o)
    0x0800035e   0x0800035e   0x00000062   Code   RO         8264    .text               mc_w.l(uldiv.o)
    0x080003c0   0x080003c0   0x00000000   Code   RO         8273    .text               mc_w.l(iusefp.o)
    0x080003c0   0x080003c0   0x0000006e   Code   RO         8274    .text               mf_w.l(fepilogue.o)
    0x0800042e   0x0800042e   0x0000014e   Code   RO         8276    .text               mf_w.l(dadd.o)
    0x0800057c   0x0800057c   0x000000e4   Code   RO         8278    .text               mf_w.l(dmul.o)
    0x08000660   0x08000660   0x000000de   Code   RO         8280    .text               mf_w.l(ddiv.o)
    0x0800073e   0x0800073e   0x00000030   Code   RO         8282    .text               mf_w.l(dfixul.o)
    0x0800076e   0x0800076e   0x00000002   PAD
    0x08000770   0x08000770   0x00000030   Code   RO         8284    .text               mf_w.l(cdrcmple.o)
    0x080007a0   0x080007a0   0x00000004   Code   RO         8286    .text               mf_w.l(fpstat.o)
    0x080007a4   0x080007a4   0x00000024   Code   RO         8288    .text               mc_w.l(init.o)
    0x080007c8   0x080007c8   0x0000001e   Code   RO         8290    .text               mc_w.l(llshl.o)
    0x080007e6   0x080007e6   0x00000020   Code   RO         8292    .text               mc_w.l(llushr.o)
    0x08000806   0x08000806   0x00000024   Code   RO         8294    .text               mc_w.l(llsshr.o)
    0x0800082a   0x0800082a   0x000000ba   Code   RO         8296    .text               mf_w.l(depilogue.o)
    0x080008e4   0x080008e4   0x00000056   Code   RO         8306    .text               mc_w.l(__dczerorl2.o)
    0x0800093a   0x0800093a   0x00000012   Code   RO         5561    i.BH1750_Init       bh1750.o
    0x0800094c   0x0800094c   0x00000064   Code   RO         5562    i.BH1750_ReadLight  bh1750.o
    0x080009b0   0x080009b0   0x00000024   Code   RO         5563    i.BH1750_SendCmd    bh1750.o
    0x080009d4   0x080009d4   0x00000190   Code   RO         5654    i.BMP280_CompensatePress  bmp280.o
    0x08000b64   0x08000b64   0x00000050   Code   RO         5655    i.BMP280_CompensateTemp  bmp280.o
    0x08000bb4   0x08000bb4   0x000000d0   Code   RO         5656    i.BMP280_GetData    bmp280.o
    0x08000c84   0x08000c84   0x000000c0   Code   RO         5657    i.BMP280_Init       bmp280.o
    0x08000d44   0x08000d44   0x000000c4   Code   RO         5658    i.BMP280_ReadCalib  bmp280.o
    0x08000e08   0x08000e08   0x00000006   Code   RO         5659    i.BMP280_ReadID     bmp280.o
    0x08000e0e   0x08000e0e   0x00000030   Code   RO         5660    i.BMP280_ReadMultiReg  bmp280.o
    0x08000e3e   0x08000e3e   0x00000020   Code   RO         5661    i.BMP280_ReadReg    bmp280.o
    0x08000e5e   0x08000e5e   0x00000014   Code   RO         5662    i.BMP280_Reset      bmp280.o
    0x08000e72   0x08000e72   0x00000020   Code   RO         5663    i.BMP280_WriteReg   bmp280.o
    0x08000e92   0x08000e92   0x00000002   Code   RO         5866    i.BusFault_Handler  stm32f4xx_it.o
    0x08000e94   0x08000e94   0x00000002   Code   RO         5867    i.DebugMon_Handler  stm32f4xx_it.o
    0x08000e96   0x08000e96   0x00000002   PAD
    0x08000e98   0x08000e98   0x00000048   Code   RO         5926    i.Delay_Init        delay.o
    0x08000ee0   0x08000ee0   0x00000018   Code   RO         5927    i.Delay_ms          delay.o
    0x08000ef8   0x08000ef8   0x0000001e   Code   RO         5929    i.Delay_us          delay.o
    0x08000f16   0x08000f16   0x0000007c   Code   RO         2073    i.GPIO_Init         stm32f4xx_gpio.o
    0x08000f92   0x08000f92   0x00000020   Code   RO         2074    i.GPIO_PinAFConfig  stm32f4xx_gpio.o
    0x08000fb2   0x08000fb2   0x0000000e   Code   RO         2077    i.GPIO_ReadInputDataBit  stm32f4xx_gpio.o
    0x08000fc0   0x08000fc0   0x00000004   Code   RO         2081    i.GPIO_SetBits      stm32f4xx_gpio.o
    0x08000fc4   0x08000fc4   0x0000000e   Code   RO         2085    i.GPIO_WriteBit     stm32f4xx_gpio.o
    0x08000fd2   0x08000fd2   0x00000002   Code   RO         5868    i.HardFault_Handler  stm32f4xx_it.o
    0x08000fd4   0x08000fd4   0x0000003c   Code   RO         5309    i.IIC1_Init         iic_1.o
    0x08001010   0x08001010   0x00000002   Code   RO         5869    i.MemManage_Handler  stm32f4xx_it.o
    0x08001012   0x08001012   0x00000002   PAD
    0x08001014   0x08001014   0x0000001c   Code   RO         5310    i.MyIIC1_R_SDA      iic_1.o
    0x08001030   0x08001030   0x00000034   Code   RO         5311    i.MyIIC1_ReceiveByte  iic_1.o
    0x08001064   0x08001064   0x0000001e   Code   RO         5312    i.MyIIC1_Receive_Ack  iic_1.o
    0x08001082   0x08001082   0x00000028   Code   RO         5313    i.MyIIC1_SendByte   iic_1.o
    0x080010aa   0x080010aa   0x00000016   Code   RO         5314    i.MyIIC1_Send_Ack   iic_1.o
    0x080010c0   0x080010c0   0x0000001e   Code   RO         5315    i.MyIIC1_Start      iic_1.o
    0x080010de   0x080010de   0x00000018   Code   RO         5316    i.MyIIC1_Stop       iic_1.o
    0x080010f6   0x080010f6   0x00000002   PAD
    0x080010f8   0x080010f8   0x0000001c   Code   RO         5317    i.MyIIC1_W_SCL      iic_1.o
    0x08001114   0x08001114   0x0000001c   Code   RO         5318    i.MyIIC1_W_SDA      iic_1.o
    0x08001130   0x08001130   0x000000c8   Code   RO         5603    i.MySPI_Init        spi_1.o
    0x080011f8   0x080011f8   0x00000006   Code   RO         5604    i.MySPI_Start       spi_1.o
    0x080011fe   0x080011fe   0x00000006   Code   RO         5605    i.MySPI_Stop        spi_1.o
    0x08001204   0x08001204   0x00000034   Code   RO         5606    i.MySPI_SwapByte    spi_1.o
    0x08001238   0x08001238   0x00000010   Code   RO         5607    i.MySPI_W_SS        spi_1.o
    0x08001248   0x08001248   0x00000002   Code   RO         5870    i.NMI_Handler       stm32f4xx_it.o
    0x0800124a   0x0800124a   0x00000002   PAD
    0x0800124c   0x0800124c   0x00000068   Code   RO          155    i.NVIC_Init         misc.o
    0x080012b4   0x080012b4   0x00000014   Code   RO          156    i.NVIC_PriorityGroupConfig  misc.o
    0x080012c8   0x080012c8   0x0000001c   Code   RO         3014    i.RCC_AHB1PeriphClockCmd  stm32f4xx_rcc.o
    0x080012e4   0x080012e4   0x0000001c   Code   RO         3023    i.RCC_APB1PeriphClockCmd  stm32f4xx_rcc.o
    0x08001300   0x08001300   0x0000001c   Code   RO         3026    i.RCC_APB2PeriphClockCmd  stm32f4xx_rcc.o
    0x0800131c   0x0800131c   0x000000a0   Code   RO         3035    i.RCC_GetClocksFreq  stm32f4xx_rcc.o
    0x080013bc   0x080013bc   0x00000032   Code   RO         5492    i.SGP30_CRC8        sgp30.o
    0x080013ee   0x080013ee   0x00000020   Code   RO         5493    i.SGP30_Init        sgp30.o
    0x0800140e   0x0800140e   0x000000d0   Code   RO         5494    i.SGP30_MeasureIAQ  sgp30.o
    0x080014de   0x080014de   0x00000038   Code   RO         5495    i.SGP30_SendCmd     sgp30.o
    0x08001516   0x08001516   0x00000076   Code   RO         5496    i.SGP30_SetHumidity  sgp30.o
    0x0800158c   0x0800158c   0x00000018   Code   RO         4181    i.SPI_Cmd           stm32f4xx_spi.o
    0x080015a4   0x080015a4   0x0000000e   Code   RO         4189    i.SPI_I2S_GetFlagStatus  stm32f4xx_spi.o
    0x080015b2   0x080015b2   0x00000004   Code   RO         4192    i.SPI_I2S_ReceiveData  stm32f4xx_spi.o
    0x080015b6   0x080015b6   0x00000004   Code   RO         4193    i.SPI_I2S_SendData  stm32f4xx_spi.o
    0x080015ba   0x080015ba   0x00000038   Code   RO         4194    i.SPI_Init          stm32f4xx_spi.o
    0x080015f2   0x080015f2   0x00000002   PAD
    0x080015f4   0x080015f4   0x000000b8   Code   RO            4    i.SetSysClock       system_stm32f4xx.o
    0x080016ac   0x080016ac   0x0000002c   Code   RO         7281    i.SysTick_Handler   port.o
    0x080016d8   0x080016d8   0x0000005c   Code   RO            6    i.SystemInit        system_stm32f4xx.o
    0x08001734   0x08001734   0x00000028   Code   RO         7821    i.TIM4_IRQHandler   porttimer.o
    0x0800175c   0x0800175c   0x00000006   Code   RO         4420    i.TIM_ClearITPendingBit  stm32f4xx_tim.o
    0x08001762   0x08001762   0x00000018   Code   RO         4425    i.TIM_Cmd           stm32f4xx_tim.o
    0x0800177a   0x0800177a   0x00000004   Code   RO         4444    i.TIM_GetCounter    stm32f4xx_tim.o
    0x0800177e   0x0800177e   0x00000018   Code   RO         4446    i.TIM_GetITStatus   stm32f4xx_tim.o
    0x08001796   0x08001796   0x00000014   Code   RO         4450    i.TIM_ITConfig      stm32f4xx_tim.o
    0x080017aa   0x080017aa   0x00000004   Code   RO         4491    i.TIM_SetCounter    stm32f4xx_tim.o
    0x080017ae   0x080017ae   0x00000002   PAD
    0x080017b0   0x080017b0   0x0000007c   Code   RO         4497    i.TIM_TimeBaseInit  stm32f4xx_tim.o
    0x0800182c   0x0800182c   0x00000038   Code   RO         5242    i.UART5_IRQHandler  uart_5.o
    0x08001864   0x08001864   0x000000dc   Code   RO         5243    i.UART5_Init        uart_5.o
    0x08001940   0x08001940   0x0000001c   Code   RO         5244    i.UART5_Printf      uart_5.o
    0x0800195c   0x0800195c   0x00000024   Code   RO         5246    i.UART5_SendChar    uart_5.o
    0x08001980   0x08001980   0x00000014   Code   RO         5247    i.UART5_SendString  uart_5.o
    0x08001994   0x08001994   0x00000064   Code   RO         7753    i.USART1_IRQHandler  portserial.o
    0x080019f8   0x080019f8   0x000000ac   Code   RO         5744    i.USART1_Init       usart_1.o
    0x08001aa4   0x08001aa4   0x00000010   Code   RO         4979    i.USART_ClearITPendingBit  stm32f4xx_usart.o
    0x08001ab4   0x08001ab4   0x00000018   Code   RO         4982    i.USART_Cmd         stm32f4xx_usart.o
    0x08001acc   0x08001acc   0x0000000e   Code   RO         4985    i.USART_GetFlagStatus  stm32f4xx_usart.o
    0x08001ada   0x08001ada   0x00000040   Code   RO         4986    i.USART_GetITStatus  stm32f4xx_usart.o
    0x08001b1a   0x08001b1a   0x00000036   Code   RO         4988    i.USART_ITConfig    stm32f4xx_usart.o
    0x08001b50   0x08001b50   0x000000bc   Code   RO         4989    i.USART_Init        stm32f4xx_usart.o
    0x08001c0c   0x08001c0c   0x00000018   Code   RO         4995    i.USART_OverSampling8Cmd  stm32f4xx_usart.o
    0x08001c24   0x08001c24   0x00000008   Code   RO         4996    i.USART_ReceiveData  stm32f4xx_usart.o
    0x08001c2c   0x08001c2c   0x00000008   Code   RO         4999    i.USART_SendData    stm32f4xx_usart.o
    0x08001c34   0x08001c34   0x00000002   Code   RO         5871    i.UsageFault_Handler  stm32f4xx_it.o
    0x08001c36   0x08001c36   0x00000002   PAD
    0x08001c38   0x08001c38   0x00000020   Code   RO         8202    i.__0printf         mc_w.l(printfa.o)
    0x08001c58   0x08001c58   0x00000024   Code   RO         8208    i.__0vsprintf       mc_w.l(printfa.o)
    0x08001c7c   0x08001c7c   0x00000026   Code   RO         8231    i.__ARM_fpclassifyf  m_wm.l(fpclassifyf.o)
    0x08001ca2   0x08001ca2   0x00000002   PAD
    0x08001ca4   0x08001ca4   0x00000090   Code   RO         7869    i.__aeabi_assert    retarget_io.o
    0x08001d34   0x08001d34   0x00000664   Code   RO         7937    i.__hardfp_powf     m_wm.l(powf.o)
    0x08002398   0x08002398   0x00000014   Code   RO         8233    i.__mathlib_flt_divzero  m_wm.l(funder.o)
    0x080023ac   0x080023ac   0x00000006   Code   RO         8235    i.__mathlib_flt_infnan2  m_wm.l(funder.o)
    0x080023b2   0x080023b2   0x00000002   PAD
    0x080023b4   0x080023b4   0x00000010   Code   RO         8236    i.__mathlib_flt_invalid  m_wm.l(funder.o)
    0x080023c4   0x080023c4   0x00000010   Code   RO         8237    i.__mathlib_flt_overflow  m_wm.l(funder.o)
    0x080023d4   0x080023d4   0x00000010   Code   RO         8239    i.__mathlib_flt_underflow  m_wm.l(funder.o)
    0x080023e4   0x080023e4   0x0000000e   Code   RO         8300    i.__scatterload_copy  mc_w.l(handlers.o)
    0x080023f2   0x080023f2   0x00000002   Code   RO         8301    i.__scatterload_null  mc_w.l(handlers.o)
    0x080023f4   0x080023f4   0x0000000e   Code   RO         8302    i.__scatterload_zeroinit  mc_w.l(handlers.o)
    0x08002402   0x08002402   0x00000002   PAD
    0x08002404   0x08002404   0x0000000c   Code   RO         8268    i.__set_errno       mc_w.l(errno.o)
    0x08002410   0x08002410   0x00000184   Code   RO         8209    i._fp_digits        mc_w.l(printfa.o)
    0x08002594   0x08002594   0x000006dc   Code   RO         8210    i._printf_core      mc_w.l(printfa.o)
    0x08002c70   0x08002c70   0x00000024   Code   RO         8211    i._printf_post_padding  mc_w.l(printfa.o)
    0x08002c94   0x08002c94   0x0000002e   Code   RO         8212    i._printf_pre_padding  mc_w.l(printfa.o)
    0x08002cc2   0x08002cc2   0x0000000a   Code   RO         8214    i._sputc            mc_w.l(printfa.o)
    0x08002ccc   0x08002ccc   0x00000002   Code   RO         7871    i.abort             retarget_io.o
    0x08002cce   0x08002cce   0x00000002   PAD
    0x08002cd0   0x08002cd0   0x000001a0   Code   RO         5397    i.aht10_get_data    aht10.o
    0x08002e70   0x08002e70   0x00000038   Code   RO         7434    i.eMBASCIIInit      mbascii.o
    0x08002ea8   0x08002ea8   0x00000090   Code   RO         7435    i.eMBASCIIReceive   mbascii.o
    0x08002f38   0x08002f38   0x00000048   Code   RO         7436    i.eMBASCIISend      mbascii.o
    0x08002f80   0x08002f80   0x0000001c   Code   RO         7437    i.eMBASCIIStart     mbascii.o
    0x08002f9c   0x08002f9c   0x00000012   Code   RO         7438    i.eMBASCIIStop      mbascii.o
    0x08002fae   0x08002fae   0x00000002   PAD
    0x08002fb0   0x08002fb0   0x00000020   Code   RO         7362    i.eMBEnable         mb.o
    0x08002fd0   0x08002fd0   0x00000072   Code   RO         7528    i.eMBFuncReadCoils  mbfunccoils.o
    0x08003042   0x08003042   0x00000072   Code   RO         7557    i.eMBFuncReadDiscreteInputs  mbfuncdisc.o
    0x080030b4   0x080030b4   0x0000005c   Code   RO         7569    i.eMBFuncReadHoldingRegister  mbfuncholding.o
    0x08003110   0x08003110   0x00000060   Code   RO         7599    i.eMBFuncReadInputRegister  mbfuncinput.o
    0x08003170   0x08003170   0x0000009c   Code   RO         7570    i.eMBFuncReadWriteMultipleHoldingRegister  mbfuncholding.o
    0x0800320c   0x0800320c   0x00000024   Code   RO         7611    i.eMBFuncReportSlaveID  mbfuncother.o
    0x08003230   0x08003230   0x00000056   Code   RO         7529    i.eMBFuncWriteCoil  mbfunccoils.o
    0x08003286   0x08003286   0x0000002e   Code   RO         7571    i.eMBFuncWriteHoldingRegister  mbfuncholding.o
    0x080032b4   0x080032b4   0x00000062   Code   RO         7530    i.eMBFuncWriteMultipleCoils  mbfunccoils.o
    0x08003316   0x08003316   0x0000004e   Code   RO         7572    i.eMBFuncWriteMultipleHoldingRegister  mbfuncholding.o
    0x08003364   0x08003364   0x000000d0   Code   RO         7363    i.eMBInit           mb.o
    0x08003434   0x08003434   0x000000ac   Code   RO         7364    i.eMBPoll           mb.o
    0x080034e0   0x080034e0   0x00000040   Code   RO         7632    i.eMBRTUInit        mbrtu.o
    0x08003520   0x08003520   0x00000090   Code   RO         7633    i.eMBRTUReceive     mbrtu.o
    0x080035b0   0x080035b0   0x00000068   Code   RO         7634    i.eMBRTUSend        mbrtu.o
    0x08003618   0x08003618   0x0000001c   Code   RO         7635    i.eMBRTUStart       mbrtu.o
    0x08003634   0x08003634   0x00000012   Code   RO         7636    i.eMBRTUStop        mbrtu.o
    0x08003646   0x08003646   0x00000028   Code   RO         5971    i.eMBRegCoilsCB     mb_user.o
    0x0800366e   0x0800366e   0x00000004   Code   RO         5972    i.eMBRegDiscreteCB  mb_user.o
    0x08003672   0x08003672   0x00000002   PAD
    0x08003674   0x08003674   0x00000080   Code   RO         5973    i.eMBRegHoldingCB   mb_user.o
    0x080036f4   0x080036f4   0x0000003c   Code   RO         5974    i.eMBRegInputCB     mb_user.o
    0x08003730   0x08003730   0x00000024   Code   RO         5749    i.fputc             usart_1.o
    0x08003754   0x08003754   0x00000018   Code   RO         7954    i.fputs             mc_w.l(fputs.o)
    0x0800376c   0x0800376c   0x000000c4   Code   RO         5805    i.main              main.o
    0x08003830   0x08003830   0x00000020   Code   RO         6620    i.prvResetNextTaskUnblockTime  tasks.o
    0x08003850   0x08003850   0x0000001c   Code   RO         7700    i.prveMBError2Exception  mbutils.o
    0x0800386c   0x0800386c   0x00000044   Code   RO         7439    i.prvucMBBIN2CHAR   mbascii.o
    0x080038b0   0x080038b0   0x0000001e   Code   RO         7440    i.prvucMBCHAR2BIN   mbascii.o
    0x080038ce   0x080038ce   0x00000018   Code   RO         7441    i.prvucMBLRC        mbascii.o
    0x080038e6   0x080038e6   0x00000002   PAD
    0x080038e8   0x080038e8   0x0000000c   Code   RO         7822    i.prvvTIMERExpiredISR  porttimer.o
    0x080038f4   0x080038f4   0x0000000c   Code   RO         7754    i.prvvUARTRxISR     portserial.o
    0x08003900   0x08003900   0x0000000c   Code   RO         7755    i.prvvUARTTxReadyISR  portserial.o
    0x0800390c   0x0800390c   0x000000c4   Code   RO         5498    i.sgp30_data_show_init  sgp30.o
    0x080039d0   0x080039d0   0x0000002c   Code   RO         7514    i.usMBCRC16         mbcrc.o
    0x080039fc   0x080039fc   0x00000044   Code   RO         7756    i.vMBPortSerialEnable  portserial.o
    0x08003a40   0x08003a40   0x00000020   Code   RO         7823    i.vMBPortTimersDisable  porttimer.o
    0x08003a60   0x08003a60   0x00000030   Code   RO         7858    i.vMBPortTimersEnable  porttimer.o
    0x08003a90   0x08003a90   0x00000064   Code   RO         6654    i.vTaskSwitchContext  tasks.o
    0x08003af4   0x08003af4   0x00000108   Code   RO         7442    i.xMBASCIIReceiveFSM  mbascii.o
    0x08003bfc   0x08003bfc   0x00000054   Code   RO         7443    i.xMBASCIITimerT1SExpired  mbascii.o
    0x08003c50   0x08003c50   0x000000ec   Code   RO         7444    i.xMBASCIITransmitFSM  mbascii.o
    0x08003d3c   0x08003d3c   0x0000001c   Code   RO         7724    i.xMBPortEventGet   portevent.o
    0x08003d58   0x08003d58   0x00000010   Code   RO         7725    i.xMBPortEventInit  portevent.o
    0x08003d68   0x08003d68   0x00000010   Code   RO         7726    i.xMBPortEventPost  portevent.o
    0x08003d78   0x08003d78   0x00000014   Code   RO         7757    i.xMBPortSerialGetByte  portserial.o
    0x08003d8c   0x08003d8c   0x0000000c   Code   RO         7758    i.xMBPortSerialInit  portserial.o
    0x08003d98   0x08003d98   0x00000014   Code   RO         7759    i.xMBPortSerialPutByte  portserial.o
    0x08003dac   0x08003dac   0x00000080   Code   RO         7824    i.xMBPortTimersInit  porttimer.o
    0x08003e2c   0x08003e2c   0x000000b0   Code   RO         7637    i.xMBRTUReceiveFSM  mbrtu.o
    0x08003edc   0x08003edc   0x0000006c   Code   RO         7638    i.xMBRTUTimerT35Expired  mbrtu.o
    0x08003f48   0x08003f48   0x00000094   Code   RO         7639    i.xMBRTUTransmitFSM  mbrtu.o
    0x08003fdc   0x08003fdc   0x00000134   Code   RO         6668    i.xTaskIncrementTick  tasks.o
    0x08004110   0x08004110   0x00000200   Data   RO         7515    .constdata          mbcrc.o
    0x08004310   0x08004310   0x00000140   Data   RO         7940    .constdata          m_wm.l(powf.o)
    0x08004450   0x08004450   0x00000044   Data   RO         7445    .conststring        mbascii.o
    0x08004494   0x08004494   0x00000063   Data   RO         7641    .conststring        mbrtu.o
    0x080044f7   0x080044f7   0x00000001   PAD
    0x080044f8   0x080044f8   0x00000020   Data   RO         8298    Region$$Table       anon$$obj.o


    Execution Region RW_IRAM1 (Exec base: 0x20000000, Load base: 0x08004518, Size: 0x00000788, Max: 0x00020000, ABSOLUTE, COMPRESSED[0x00000070])

    Exec Addr    Load Addr    Size         Type   Attr      Idx    E Section Name        Object

    0x20000000   COMPRESSED   0x00000014   Data   RW            7    .data               system_stm32f4xx.o
    0x20000014   COMPRESSED   0x00000010   Data   RW         3067    .data               stm32f4xx_rcc.o
    0x20000024   COMPRESSED   0x00000002   Data   RW         5248    .data               uart_5.o
    0x20000026   COMPRESSED   0x00000002   PAD
    0x20000028   COMPRESSED   0x00000008   Data   RW         5400    .data               aht10.o
    0x20000030   COMPRESSED   0x0000000c   Data   RW         5499    .data               sgp30.o
    0x2000003c   COMPRESSED   0x00000004   Data   RW         5564    .data               bh1750.o
    0x20000040   COMPRESSED   0x00000005   Data   RW         5665    .data               bmp280.o
    0x20000045   COMPRESSED   0x00000003   PAD
    0x20000048   COMPRESSED   0x00000004   Data   RW         5666    .data               bmp280.o
    0x2000004c   COMPRESSED   0x00000014   Data   RW         5975    .data               mb_user.o
    0x20000060   COMPRESSED   0x00000040   Data   RW         6675    .data               tasks.o
    0x200000a0   COMPRESSED   0x000000ac   Data   RW         7366    .data               mb.o
    0x2000014c   COMPRESSED   0x00000010   Data   RW         7446    .data               mbascii.o
    0x2000015c   COMPRESSED   0x00000002   Data   RW         7614    .data               mbfuncother.o
    0x2000015e   COMPRESSED   0x00000002   PAD
    0x20000160   COMPRESSED   0x0000000c   Data   RW         7642    .data               mbrtu.o
    0x2000016c   COMPRESSED   0x00000002   Data   RW         7727    .data               portevent.o
    0x2000016e   COMPRESSED   0x00000002   Data   RW         7825    .data               porttimer.o
    0x20000170   COMPRESSED   0x00000004   Data   RW         7958    .data               mc_w.l(stderr.o)
    0x20000174   COMPRESSED   0x00000004   Data   RW         8261    .data               mc_w.l(stdout.o)
    0x20000178   COMPRESSED   0x00000004   Data   RW         8269    .data               mc_w.l(errno.o)
    0x2000017c        -       0x00000024   Zero   RW         5664    .bss                bmp280.o
    0x200001a0        -       0x000000c8   Zero   RW         6674    .bss                tasks.o
    0x20000268        -       0x00000020   Zero   RW         7613    .bss                mbfuncother.o
    0x20000288        -       0x00000100   Zero   RW         7640    .bss                mbrtu.o
    0x20000388        -       0x00000400   Zero   RW          145    STACK               startup_stm32f40_41xxx.o


==============================================================================

Image component sizes


      Code (inc. data)   RO Data    RW Data    ZI Data      Debug   Object Name

       416        106          0          8          0       4165   aht10.o
       154          8          0          4          0       1892   bh1750.o
      1214        134          0          9         36       8384   bmp280.o
         0          0          0          0          0       2480   croutine.o
       126          8          0          0          0       1579   delay.o
         0          0          0          0          0       6160   event_groups.o
       342         16          0          0          0       5308   iic_1.o
       196         72          0          0          0        547   main.o
       412         72          0        172          0       6764   mb.o
       232         34          0         20          0       4146   mb_user.o
      1024        268         68         16          0       9328   mbascii.o
        44          6        512          0          0       1308   mbcrc.o
       298          0          0          0          0       4090   mbfunccoils.o
       114          0          0          0          0       1788   mbfuncdisc.o
       372          0          0          0          0       5623   mbfuncholding.o
        96          0          0          0          0       1771   mbfuncinput.o
        36         10          0          2         32       1431   mbfuncother.o
       790        228         99         12        256       6467   mbrtu.o
        28          0          0          0          0        676   mbutils.o
       124         16          0          0          0       3299   misc.o
       234         22          0          0          0       3886   port.o
        60         14          0          2          0       2256   portevent.o
       244         32          0          0          0       5617   portserial.o
       260         40          0          2          0       2987   porttimer.o
       146         46          0          0          0       1313   retarget_io.o
       660        144          0         12          0       5070   sgp30.o
       280         20          0          0          0       2610   spi_1.o
        36          8        392          0       1024        824   startup_stm32f40_41xxx.o
         0          0          0          0          0      15364   stm32f4xx_dfsdm.o
       188          0          0          0          0      10682   stm32f4xx_gpio.o
        12          0          0          0          0       2725   stm32f4xx_it.o
       244         30          0         16          0       4903   stm32f4xx_rcc.o
       102          0          0          0          0      11730   stm32f4xx_spi.o
       206         28          0          0          0      24616   stm32f4xx_tim.o
       400          8          0          0          0      13000   stm32f4xx_usart.o
       276         34          0         20          0     301365   system_stm32f4xx.o
       440         20          0         64        200      13949   tasks.o
       360         26          0          2          0       5492   uart_5.o
       208         16          0          0          0       1314   usart_1.o

    ----------------------------------------------------------------------
     10398       1466       1104        368       1548     506909   Object Totals
         0          0         32          0          0          0   (incl. Generated)
        24          0          1          7          0          0   (incl. Padding)

    ----------------------------------------------------------------------

      Code (inc. data)   RO Data    RW Data    ZI Data      Debug   Library Member Name

        38          0          0          0          0        116   fpclassifyf.o
        74         24          0          0          0        580   funder.o
      1636        110        320          0          0        372   powf.o
        86          0          0          0          0          0   __dczerorl2.o
         0          0          0          0          0          0   entry.o
         0          0          0          0          0          0   entry10a.o
         0          0          0          0          0          0   entry11a.o
         8          4          0          0          0          0   entry2.o
         4          0          0          0          0          0   entry5.o
         0          0          0          0          0          0   entry7b.o
         0          0          0          0          0          0   entry8b.o
         8          4          0          0          0          0   entry9a.o
        12          6          0          4          0         68   errno.o
        24          0          0          0          0         80   fputs.o
        30          0          0          0          0          0   handlers.o
        36          8          0          0          0         68   init.o
         0          0          0          0          0          0   iusefp.o
        98          0          0          0          0         84   ldiv.o
        30          0          0          0          0         68   llshl.o
        36          0          0          0          0         68   llsshr.o
        32          0          0          0          0         68   llushr.o
        36          0          0          0          0         68   memcpya.o
      2304         96          0          0          0        600   printfa.o
         0          0          0          4          0          0   stderr.o
         0          0          0          4          0          0   stdout.o
        44          0          0          0          0         80   uidiv.o
        98          0          0          0          0         92   uldiv.o
        48          0          0          0          0         68   cdrcmple.o
       334          0          0          0          0        148   dadd.o
       222          0          0          0          0        100   ddiv.o
       186          0          0          0          0        176   depilogue.o
        48          0          0          0          0         68   dfixul.o
       228          0          0          0          0         96   dmul.o
       110          0          0          0          0        168   fepilogue.o
        44          0          0          0          0         92   ffltl.o
         4          0          0          0          0         68   fpstat.o

    ----------------------------------------------------------------------
      5866        252        320         12          0       3396   Library Totals
         8          0          0          0          0          0   (incl. Padding)

    ----------------------------------------------------------------------

      Code (inc. data)   RO Data    RW Data    ZI Data      Debug   Library Name

      1748        134        320          0          0       1068   m_wm.l
      2886        118          0         12          0       1344   mc_w.l
      1224          0          0          0          0        984   mf_w.l

    ----------------------------------------------------------------------
      5866        252        320         12          0       3396   Library Totals

    ----------------------------------------------------------------------

==============================================================================


      Code (inc. data)   RO Data    RW Data    ZI Data      Debug   

     16264       1718       1424        380       1548     494741   Grand Totals
     16264       1718       1424        112       1548     494741   ELF Image Totals (compressed)
     16264       1718       1424        112          0          0   ROM Totals

==============================================================================

    Total RO  Size (Code + RO Data)                17688 (  17.27kB)
    Total RW  Size (RW Data + ZI Data)              1928 (   1.88kB)
    Total ROM Size (Code + RO Data + RW Data)      17800 (  17.38kB)

==============================================================================

